<!doctype html public "-//w3c//dtd html 4.0 transitional//en">
<html><head>
<title>Static Call Graph - [.\Objects\BTL.axf]</title></head>
<body><HR>
<H1>Static Call Graph for image .\Objects\BTL.axf</H1><HR>
<BR><P>#&#060CALLGRAPH&#062# ARM Linker, 6140002: Last Updated: Sat Apr 18 18:45:46 2026
<BR><P>
<H3>Maximum Stack Usage =       1888 bytes + Unknown(Functions without stacksize, Cycles, Untraceable Function Pointers)</H3><H3>
Call chain for Maximum Stack Depth:</H3>
__rt_entry_main &rArr; main &rArr; APP_ESP32_StreamFiltered &rArr; f_mount &rArr; disk_initialize &rArr; SD_SPI_Init &rArr; SPI1_Init_SD &rArr; SPI_Init
<P>
<H3>
Functions with no stack information
</H3><UL>
 <LI><a href="#[4b]">__user_initial_stackheap</a>
</UL>
</UL>
<P>
<H3>
Mutually Recursive functions
</H3> <LI><a href="#[1]">NMI_Handler</a>&nbsp;&nbsp;&nbsp;&rArr;&nbsp;&nbsp;&nbsp;<a href="#[1]">NMI_Handler</a><BR>
 <LI><a href="#[2]">HardFault_Handler</a>&nbsp;&nbsp;&nbsp;&rArr;&nbsp;&nbsp;&nbsp;<a href="#[2]">HardFault_Handler</a><BR>
 <LI><a href="#[3]">MemManage_Handler</a>&nbsp;&nbsp;&nbsp;&rArr;&nbsp;&nbsp;&nbsp;<a href="#[3]">MemManage_Handler</a><BR>
 <LI><a href="#[4]">BusFault_Handler</a>&nbsp;&nbsp;&nbsp;&rArr;&nbsp;&nbsp;&nbsp;<a href="#[4]">BusFault_Handler</a><BR>
 <LI><a href="#[5]">UsageFault_Handler</a>&nbsp;&nbsp;&nbsp;&rArr;&nbsp;&nbsp;&nbsp;<a href="#[5]">UsageFault_Handler</a><BR>
 <LI><a href="#[6]">SVC_Handler</a>&nbsp;&nbsp;&nbsp;&rArr;&nbsp;&nbsp;&nbsp;<a href="#[6]">SVC_Handler</a><BR>
 <LI><a href="#[7]">DebugMon_Handler</a>&nbsp;&nbsp;&nbsp;&rArr;&nbsp;&nbsp;&nbsp;<a href="#[7]">DebugMon_Handler</a><BR>
 <LI><a href="#[8]">PendSV_Handler</a>&nbsp;&nbsp;&nbsp;&rArr;&nbsp;&nbsp;&nbsp;<a href="#[8]">PendSV_Handler</a><BR>
 <LI><a href="#[9]">SysTick_Handler</a>&nbsp;&nbsp;&nbsp;&rArr;&nbsp;&nbsp;&nbsp;<a href="#[9]">SysTick_Handler</a><BR>
 <LI><a href="#[1c]">ADC1_2_IRQHandler</a>&nbsp;&nbsp;&nbsp;&rArr;&nbsp;&nbsp;&nbsp;<a href="#[1c]">ADC1_2_IRQHandler</a><BR>
</UL>
<P>
<H3>
Function Pointers
</H3><UL>
 <LI><a href="#[1c]">ADC1_2_IRQHandler</a> from startup_stm32f10x_md.o(.text) referenced from startup_stm32f10x_md.o(RESET)
 <LI><a href="#[4]">BusFault_Handler</a> from startup_stm32f10x_md.o(.text) referenced from startup_stm32f10x_md.o(RESET)
 <LI><a href="#[1f]">CAN1_RX1_IRQHandler</a> from startup_stm32f10x_md.o(.text) referenced from startup_stm32f10x_md.o(RESET)
 <LI><a href="#[20]">CAN1_SCE_IRQHandler</a> from startup_stm32f10x_md.o(.text) referenced from startup_stm32f10x_md.o(RESET)
 <LI><a href="#[15]">DMA1_Channel1_IRQHandler</a> from ip_audio_capture.o(.text.DMA1_Channel1_IRQHandler) referenced from startup_stm32f10x_md.o(RESET)
 <LI><a href="#[16]">DMA1_Channel2_IRQHandler</a> from startup_stm32f10x_md.o(.text) referenced from startup_stm32f10x_md.o(RESET)
 <LI><a href="#[17]">DMA1_Channel3_IRQHandler</a> from startup_stm32f10x_md.o(.text) referenced from startup_stm32f10x_md.o(RESET)
 <LI><a href="#[18]">DMA1_Channel4_IRQHandler</a> from startup_stm32f10x_md.o(.text) referenced from startup_stm32f10x_md.o(RESET)
 <LI><a href="#[19]">DMA1_Channel5_IRQHandler</a> from startup_stm32f10x_md.o(.text) referenced from startup_stm32f10x_md.o(RESET)
 <LI><a href="#[1a]">DMA1_Channel6_IRQHandler</a> from startup_stm32f10x_md.o(.text) referenced from startup_stm32f10x_md.o(RESET)
 <LI><a href="#[1b]">DMA1_Channel7_IRQHandler</a> from startup_stm32f10x_md.o(.text) referenced from startup_stm32f10x_md.o(RESET)
 <LI><a href="#[7]">DebugMon_Handler</a> from startup_stm32f10x_md.o(.text) referenced from startup_stm32f10x_md.o(RESET)
 <LI><a href="#[10]">EXTI0_IRQHandler</a> from startup_stm32f10x_md.o(.text) referenced from startup_stm32f10x_md.o(RESET)
 <LI><a href="#[32]">EXTI15_10_IRQHandler</a> from startup_stm32f10x_md.o(.text) referenced from startup_stm32f10x_md.o(RESET)
 <LI><a href="#[11]">EXTI1_IRQHandler</a> from startup_stm32f10x_md.o(.text) referenced from startup_stm32f10x_md.o(RESET)
 <LI><a href="#[12]">EXTI2_IRQHandler</a> from startup_stm32f10x_md.o(.text) referenced from startup_stm32f10x_md.o(RESET)
 <LI><a href="#[13]">EXTI3_IRQHandler</a> from startup_stm32f10x_md.o(.text) referenced from startup_stm32f10x_md.o(RESET)
 <LI><a href="#[14]">EXTI4_IRQHandler</a> from startup_stm32f10x_md.o(.text) referenced from startup_stm32f10x_md.o(RESET)
 <LI><a href="#[21]">EXTI9_5_IRQHandler</a> from startup_stm32f10x_md.o(.text) referenced from startup_stm32f10x_md.o(RESET)
 <LI><a href="#[e]">FLASH_IRQHandler</a> from startup_stm32f10x_md.o(.text) referenced from startup_stm32f10x_md.o(RESET)
 <LI><a href="#[2]">HardFault_Handler</a> from startup_stm32f10x_md.o(.text) referenced from startup_stm32f10x_md.o(RESET)
 <LI><a href="#[2a]">I2C1_ER_IRQHandler</a> from startup_stm32f10x_md.o(.text) referenced from startup_stm32f10x_md.o(RESET)
 <LI><a href="#[29]">I2C1_EV_IRQHandler</a> from startup_stm32f10x_md.o(.text) referenced from startup_stm32f10x_md.o(RESET)
 <LI><a href="#[2c]">I2C2_ER_IRQHandler</a> from startup_stm32f10x_md.o(.text) referenced from startup_stm32f10x_md.o(RESET)
 <LI><a href="#[2b]">I2C2_EV_IRQHandler</a> from startup_stm32f10x_md.o(.text) referenced from startup_stm32f10x_md.o(RESET)
 <LI><a href="#[3]">MemManage_Handler</a> from startup_stm32f10x_md.o(.text) referenced from startup_stm32f10x_md.o(RESET)
 <LI><a href="#[1]">NMI_Handler</a> from startup_stm32f10x_md.o(.text) referenced from startup_stm32f10x_md.o(RESET)
 <LI><a href="#[b]">PVD_IRQHandler</a> from startup_stm32f10x_md.o(.text) referenced from startup_stm32f10x_md.o(RESET)
 <LI><a href="#[8]">PendSV_Handler</a> from startup_stm32f10x_md.o(.text) referenced from startup_stm32f10x_md.o(RESET)
 <LI><a href="#[f]">RCC_IRQHandler</a> from startup_stm32f10x_md.o(.text) referenced from startup_stm32f10x_md.o(RESET)
 <LI><a href="#[33]">RTCAlarm_IRQHandler</a> from startup_stm32f10x_md.o(.text) referenced from startup_stm32f10x_md.o(RESET)
 <LI><a href="#[d]">RTC_IRQHandler</a> from startup_stm32f10x_md.o(.text) referenced from startup_stm32f10x_md.o(RESET)
 <LI><a href="#[0]">Reset_Handler</a> from startup_stm32f10x_md.o(.text) referenced from startup_stm32f10x_md.o(RESET)
 <LI><a href="#[2d]">SPI1_IRQHandler</a> from startup_stm32f10x_md.o(.text) referenced from startup_stm32f10x_md.o(RESET)
 <LI><a href="#[2e]">SPI2_IRQHandler</a> from startup_stm32f10x_md.o(.text) referenced from startup_stm32f10x_md.o(RESET)
 <LI><a href="#[6]">SVC_Handler</a> from startup_stm32f10x_md.o(.text) referenced from startup_stm32f10x_md.o(RESET)
 <LI><a href="#[9]">SysTick_Handler</a> from startup_stm32f10x_md.o(.text) referenced from startup_stm32f10x_md.o(RESET)
 <LI><a href="#[35]">SystemInit</a> from system_stm32f10x.o(.text.SystemInit) referenced from startup_stm32f10x_md.o(.text)
 <LI><a href="#[c]">TAMPER_IRQHandler</a> from startup_stm32f10x_md.o(.text) referenced from startup_stm32f10x_md.o(RESET)
 <LI><a href="#[22]">TIM1_BRK_IRQHandler</a> from startup_stm32f10x_md.o(.text) referenced from startup_stm32f10x_md.o(RESET)
 <LI><a href="#[25]">TIM1_CC_IRQHandler</a> from startup_stm32f10x_md.o(.text) referenced from startup_stm32f10x_md.o(RESET)
 <LI><a href="#[24]">TIM1_TRG_COM_IRQHandler</a> from startup_stm32f10x_md.o(.text) referenced from startup_stm32f10x_md.o(RESET)
 <LI><a href="#[23]">TIM1_UP_IRQHandler</a> from startup_stm32f10x_md.o(.text) referenced from startup_stm32f10x_md.o(RESET)
 <LI><a href="#[26]">TIM2_IRQHandler</a> from startup_stm32f10x_md.o(.text) referenced from startup_stm32f10x_md.o(RESET)
 <LI><a href="#[27]">TIM3_IRQHandler</a> from startup_stm32f10x_md.o(.text) referenced from startup_stm32f10x_md.o(RESET)
 <LI><a href="#[28]">TIM4_IRQHandler</a> from startup_stm32f10x_md.o(.text) referenced from startup_stm32f10x_md.o(RESET)
 <LI><a href="#[2f]">USART1_IRQHandler</a> from startup_stm32f10x_md.o(.text) referenced from startup_stm32f10x_md.o(RESET)
 <LI><a href="#[30]">USART2_IRQHandler</a> from startup_stm32f10x_md.o(.text) referenced from startup_stm32f10x_md.o(RESET)
 <LI><a href="#[31]">USART3_IRQHandler</a> from startup_stm32f10x_md.o(.text) referenced from startup_stm32f10x_md.o(RESET)
 <LI><a href="#[34]">USBWakeUp_IRQHandler</a> from startup_stm32f10x_md.o(.text) referenced from startup_stm32f10x_md.o(RESET)
 <LI><a href="#[1d]">USB_HP_CAN1_TX_IRQHandler</a> from startup_stm32f10x_md.o(.text) referenced from startup_stm32f10x_md.o(RESET)
 <LI><a href="#[1e]">USB_LP_CAN1_RX0_IRQHandler</a> from startup_stm32f10x_md.o(.text) referenced from startup_stm32f10x_md.o(RESET)
 <LI><a href="#[5]">UsageFault_Handler</a> from startup_stm32f10x_md.o(.text) referenced from startup_stm32f10x_md.o(RESET)
 <LI><a href="#[a]">WWDG_IRQHandler</a> from startup_stm32f10x_md.o(.text) referenced from startup_stm32f10x_md.o(RESET)
 <LI><a href="#[36]">__main</a> from __main.o(!!!main) referenced from startup_stm32f10x_md.o(.text)
</UL>
<P>
<H3>
Global Symbols
</H3>
<P><STRONG><a name="[36]"></a>__main</STRONG> (Thumb, 8 bytes, Stack size 0 bytes, __main.o(!!!main))
<BR><BR>[Calls]<UL><LI><a href="#[37]">&gt;&gt;</a>&nbsp;&nbsp;&nbsp;__scatterload
<LI><a href="#[38]">&gt;&gt;</a>&nbsp;&nbsp;&nbsp;__rt_entry
</UL>
<BR>[Address Reference Count : 1]<UL><LI> startup_stm32f10x_md.o(.text)
</UL>
<P><STRONG><a name="[37]"></a>__scatterload</STRONG> (Thumb, 0 bytes, Stack size unknown bytes, __scatter.o(!!!scatter))
<BR><BR>[Called By]<UL><LI><a href="#[36]">&gt;&gt;</a>&nbsp;&nbsp;&nbsp;__main
</UL>

<P><STRONG><a name="[39]"></a>__scatterload_rt2</STRONG> (Thumb, 44 bytes, Stack size unknown bytes, __scatter.o(!!!scatter), UNUSED)
<BR><BR>[Calls]<UL><LI><a href="#[38]">&gt;&gt;</a>&nbsp;&nbsp;&nbsp;__rt_entry
</UL>

<P><STRONG><a name="[d8]"></a>__scatterload_rt2_thumb_only</STRONG> (Thumb, 0 bytes, Stack size unknown bytes, __scatter.o(!!!scatter), UNUSED)

<P><STRONG><a name="[d9]"></a>__scatterload_null</STRONG> (Thumb, 0 bytes, Stack size unknown bytes, __scatter.o(!!!scatter), UNUSED)

<P><STRONG><a name="[3a]"></a>__scatterload_copy</STRONG> (Thumb, 26 bytes, Stack size unknown bytes, __scatter_copy.o(!!handler_copy), UNUSED)
<BR><BR>[Calls]<UL><LI><a href="#[3a]">&gt;&gt;</a>&nbsp;&nbsp;&nbsp;__scatterload_copy
</UL>
<BR>[Called By]<UL><LI><a href="#[3a]">&gt;&gt;</a>&nbsp;&nbsp;&nbsp;__scatterload_copy
</UL>

<P><STRONG><a name="[da]"></a>__scatterload_zeroinit</STRONG> (Thumb, 28 bytes, Stack size unknown bytes, __scatter_zi.o(!!handler_zi), UNUSED)

<P><STRONG><a name="[3e]"></a>__rt_lib_init</STRONG> (Thumb, 0 bytes, Stack size unknown bytes, libinit.o(.ARM.Collect$$libinit$$00000000))
<BR><BR>[Called By]<UL><LI><a href="#[3d]">&gt;&gt;</a>&nbsp;&nbsp;&nbsp;__rt_entry_li
</UL>

<P><STRONG><a name="[db]"></a>__rt_lib_init_alloca_1</STRONG> (Thumb, 0 bytes, Stack size unknown bytes, libinit2.o(.ARM.Collect$$libinit$$0000002E))

<P><STRONG><a name="[dc]"></a>__rt_lib_init_argv_1</STRONG> (Thumb, 0 bytes, Stack size unknown bytes, libinit2.o(.ARM.Collect$$libinit$$0000002C))

<P><STRONG><a name="[dd]"></a>__rt_lib_init_atexit_1</STRONG> (Thumb, 0 bytes, Stack size unknown bytes, libinit2.o(.ARM.Collect$$libinit$$0000001B))

<P><STRONG><a name="[de]"></a>__rt_lib_init_clock_1</STRONG> (Thumb, 0 bytes, Stack size unknown bytes, libinit2.o(.ARM.Collect$$libinit$$00000021))

<P><STRONG><a name="[df]"></a>__rt_lib_init_cpp_1</STRONG> (Thumb, 0 bytes, Stack size unknown bytes, libinit2.o(.ARM.Collect$$libinit$$00000032))

<P><STRONG><a name="[e0]"></a>__rt_lib_init_exceptions_1</STRONG> (Thumb, 0 bytes, Stack size unknown bytes, libinit2.o(.ARM.Collect$$libinit$$00000030))

<P><STRONG><a name="[e1]"></a>__rt_lib_init_fp_1</STRONG> (Thumb, 0 bytes, Stack size unknown bytes, libinit2.o(.ARM.Collect$$libinit$$00000002))

<P><STRONG><a name="[e2]"></a>__rt_lib_init_fp_trap_1</STRONG> (Thumb, 0 bytes, Stack size unknown bytes, libinit2.o(.ARM.Collect$$libinit$$0000001F))

<P><STRONG><a name="[e3]"></a>__rt_lib_init_getenv_1</STRONG> (Thumb, 0 bytes, Stack size unknown bytes, libinit2.o(.ARM.Collect$$libinit$$00000023))

<P><STRONG><a name="[e4]"></a>__rt_lib_init_heap_1</STRONG> (Thumb, 0 bytes, Stack size unknown bytes, libinit2.o(.ARM.Collect$$libinit$$0000000A))

<P><STRONG><a name="[e5]"></a>__rt_lib_init_lc_collate_1</STRONG> (Thumb, 0 bytes, Stack size unknown bytes, libinit2.o(.ARM.Collect$$libinit$$00000011))

<P><STRONG><a name="[e6]"></a>__rt_lib_init_lc_ctype_1</STRONG> (Thumb, 0 bytes, Stack size unknown bytes, libinit2.o(.ARM.Collect$$libinit$$00000013))

<P><STRONG><a name="[e7]"></a>__rt_lib_init_lc_monetary_1</STRONG> (Thumb, 0 bytes, Stack size unknown bytes, libinit2.o(.ARM.Collect$$libinit$$00000015))

<P><STRONG><a name="[e8]"></a>__rt_lib_init_lc_numeric_1</STRONG> (Thumb, 0 bytes, Stack size unknown bytes, libinit2.o(.ARM.Collect$$libinit$$00000017))

<P><STRONG><a name="[e9]"></a>__rt_lib_init_lc_time_1</STRONG> (Thumb, 0 bytes, Stack size unknown bytes, libinit2.o(.ARM.Collect$$libinit$$00000019))

<P><STRONG><a name="[ea]"></a>__rt_lib_init_preinit_1</STRONG> (Thumb, 0 bytes, Stack size unknown bytes, libinit2.o(.ARM.Collect$$libinit$$00000004))

<P><STRONG><a name="[eb]"></a>__rt_lib_init_rand_1</STRONG> (Thumb, 0 bytes, Stack size unknown bytes, libinit2.o(.ARM.Collect$$libinit$$0000000E))

<P><STRONG><a name="[ec]"></a>__rt_lib_init_return</STRONG> (Thumb, 0 bytes, Stack size unknown bytes, libinit2.o(.ARM.Collect$$libinit$$00000033))

<P><STRONG><a name="[ed]"></a>__rt_lib_init_signal_1</STRONG> (Thumb, 0 bytes, Stack size unknown bytes, libinit2.o(.ARM.Collect$$libinit$$0000001D))

<P><STRONG><a name="[ee]"></a>__rt_lib_init_stdio_1</STRONG> (Thumb, 0 bytes, Stack size unknown bytes, libinit2.o(.ARM.Collect$$libinit$$00000025))

<P><STRONG><a name="[ef]"></a>__rt_lib_init_user_alloc_1</STRONG> (Thumb, 0 bytes, Stack size unknown bytes, libinit2.o(.ARM.Collect$$libinit$$0000000C))

<P><STRONG><a name="[43]"></a>__rt_lib_shutdown</STRONG> (Thumb, 0 bytes, Stack size unknown bytes, libshutdown.o(.ARM.Collect$$libshutdown$$00000000))
<BR><BR>[Called By]<UL><LI><a href="#[42]">&gt;&gt;</a>&nbsp;&nbsp;&nbsp;__rt_exit_ls
</UL>

<P><STRONG><a name="[f0]"></a>__rt_lib_shutdown_cpp_1</STRONG> (Thumb, 0 bytes, Stack size unknown bytes, libshutdown2.o(.ARM.Collect$$libshutdown$$00000002))

<P><STRONG><a name="[f1]"></a>__rt_lib_shutdown_fp_trap_1</STRONG> (Thumb, 0 bytes, Stack size unknown bytes, libshutdown2.o(.ARM.Collect$$libshutdown$$00000007))

<P><STRONG><a name="[f2]"></a>__rt_lib_shutdown_heap_1</STRONG> (Thumb, 0 bytes, Stack size unknown bytes, libshutdown2.o(.ARM.Collect$$libshutdown$$0000000F))

<P><STRONG><a name="[f3]"></a>__rt_lib_shutdown_return</STRONG> (Thumb, 0 bytes, Stack size unknown bytes, libshutdown2.o(.ARM.Collect$$libshutdown$$00000010))

<P><STRONG><a name="[f4]"></a>__rt_lib_shutdown_signal_1</STRONG> (Thumb, 0 bytes, Stack size unknown bytes, libshutdown2.o(.ARM.Collect$$libshutdown$$0000000A))

<P><STRONG><a name="[f5]"></a>__rt_lib_shutdown_stdio_1</STRONG> (Thumb, 0 bytes, Stack size unknown bytes, libshutdown2.o(.ARM.Collect$$libshutdown$$00000004))

<P><STRONG><a name="[f6]"></a>__rt_lib_shutdown_user_alloc_1</STRONG> (Thumb, 0 bytes, Stack size unknown bytes, libshutdown2.o(.ARM.Collect$$libshutdown$$0000000C))

<P><STRONG><a name="[38]"></a>__rt_entry</STRONG> (Thumb, 0 bytes, Stack size unknown bytes, __rtentry.o(.ARM.Collect$$rtentry$$00000000))
<BR><BR>[Called By]<UL><LI><a href="#[39]">&gt;&gt;</a>&nbsp;&nbsp;&nbsp;__scatterload_rt2
<LI><a href="#[36]">&gt;&gt;</a>&nbsp;&nbsp;&nbsp;__main
</UL>

<P><STRONG><a name="[f7]"></a>__rt_entry_presh_1</STRONG> (Thumb, 0 bytes, Stack size unknown bytes, __rtentry2.o(.ARM.Collect$$rtentry$$00000002))

<P><STRONG><a name="[3b]"></a>__rt_entry_sh</STRONG> (Thumb, 0 bytes, Stack size unknown bytes, __rtentry4.o(.ARM.Collect$$rtentry$$00000004))
<BR><BR>[Stack]<UL><LI>Max Depth = 8 + Unknown Stack Size
<LI>Call Chain = __rt_entry_sh &rArr; __user_setup_stackheap
</UL>
<BR>[Calls]<UL><LI><a href="#[3c]">&gt;&gt;</a>&nbsp;&nbsp;&nbsp;__user_setup_stackheap
</UL>

<P><STRONG><a name="[3d]"></a>__rt_entry_li</STRONG> (Thumb, 0 bytes, Stack size unknown bytes, __rtentry2.o(.ARM.Collect$$rtentry$$0000000A))
<BR><BR>[Calls]<UL><LI><a href="#[3e]">&gt;&gt;</a>&nbsp;&nbsp;&nbsp;__rt_lib_init
</UL>

<P><STRONG><a name="[f8]"></a>__rt_entry_postsh_1</STRONG> (Thumb, 0 bytes, Stack size unknown bytes, __rtentry2.o(.ARM.Collect$$rtentry$$00000009))

<P><STRONG><a name="[3f]"></a>__rt_entry_main</STRONG> (Thumb, 0 bytes, Stack size unknown bytes, __rtentry2.o(.ARM.Collect$$rtentry$$0000000D))
<BR><BR>[Stack]<UL><LI>Max Depth = 1888 + Unknown Stack Size
<LI>Call Chain = __rt_entry_main &rArr; main &rArr; APP_ESP32_StreamFiltered &rArr; f_mount &rArr; disk_initialize &rArr; SD_SPI_Init &rArr; SPI1_Init_SD &rArr; SPI_Init
</UL>
<BR>[Calls]<UL><LI><a href="#[40]">&gt;&gt;</a>&nbsp;&nbsp;&nbsp;main
<LI><a href="#[41]">&gt;&gt;</a>&nbsp;&nbsp;&nbsp;exit
</UL>

<P><STRONG><a name="[f9]"></a>__rt_entry_postli_1</STRONG> (Thumb, 0 bytes, Stack size unknown bytes, __rtentry2.o(.ARM.Collect$$rtentry$$0000000C))

<P><STRONG><a name="[4c]"></a>__rt_exit</STRONG> (Thumb, 0 bytes, Stack size unknown bytes, rtexit.o(.ARM.Collect$$rtexit$$00000000))
<BR><BR>[Called By]<UL><LI><a href="#[41]">&gt;&gt;</a>&nbsp;&nbsp;&nbsp;exit
</UL>

<P><STRONG><a name="[42]"></a>__rt_exit_ls</STRONG> (Thumb, 0 bytes, Stack size unknown bytes, rtexit2.o(.ARM.Collect$$rtexit$$00000003))
<BR><BR>[Calls]<UL><LI><a href="#[43]">&gt;&gt;</a>&nbsp;&nbsp;&nbsp;__rt_lib_shutdown
</UL>

<P><STRONG><a name="[fa]"></a>__rt_exit_prels_1</STRONG> (Thumb, 0 bytes, Stack size unknown bytes, rtexit2.o(.ARM.Collect$$rtexit$$00000002))

<P><STRONG><a name="[44]"></a>__rt_exit_exit</STRONG> (Thumb, 0 bytes, Stack size unknown bytes, rtexit2.o(.ARM.Collect$$rtexit$$00000004))
<BR><BR>[Calls]<UL><LI><a href="#[45]">&gt;&gt;</a>&nbsp;&nbsp;&nbsp;_sys_exit
</UL>

<P><STRONG><a name="[0]"></a>Reset_Handler</STRONG> (Thumb, 8 bytes, Stack size 0 bytes, startup_stm32f10x_md.o(.text))
<BR>[Address Reference Count : 1]<UL><LI> startup_stm32f10x_md.o(RESET)
</UL>
<P><STRONG><a name="[1]"></a>NMI_Handler</STRONG> (Thumb, 2 bytes, Stack size 0 bytes, startup_stm32f10x_md.o(.text))
<BR><BR>[Calls]<UL><LI><a href="#[1]">&gt;&gt;</a>&nbsp;&nbsp;&nbsp;NMI_Handler
</UL>
<BR>[Called By]<UL><LI><a href="#[1]">&gt;&gt;</a>&nbsp;&nbsp;&nbsp;NMI_Handler
</UL>
<BR>[Address Reference Count : 1]<UL><LI> startup_stm32f10x_md.o(RESET)
</UL>
<P><STRONG><a name="[2]"></a>HardFault_Handler</STRONG> (Thumb, 2 bytes, Stack size 0 bytes, startup_stm32f10x_md.o(.text))
<BR><BR>[Calls]<UL><LI><a href="#[2]">&gt;&gt;</a>&nbsp;&nbsp;&nbsp;HardFault_Handler
</UL>
<BR>[Called By]<UL><LI><a href="#[2]">&gt;&gt;</a>&nbsp;&nbsp;&nbsp;HardFault_Handler
</UL>
<BR>[Address Reference Count : 1]<UL><LI> startup_stm32f10x_md.o(RESET)
</UL>
<P><STRONG><a name="[3]"></a>MemManage_Handler</STRONG> (Thumb, 2 bytes, Stack size 0 bytes, startup_stm32f10x_md.o(.text))
<BR><BR>[Calls]<UL><LI><a href="#[3]">&gt;&gt;</a>&nbsp;&nbsp;&nbsp;MemManage_Handler
</UL>
<BR>[Called By]<UL><LI><a href="#[3]">&gt;&gt;</a>&nbsp;&nbsp;&nbsp;MemManage_Handler
</UL>
<BR>[Address Reference Count : 1]<UL><LI> startup_stm32f10x_md.o(RESET)
</UL>
<P><STRONG><a name="[4]"></a>BusFault_Handler</STRONG> (Thumb, 2 bytes, Stack size 0 bytes, startup_stm32f10x_md.o(.text))
<BR><BR>[Calls]<UL><LI><a href="#[4]">&gt;&gt;</a>&nbsp;&nbsp;&nbsp;BusFault_Handler
</UL>
<BR>[Called By]<UL><LI><a href="#[4]">&gt;&gt;</a>&nbsp;&nbsp;&nbsp;BusFault_Handler
</UL>
<BR>[Address Reference Count : 1]<UL><LI> startup_stm32f10x_md.o(RESET)
</UL>
<P><STRONG><a name="[5]"></a>UsageFault_Handler</STRONG> (Thumb, 2 bytes, Stack size 0 bytes, startup_stm32f10x_md.o(.text))
<BR><BR>[Calls]<UL><LI><a href="#[5]">&gt;&gt;</a>&nbsp;&nbsp;&nbsp;UsageFault_Handler
</UL>
<BR>[Called By]<UL><LI><a href="#[5]">&gt;&gt;</a>&nbsp;&nbsp;&nbsp;UsageFault_Handler
</UL>
<BR>[Address Reference Count : 1]<UL><LI> startup_stm32f10x_md.o(RESET)
</UL>
<P><STRONG><a name="[6]"></a>SVC_Handler</STRONG> (Thumb, 2 bytes, Stack size 0 bytes, startup_stm32f10x_md.o(.text))
<BR><BR>[Calls]<UL><LI><a href="#[6]">&gt;&gt;</a>&nbsp;&nbsp;&nbsp;SVC_Handler
</UL>
<BR>[Called By]<UL><LI><a href="#[6]">&gt;&gt;</a>&nbsp;&nbsp;&nbsp;SVC_Handler
</UL>
<BR>[Address Reference Count : 1]<UL><LI> startup_stm32f10x_md.o(RESET)
</UL>
<P><STRONG><a name="[7]"></a>DebugMon_Handler</STRONG> (Thumb, 2 bytes, Stack size 0 bytes, startup_stm32f10x_md.o(.text))
<BR><BR>[Calls]<UL><LI><a href="#[7]">&gt;&gt;</a>&nbsp;&nbsp;&nbsp;DebugMon_Handler
</UL>
<BR>[Called By]<UL><LI><a href="#[7]">&gt;&gt;</a>&nbsp;&nbsp;&nbsp;DebugMon_Handler
</UL>
<BR>[Address Reference Count : 1]<UL><LI> startup_stm32f10x_md.o(RESET)
</UL>
<P><STRONG><a name="[8]"></a>PendSV_Handler</STRONG> (Thumb, 2 bytes, Stack size 0 bytes, startup_stm32f10x_md.o(.text))
<BR><BR>[Calls]<UL><LI><a href="#[8]">&gt;&gt;</a>&nbsp;&nbsp;&nbsp;PendSV_Handler
</UL>
<BR>[Called By]<UL><LI><a href="#[8]">&gt;&gt;</a>&nbsp;&nbsp;&nbsp;PendSV_Handler
</UL>
<BR>[Address Reference Count : 1]<UL><LI> startup_stm32f10x_md.o(RESET)
</UL>
<P><STRONG><a name="[9]"></a>SysTick_Handler</STRONG> (Thumb, 2 bytes, Stack size 0 bytes, startup_stm32f10x_md.o(.text))
<BR><BR>[Calls]<UL><LI><a href="#[9]">&gt;&gt;</a>&nbsp;&nbsp;&nbsp;SysTick_Handler
</UL>
<BR>[Called By]<UL><LI><a href="#[9]">&gt;&gt;</a>&nbsp;&nbsp;&nbsp;SysTick_Handler
</UL>
<BR>[Address Reference Count : 1]<UL><LI> startup_stm32f10x_md.o(RESET)
</UL>
<P><STRONG><a name="[1c]"></a>ADC1_2_IRQHandler</STRONG> (Thumb, 0 bytes, Stack size 0 bytes, startup_stm32f10x_md.o(.text))
<BR><BR>[Calls]<UL><LI><a href="#[1c]">&gt;&gt;</a>&nbsp;&nbsp;&nbsp;ADC1_2_IRQHandler
</UL>
<BR>[Called By]<UL><LI><a href="#[1c]">&gt;&gt;</a>&nbsp;&nbsp;&nbsp;ADC1_2_IRQHandler
</UL>
<BR>[Address Reference Count : 1]<UL><LI> startup_stm32f10x_md.o(RESET)
</UL>
<P><STRONG><a name="[1f]"></a>CAN1_RX1_IRQHandler</STRONG> (Thumb, 0 bytes, Stack size 0 bytes, startup_stm32f10x_md.o(.text))
<BR>[Address Reference Count : 1]<UL><LI> startup_stm32f10x_md.o(RESET)
</UL>
<P><STRONG><a name="[20]"></a>CAN1_SCE_IRQHandler</STRONG> (Thumb, 0 bytes, Stack size 0 bytes, startup_stm32f10x_md.o(.text))
<BR>[Address Reference Count : 1]<UL><LI> startup_stm32f10x_md.o(RESET)
</UL>
<P><STRONG><a name="[16]"></a>DMA1_Channel2_IRQHandler</STRONG> (Thumb, 0 bytes, Stack size 0 bytes, startup_stm32f10x_md.o(.text))
<BR>[Address Reference Count : 1]<UL><LI> startup_stm32f10x_md.o(RESET)
</UL>
<P><STRONG><a name="[17]"></a>DMA1_Channel3_IRQHandler</STRONG> (Thumb, 0 bytes, Stack size 0 bytes, startup_stm32f10x_md.o(.text))
<BR>[Address Reference Count : 1]<UL><LI> startup_stm32f10x_md.o(RESET)
</UL>
<P><STRONG><a name="[18]"></a>DMA1_Channel4_IRQHandler</STRONG> (Thumb, 0 bytes, Stack size 0 bytes, startup_stm32f10x_md.o(.text))
<BR>[Address Reference Count : 1]<UL><LI> startup_stm32f10x_md.o(RESET)
</UL>
<P><STRONG><a name="[19]"></a>DMA1_Channel5_IRQHandler</STRONG> (Thumb, 0 bytes, Stack size 0 bytes, startup_stm32f10x_md.o(.text))
<BR>[Address Reference Count : 1]<UL><LI> startup_stm32f10x_md.o(RESET)
</UL>
<P><STRONG><a name="[1a]"></a>DMA1_Channel6_IRQHandler</STRONG> (Thumb, 0 bytes, Stack size 0 bytes, startup_stm32f10x_md.o(.text))
<BR>[Address Reference Count : 1]<UL><LI> startup_stm32f10x_md.o(RESET)
</UL>
<P><STRONG><a name="[1b]"></a>DMA1_Channel7_IRQHandler</STRONG> (Thumb, 0 bytes, Stack size 0 bytes, startup_stm32f10x_md.o(.text))
<BR>[Address Reference Count : 1]<UL><LI> startup_stm32f10x_md.o(RESET)
</UL>
<P><STRONG><a name="[10]"></a>EXTI0_IRQHandler</STRONG> (Thumb, 0 bytes, Stack size 0 bytes, startup_stm32f10x_md.o(.text))
<BR>[Address Reference Count : 1]<UL><LI> startup_stm32f10x_md.o(RESET)
</UL>
<P><STRONG><a name="[32]"></a>EXTI15_10_IRQHandler</STRONG> (Thumb, 0 bytes, Stack size 0 bytes, startup_stm32f10x_md.o(.text))
<BR>[Address Reference Count : 1]<UL><LI> startup_stm32f10x_md.o(RESET)
</UL>
<P><STRONG><a name="[11]"></a>EXTI1_IRQHandler</STRONG> (Thumb, 0 bytes, Stack size 0 bytes, startup_stm32f10x_md.o(.text))
<BR>[Address Reference Count : 1]<UL><LI> startup_stm32f10x_md.o(RESET)
</UL>
<P><STRONG><a name="[12]"></a>EXTI2_IRQHandler</STRONG> (Thumb, 0 bytes, Stack size 0 bytes, startup_stm32f10x_md.o(.text))
<BR>[Address Reference Count : 1]<UL><LI> startup_stm32f10x_md.o(RESET)
</UL>
<P><STRONG><a name="[13]"></a>EXTI3_IRQHandler</STRONG> (Thumb, 0 bytes, Stack size 0 bytes, startup_stm32f10x_md.o(.text))
<BR>[Address Reference Count : 1]<UL><LI> startup_stm32f10x_md.o(RESET)
</UL>
<P><STRONG><a name="[14]"></a>EXTI4_IRQHandler</STRONG> (Thumb, 0 bytes, Stack size 0 bytes, startup_stm32f10x_md.o(.text))
<BR>[Address Reference Count : 1]<UL><LI> startup_stm32f10x_md.o(RESET)
</UL>
<P><STRONG><a name="[21]"></a>EXTI9_5_IRQHandler</STRONG> (Thumb, 0 bytes, Stack size 0 bytes, startup_stm32f10x_md.o(.text))
<BR>[Address Reference Count : 1]<UL><LI> startup_stm32f10x_md.o(RESET)
</UL>
<P><STRONG><a name="[e]"></a>FLASH_IRQHandler</STRONG> (Thumb, 0 bytes, Stack size 0 bytes, startup_stm32f10x_md.o(.text))
<BR>[Address Reference Count : 1]<UL><LI> startup_stm32f10x_md.o(RESET)
</UL>
<P><STRONG><a name="[2a]"></a>I2C1_ER_IRQHandler</STRONG> (Thumb, 0 bytes, Stack size 0 bytes, startup_stm32f10x_md.o(.text))
<BR>[Address Reference Count : 1]<UL><LI> startup_stm32f10x_md.o(RESET)
</UL>
<P><STRONG><a name="[29]"></a>I2C1_EV_IRQHandler</STRONG> (Thumb, 0 bytes, Stack size 0 bytes, startup_stm32f10x_md.o(.text))
<BR>[Address Reference Count : 1]<UL><LI> startup_stm32f10x_md.o(RESET)
</UL>
<P><STRONG><a name="[2c]"></a>I2C2_ER_IRQHandler</STRONG> (Thumb, 0 bytes, Stack size 0 bytes, startup_stm32f10x_md.o(.text))
<BR>[Address Reference Count : 1]<UL><LI> startup_stm32f10x_md.o(RESET)
</UL>
<P><STRONG><a name="[2b]"></a>I2C2_EV_IRQHandler</STRONG> (Thumb, 0 bytes, Stack size 0 bytes, startup_stm32f10x_md.o(.text))
<BR>[Address Reference Count : 1]<UL><LI> startup_stm32f10x_md.o(RESET)
</UL>
<P><STRONG><a name="[b]"></a>PVD_IRQHandler</STRONG> (Thumb, 0 bytes, Stack size 0 bytes, startup_stm32f10x_md.o(.text))
<BR>[Address Reference Count : 1]<UL><LI> startup_stm32f10x_md.o(RESET)
</UL>
<P><STRONG><a name="[f]"></a>RCC_IRQHandler</STRONG> (Thumb, 0 bytes, Stack size 0 bytes, startup_stm32f10x_md.o(.text))
<BR>[Address Reference Count : 1]<UL><LI> startup_stm32f10x_md.o(RESET)
</UL>
<P><STRONG><a name="[33]"></a>RTCAlarm_IRQHandler</STRONG> (Thumb, 0 bytes, Stack size 0 bytes, startup_stm32f10x_md.o(.text))
<BR>[Address Reference Count : 1]<UL><LI> startup_stm32f10x_md.o(RESET)
</UL>
<P><STRONG><a name="[d]"></a>RTC_IRQHandler</STRONG> (Thumb, 0 bytes, Stack size 0 bytes, startup_stm32f10x_md.o(.text))
<BR>[Address Reference Count : 1]<UL><LI> startup_stm32f10x_md.o(RESET)
</UL>
<P><STRONG><a name="[2d]"></a>SPI1_IRQHandler</STRONG> (Thumb, 0 bytes, Stack size 0 bytes, startup_stm32f10x_md.o(.text))
<BR>[Address Reference Count : 1]<UL><LI> startup_stm32f10x_md.o(RESET)
</UL>
<P><STRONG><a name="[2e]"></a>SPI2_IRQHandler</STRONG> (Thumb, 0 bytes, Stack size 0 bytes, startup_stm32f10x_md.o(.text))
<BR>[Address Reference Count : 1]<UL><LI> startup_stm32f10x_md.o(RESET)
</UL>
<P><STRONG><a name="[c]"></a>TAMPER_IRQHandler</STRONG> (Thumb, 0 bytes, Stack size 0 bytes, startup_stm32f10x_md.o(.text))
<BR>[Address Reference Count : 1]<UL><LI> startup_stm32f10x_md.o(RESET)
</UL>
<P><STRONG><a name="[22]"></a>TIM1_BRK_IRQHandler</STRONG> (Thumb, 0 bytes, Stack size 0 bytes, startup_stm32f10x_md.o(.text))
<BR>[Address Reference Count : 1]<UL><LI> startup_stm32f10x_md.o(RESET)
</UL>
<P><STRONG><a name="[25]"></a>TIM1_CC_IRQHandler</STRONG> (Thumb, 0 bytes, Stack size 0 bytes, startup_stm32f10x_md.o(.text))
<BR>[Address Reference Count : 1]<UL><LI> startup_stm32f10x_md.o(RESET)
</UL>
<P><STRONG><a name="[24]"></a>TIM1_TRG_COM_IRQHandler</STRONG> (Thumb, 0 bytes, Stack size 0 bytes, startup_stm32f10x_md.o(.text))
<BR>[Address Reference Count : 1]<UL><LI> startup_stm32f10x_md.o(RESET)
</UL>
<P><STRONG><a name="[23]"></a>TIM1_UP_IRQHandler</STRONG> (Thumb, 0 bytes, Stack size 0 bytes, startup_stm32f10x_md.o(.text))
<BR>[Address Reference Count : 1]<UL><LI> startup_stm32f10x_md.o(RESET)
</UL>
<P><STRONG><a name="[26]"></a>TIM2_IRQHandler</STRONG> (Thumb, 0 bytes, Stack size 0 bytes, startup_stm32f10x_md.o(.text))
<BR>[Address Reference Count : 1]<UL><LI> startup_stm32f10x_md.o(RESET)
</UL>
<P><STRONG><a name="[27]"></a>TIM3_IRQHandler</STRONG> (Thumb, 0 bytes, Stack size 0 bytes, startup_stm32f10x_md.o(.text))
<BR>[Address Reference Count : 1]<UL><LI> startup_stm32f10x_md.o(RESET)
</UL>
<P><STRONG><a name="[28]"></a>TIM4_IRQHandler</STRONG> (Thumb, 0 bytes, Stack size 0 bytes, startup_stm32f10x_md.o(.text))
<BR>[Address Reference Count : 1]<UL><LI> startup_stm32f10x_md.o(RESET)
</UL>
<P><STRONG><a name="[2f]"></a>USART1_IRQHandler</STRONG> (Thumb, 0 bytes, Stack size 0 bytes, startup_stm32f10x_md.o(.text))
<BR>[Address Reference Count : 1]<UL><LI> startup_stm32f10x_md.o(RESET)
</UL>
<P><STRONG><a name="[30]"></a>USART2_IRQHandler</STRONG> (Thumb, 0 bytes, Stack size 0 bytes, startup_stm32f10x_md.o(.text))
<BR>[Address Reference Count : 1]<UL><LI> startup_stm32f10x_md.o(RESET)
</UL>
<P><STRONG><a name="[31]"></a>USART3_IRQHandler</STRONG> (Thumb, 0 bytes, Stack size 0 bytes, startup_stm32f10x_md.o(.text))
<BR>[Address Reference Count : 1]<UL><LI> startup_stm32f10x_md.o(RESET)
</UL>
<P><STRONG><a name="[34]"></a>USBWakeUp_IRQHandler</STRONG> (Thumb, 0 bytes, Stack size 0 bytes, startup_stm32f10x_md.o(.text))
<BR>[Address Reference Count : 1]<UL><LI> startup_stm32f10x_md.o(RESET)
</UL>
<P><STRONG><a name="[1d]"></a>USB_HP_CAN1_TX_IRQHandler</STRONG> (Thumb, 0 bytes, Stack size 0 bytes, startup_stm32f10x_md.o(.text))
<BR>[Address Reference Count : 1]<UL><LI> startup_stm32f10x_md.o(RESET)
</UL>
<P><STRONG><a name="[1e]"></a>USB_LP_CAN1_RX0_IRQHandler</STRONG> (Thumb, 0 bytes, Stack size 0 bytes, startup_stm32f10x_md.o(.text))
<BR>[Address Reference Count : 1]<UL><LI> startup_stm32f10x_md.o(RESET)
</UL>
<P><STRONG><a name="[a]"></a>WWDG_IRQHandler</STRONG> (Thumb, 0 bytes, Stack size 0 bytes, startup_stm32f10x_md.o(.text))
<BR>[Address Reference Count : 1]<UL><LI> startup_stm32f10x_md.o(RESET)
</UL>
<P><STRONG><a name="[4b]"></a>__user_initial_stackheap</STRONG> (Thumb, 0 bytes, Stack size unknown bytes, startup_stm32f10x_md.o(.text))
<BR><BR>[Called By]<UL><LI><a href="#[3c]">&gt;&gt;</a>&nbsp;&nbsp;&nbsp;__user_setup_stackheap
</UL>

<P><STRONG><a name="[d2]"></a>memcmp</STRONG> (Thumb, 88 bytes, Stack size 8 bytes, memcmp.o(.text))
<BR><BR>[Stack]<UL><LI>Max Depth = 8<LI>Call Chain = memcmp
</UL>
<BR>[Called By]<UL><LI><a href="#[52]">&gt;&gt;</a>&nbsp;&nbsp;&nbsp;f_open
<LI><a href="#[d3]">&gt;&gt;</a>&nbsp;&nbsp;&nbsp;locate_or_create_direntry
</UL>

<P><STRONG><a name="[d5]"></a>__aeabi_memcpy</STRONG> (Thumb, 0 bytes, Stack size 0 bytes, rt_memcpy_v6.o(.text))
<BR><BR>[Called By]<UL><LI><a href="#[54]">&gt;&gt;</a>&nbsp;&nbsp;&nbsp;f_read
<LI><a href="#[bf]">&gt;&gt;</a>&nbsp;&nbsp;&nbsp;f_write
</UL>

<P><STRONG><a name="[46]"></a>__rt_memcpy</STRONG> (Thumb, 138 bytes, Stack size 0 bytes, rt_memcpy_v6.o(.text), UNUSED)
<BR><BR>[Calls]<UL><LI><a href="#[47]">&gt;&gt;</a>&nbsp;&nbsp;&nbsp;__aeabi_memcpy4
</UL>

<P><STRONG><a name="[fb]"></a>_memcpy_lastbytes</STRONG> (Thumb, 0 bytes, Stack size unknown bytes, rt_memcpy_v6.o(.text), UNUSED)

<P><STRONG><a name="[82]"></a>__aeabi_memclr</STRONG> (Thumb, 0 bytes, Stack size 0 bytes, rt_memclr.o(.text))
<BR><BR>[Called By]<UL><LI><a href="#[59]">&gt;&gt;</a>&nbsp;&nbsp;&nbsp;FIR_Init
</UL>

<P><STRONG><a name="[48]"></a>__rt_memclr</STRONG> (Thumb, 68 bytes, Stack size 0 bytes, rt_memclr.o(.text), UNUSED)
<BR><BR>[Calls]<UL><LI><a href="#[49]">&gt;&gt;</a>&nbsp;&nbsp;&nbsp;_memset_w
</UL>

<P><STRONG><a name="[fc]"></a>_memset</STRONG> (Thumb, 0 bytes, Stack size unknown bytes, rt_memclr.o(.text), UNUSED)

<P><STRONG><a name="[a1]"></a>__aeabi_memclr4</STRONG> (Thumb, 0 bytes, Stack size 4 bytes, rt_memclr_w.o(.text))
<BR><BR>[Stack]<UL><LI>Max Depth = 4<LI>Call Chain = __aeabi_memclr4
</UL>
<BR>[Called By]<UL><LI><a href="#[52]">&gt;&gt;</a>&nbsp;&nbsp;&nbsp;f_open
<LI><a href="#[51]">&gt;&gt;</a>&nbsp;&nbsp;&nbsp;f_mount
<LI><a href="#[4e]">&gt;&gt;</a>&nbsp;&nbsp;&nbsp;OLED_Clear
<LI><a href="#[bf]">&gt;&gt;</a>&nbsp;&nbsp;&nbsp;f_write
</UL>

<P><STRONG><a name="[fd]"></a>__aeabi_memclr8</STRONG> (Thumb, 0 bytes, Stack size 4 bytes, rt_memclr_w.o(.text), UNUSED)

<P><STRONG><a name="[fe]"></a>__rt_memclr_w</STRONG> (Thumb, 78 bytes, Stack size 4 bytes, rt_memclr_w.o(.text), UNUSED)

<P><STRONG><a name="[49]"></a>_memset_w</STRONG> (Thumb, 0 bytes, Stack size unknown bytes, rt_memclr_w.o(.text), UNUSED)
<BR><BR>[Called By]<UL><LI><a href="#[48]">&gt;&gt;</a>&nbsp;&nbsp;&nbsp;__rt_memclr
</UL>

<P><STRONG><a name="[ff]"></a>__use_two_region_memory</STRONG> (Thumb, 2 bytes, Stack size 0 bytes, heapauxi.o(.text), UNUSED)

<P><STRONG><a name="[100]"></a>__rt_heap_escrow$2region</STRONG> (Thumb, 2 bytes, Stack size 0 bytes, heapauxi.o(.text), UNUSED)

<P><STRONG><a name="[101]"></a>__rt_heap_expand$2region</STRONG> (Thumb, 2 bytes, Stack size 0 bytes, heapauxi.o(.text), UNUSED)

<P><STRONG><a name="[47]"></a>__aeabi_memcpy4</STRONG> (Thumb, 0 bytes, Stack size 8 bytes, rt_memcpy_w.o(.text), UNUSED)
<BR><BR>[Called By]<UL><LI><a href="#[46]">&gt;&gt;</a>&nbsp;&nbsp;&nbsp;__rt_memcpy
</UL>

<P><STRONG><a name="[102]"></a>__aeabi_memcpy8</STRONG> (Thumb, 0 bytes, Stack size 8 bytes, rt_memcpy_w.o(.text), UNUSED)

<P><STRONG><a name="[103]"></a>__rt_memcpy_w</STRONG> (Thumb, 100 bytes, Stack size 8 bytes, rt_memcpy_w.o(.text), UNUSED)

<P><STRONG><a name="[104]"></a>_memcpy_lastbytes_aligned</STRONG> (Thumb, 0 bytes, Stack size unknown bytes, rt_memcpy_w.o(.text), UNUSED)

<P><STRONG><a name="[3c]"></a>__user_setup_stackheap</STRONG> (Thumb, 74 bytes, Stack size 8 bytes, sys_stackheap_outer.o(.text))
<BR><BR>[Stack]<UL><LI>Max Depth = 8 + Unknown Stack Size
<LI>Call Chain = __user_setup_stackheap
</UL>
<BR>[Calls]<UL><LI><a href="#[4a]">&gt;&gt;</a>&nbsp;&nbsp;&nbsp;__user_perproc_libspace
<LI><a href="#[4b]">&gt;&gt;</a>&nbsp;&nbsp;&nbsp;__user_initial_stackheap
</UL>
<BR>[Called By]<UL><LI><a href="#[3b]">&gt;&gt;</a>&nbsp;&nbsp;&nbsp;__rt_entry_sh
</UL>

<P><STRONG><a name="[41]"></a>exit</STRONG> (Thumb, 18 bytes, Stack size 8 bytes, exit.o(.text))
<BR><BR>[Stack]<UL><LI>Max Depth = 8 + Unknown Stack Size
<LI>Call Chain = exit
</UL>
<BR>[Calls]<UL><LI><a href="#[4c]">&gt;&gt;</a>&nbsp;&nbsp;&nbsp;__rt_exit
</UL>
<BR>[Called By]<UL><LI><a href="#[3f]">&gt;&gt;</a>&nbsp;&nbsp;&nbsp;__rt_entry_main
</UL>

<P><STRONG><a name="[105]"></a>__user_libspace</STRONG> (Thumb, 8 bytes, Stack size 0 bytes, libspace.o(.text), UNUSED)

<P><STRONG><a name="[4a]"></a>__user_perproc_libspace</STRONG> (Thumb, 0 bytes, Stack size 0 bytes, libspace.o(.text))
<BR><BR>[Called By]<UL><LI><a href="#[3c]">&gt;&gt;</a>&nbsp;&nbsp;&nbsp;__user_setup_stackheap
</UL>

<P><STRONG><a name="[106]"></a>__user_perthread_libspace</STRONG> (Thumb, 0 bytes, Stack size 0 bytes, libspace.o(.text), UNUSED)

<P><STRONG><a name="[45]"></a>_sys_exit</STRONG> (Thumb, 8 bytes, Stack size 0 bytes, sys_exit.o(.text))
<BR><BR>[Called By]<UL><LI><a href="#[44]">&gt;&gt;</a>&nbsp;&nbsp;&nbsp;__rt_exit_exit
</UL>

<P><STRONG><a name="[107]"></a>__I$use$semihosting</STRONG> (Thumb, 0 bytes, Stack size 0 bytes, use_no_semi.o(.text), UNUSED)

<P><STRONG><a name="[108]"></a>__use_no_semihosting_swi</STRONG> (Thumb, 2 bytes, Stack size 0 bytes, use_no_semi.o(.text), UNUSED)

<P><STRONG><a name="[109]"></a>__semihosting_library_function</STRONG> (Thumb, 0 bytes, Stack size unknown bytes, indicate_semi.o(.text), UNUSED)

<P><STRONG><a name="[68]"></a>ADC_Cmd</STRONG> (Thumb, 18 bytes, Stack size 0 bytes, stm32f10x_adc.o(.text.ADC_Cmd))
<BR><BR>[Called By]<UL><LI><a href="#[61]">&gt;&gt;</a>&nbsp;&nbsp;&nbsp;Audio_ADC_Init
</UL>

<P><STRONG><a name="[66]"></a>ADC_DMACmd</STRONG> (Thumb, 18 bytes, Stack size 0 bytes, stm32f10x_adc.o(.text.ADC_DMACmd))
<BR><BR>[Called By]<UL><LI><a href="#[61]">&gt;&gt;</a>&nbsp;&nbsp;&nbsp;Audio_ADC_Init
</UL>

<P><STRONG><a name="[67]"></a>ADC_ExternalTrigConvCmd</STRONG> (Thumb, 18 bytes, Stack size 0 bytes, stm32f10x_adc.o(.text.ADC_ExternalTrigConvCmd))
<BR><BR>[Called By]<UL><LI><a href="#[61]">&gt;&gt;</a>&nbsp;&nbsp;&nbsp;Audio_ADC_Init
</UL>

<P><STRONG><a name="[6c]"></a>ADC_GetCalibrationStatus</STRONG> (Thumb, 8 bytes, Stack size 0 bytes, stm32f10x_adc.o(.text.ADC_GetCalibrationStatus))
<BR><BR>[Called By]<UL><LI><a href="#[61]">&gt;&gt;</a>&nbsp;&nbsp;&nbsp;Audio_ADC_Init
</UL>

<P><STRONG><a name="[6a]"></a>ADC_GetResetCalibrationStatus</STRONG> (Thumb, 8 bytes, Stack size 0 bytes, stm32f10x_adc.o(.text.ADC_GetResetCalibrationStatus))
<BR><BR>[Called By]<UL><LI><a href="#[61]">&gt;&gt;</a>&nbsp;&nbsp;&nbsp;Audio_ADC_Init
</UL>

<P><STRONG><a name="[64]"></a>ADC_Init</STRONG> (Thumb, 84 bytes, Stack size 8 bytes, stm32f10x_adc.o(.text.ADC_Init))
<BR><BR>[Stack]<UL><LI>Max Depth = 8<LI>Call Chain = ADC_Init
</UL>
<BR>[Called By]<UL><LI><a href="#[61]">&gt;&gt;</a>&nbsp;&nbsp;&nbsp;Audio_ADC_Init
</UL>

<P><STRONG><a name="[65]"></a>ADC_RegularChannelConfig</STRONG> (Thumb, 98 bytes, Stack size 16 bytes, stm32f10x_adc.o(.text.ADC_RegularChannelConfig))
<BR><BR>[Stack]<UL><LI>Max Depth = 16<LI>Call Chain = ADC_RegularChannelConfig
</UL>
<BR>[Called By]<UL><LI><a href="#[61]">&gt;&gt;</a>&nbsp;&nbsp;&nbsp;Audio_ADC_Init
</UL>

<P><STRONG><a name="[69]"></a>ADC_ResetCalibration</STRONG> (Thumb, 10 bytes, Stack size 0 bytes, stm32f10x_adc.o(.text.ADC_ResetCalibration))
<BR><BR>[Called By]<UL><LI><a href="#[61]">&gt;&gt;</a>&nbsp;&nbsp;&nbsp;Audio_ADC_Init
</UL>

<P><STRONG><a name="[6b]"></a>ADC_StartCalibration</STRONG> (Thumb, 10 bytes, Stack size 0 bytes, stm32f10x_adc.o(.text.ADC_StartCalibration))
<BR><BR>[Called By]<UL><LI><a href="#[61]">&gt;&gt;</a>&nbsp;&nbsp;&nbsp;Audio_ADC_Init
</UL>

<P><STRONG><a name="[75]"></a>Audio_Init</STRONG> (Thumb, 62 bytes, Stack size 8 bytes, ip_audio_capture.o(.text.Audio_Init))
<BR><BR>[Stack]<UL><LI>Max Depth = 96<LI>Call Chain = Audio_Init &rArr; Audio_DMA_Init &rArr; DMA_Init
</UL>
<BR>[Calls]<UL><LI><a href="#[76]">&gt;&gt;</a>&nbsp;&nbsp;&nbsp;Audio_TIM_Init
<LI><a href="#[73]">&gt;&gt;</a>&nbsp;&nbsp;&nbsp;Audio_GPIO_Init
<LI><a href="#[6d]">&gt;&gt;</a>&nbsp;&nbsp;&nbsp;Audio_DMA_Init
<LI><a href="#[61]">&gt;&gt;</a>&nbsp;&nbsp;&nbsp;Audio_ADC_Init
</UL>
<BR>[Called By]<UL><LI><a href="#[40]">&gt;&gt;</a>&nbsp;&nbsp;&nbsp;main
</UL>

<P><STRONG><a name="[77]"></a>Audio_StartRecord</STRONG> (Thumb, 122 bytes, Stack size 16 bytes, ip_audio_capture.o(.text.Audio_StartRecord))
<BR><BR>[Stack]<UL><LI>Max Depth = 16<LI>Call Chain = Audio_StartRecord
</UL>
<BR>[Calls]<UL><LI><a href="#[7b]">&gt;&gt;</a>&nbsp;&nbsp;&nbsp;TIM_Cmd
<LI><a href="#[7a]">&gt;&gt;</a>&nbsp;&nbsp;&nbsp;DMA_Cmd
<LI><a href="#[78]">&gt;&gt;</a>&nbsp;&nbsp;&nbsp;DMA_ClearFlag
<LI><a href="#[79]">&gt;&gt;</a>&nbsp;&nbsp;&nbsp;NVIC_ClearPendingIRQ
</UL>
<BR>[Called By]<UL><LI><a href="#[40]">&gt;&gt;</a>&nbsp;&nbsp;&nbsp;main
</UL>

<P><STRONG><a name="[7c]"></a>Audio_StopRecord</STRONG> (Thumb, 42 bytes, Stack size 8 bytes, ip_audio_capture.o(.text.Audio_StopRecord))
<BR><BR>[Stack]<UL><LI>Max Depth = 8<LI>Call Chain = Audio_StopRecord
</UL>
<BR>[Calls]<UL><LI><a href="#[7b]">&gt;&gt;</a>&nbsp;&nbsp;&nbsp;TIM_Cmd
<LI><a href="#[7a]">&gt;&gt;</a>&nbsp;&nbsp;&nbsp;DMA_Cmd
</UL>
<BR>[Called By]<UL><LI><a href="#[15]">&gt;&gt;</a>&nbsp;&nbsp;&nbsp;DMA1_Channel1_IRQHandler
</UL>

<P><STRONG><a name="[15]"></a>DMA1_Channel1_IRQHandler</STRONG> (Thumb, 128 bytes, Stack size 16 bytes, ip_audio_capture.o(.text.DMA1_Channel1_IRQHandler))
<BR><BR>[Stack]<UL><LI>Max Depth = 24<LI>Call Chain = DMA1_Channel1_IRQHandler &rArr; Audio_StopRecord
</UL>
<BR>[Calls]<UL><LI><a href="#[80]">&gt;&gt;</a>&nbsp;&nbsp;&nbsp;DMA_GetITStatus
<LI><a href="#[81]">&gt;&gt;</a>&nbsp;&nbsp;&nbsp;DMA_ClearITPendingBit
<LI><a href="#[7c]">&gt;&gt;</a>&nbsp;&nbsp;&nbsp;Audio_StopRecord
</UL>
<BR>[Address Reference Count : 1]<UL><LI> startup_stm32f10x_md.o(RESET)
</UL>
<P><STRONG><a name="[78]"></a>DMA_ClearFlag</STRONG> (Thumb, 16 bytes, Stack size 0 bytes, stm32f10x_dma.o(.text.DMA_ClearFlag))
<BR><BR>[Called By]<UL><LI><a href="#[77]">&gt;&gt;</a>&nbsp;&nbsp;&nbsp;Audio_StartRecord
</UL>

<P><STRONG><a name="[81]"></a>DMA_ClearITPendingBit</STRONG> (Thumb, 16 bytes, Stack size 0 bytes, stm32f10x_dma.o(.text.DMA_ClearITPendingBit))
<BR><BR>[Called By]<UL><LI><a href="#[15]">&gt;&gt;</a>&nbsp;&nbsp;&nbsp;DMA1_Channel1_IRQHandler
</UL>

<P><STRONG><a name="[7a]"></a>DMA_Cmd</STRONG> (Thumb, 22 bytes, Stack size 0 bytes, stm32f10x_dma.o(.text.DMA_Cmd))
<BR><BR>[Called By]<UL><LI><a href="#[7c]">&gt;&gt;</a>&nbsp;&nbsp;&nbsp;Audio_StopRecord
<LI><a href="#[77]">&gt;&gt;</a>&nbsp;&nbsp;&nbsp;Audio_StartRecord
</UL>

<P><STRONG><a name="[6f]"></a>DMA_DeInit</STRONG> (Thumb, 268 bytes, Stack size 0 bytes, stm32f10x_dma.o(.text.DMA_DeInit))
<BR><BR>[Called By]<UL><LI><a href="#[6d]">&gt;&gt;</a>&nbsp;&nbsp;&nbsp;Audio_DMA_Init
</UL>

<P><STRONG><a name="[80]"></a>DMA_GetITStatus</STRONG> (Thumb, 22 bytes, Stack size 0 bytes, stm32f10x_dma.o(.text.DMA_GetITStatus))
<BR><BR>[Called By]<UL><LI><a href="#[15]">&gt;&gt;</a>&nbsp;&nbsp;&nbsp;DMA1_Channel1_IRQHandler
</UL>

<P><STRONG><a name="[71]"></a>DMA_ITConfig</STRONG> (Thumb, 16 bytes, Stack size 0 bytes, stm32f10x_dma.o(.text.DMA_ITConfig))
<BR><BR>[Called By]<UL><LI><a href="#[6d]">&gt;&gt;</a>&nbsp;&nbsp;&nbsp;Audio_DMA_Init
</UL>

<P><STRONG><a name="[70]"></a>DMA_Init</STRONG> (Thumb, 72 bytes, Stack size 32 bytes, stm32f10x_dma.o(.text.DMA_Init))
<BR><BR>[Stack]<UL><LI>Max Depth = 32<LI>Call Chain = DMA_Init
</UL>
<BR>[Called By]<UL><LI><a href="#[6d]">&gt;&gt;</a>&nbsp;&nbsp;&nbsp;Audio_DMA_Init
</UL>

<P><STRONG><a name="[59]"></a>FIR_Init</STRONG> (Thumb, 18 bytes, Stack size 8 bytes, mid_audio_filters.o(.text.FIR_Init))
<BR><BR>[Stack]<UL><LI>Max Depth = 8<LI>Call Chain = FIR_Init
</UL>
<BR>[Calls]<UL><LI><a href="#[82]">&gt;&gt;</a>&nbsp;&nbsp;&nbsp;__aeabi_memclr
</UL>
<BR>[Called By]<UL><LI><a href="#[58]">&gt;&gt;</a>&nbsp;&nbsp;&nbsp;APP_ESP32_StreamFiltered
</UL>

<P><STRONG><a name="[5b]"></a>FIR_Process</STRONG> (Thumb, 110 bytes, Stack size 8 bytes, mid_audio_filters.o(.text.FIR_Process))
<BR><BR>[Stack]<UL><LI>Max Depth = 8<LI>Call Chain = FIR_Process
</UL>
<BR>[Called By]<UL><LI><a href="#[58]">&gt;&gt;</a>&nbsp;&nbsp;&nbsp;APP_ESP32_StreamFiltered
</UL>

<P><STRONG><a name="[93]"></a>FLASH_PrefetchBufferCmd</STRONG> (Thumb, 24 bytes, Stack size 0 bytes, stm32f10x_flash.o(.text.FLASH_PrefetchBufferCmd))
<BR><BR>[Called By]<UL><LI><a href="#[8e]">&gt;&gt;</a>&nbsp;&nbsp;&nbsp;IP_SystemClock_Config
</UL>

<P><STRONG><a name="[92]"></a>FLASH_SetLatency</STRONG> (Thumb, 20 bytes, Stack size 0 bytes, stm32f10x_flash.o(.text.FLASH_SetLatency))
<BR><BR>[Called By]<UL><LI><a href="#[8e]">&gt;&gt;</a>&nbsp;&nbsp;&nbsp;IP_SystemClock_Config
</UL>

<P><STRONG><a name="[74]"></a>GPIO_Init</STRONG> (Thumb, 176 bytes, Stack size 24 bytes, stm32f10x_gpio.o(.text.GPIO_Init))
<BR><BR>[Stack]<UL><LI>Max Depth = 24<LI>Call Chain = GPIO_Init
</UL>
<BR>[Called By]<UL><LI><a href="#[85]">&gt;&gt;</a>&nbsp;&nbsp;&nbsp;I2C_OLED_Init
<LI><a href="#[b7]">&gt;&gt;</a>&nbsp;&nbsp;&nbsp;SPI1_Init_SD
<LI><a href="#[73]">&gt;&gt;</a>&nbsp;&nbsp;&nbsp;Audio_GPIO_Init
<LI><a href="#[9d]">&gt;&gt;</a>&nbsp;&nbsp;&nbsp;IP_USART1_Init
<LI><a href="#[88]">&gt;&gt;</a>&nbsp;&nbsp;&nbsp;IP_BTN_Init
</UL>

<P><STRONG><a name="[8a]"></a>GPIO_ReadInputDataBit</STRONG> (Thumb, 10 bytes, Stack size 0 bytes, stm32f10x_gpio.o(.text.GPIO_ReadInputDataBit))
<BR><BR>[Called By]<UL><LI><a href="#[89]">&gt;&gt;</a>&nbsp;&nbsp;&nbsp;IP_BTN_IsPressed
<LI><a href="#[8b]">&gt;&gt;</a>&nbsp;&nbsp;&nbsp;IP_BTN_WaitPressRelease
</UL>

<P><STRONG><a name="[b2]"></a>GPIO_ResetBits</STRONG> (Thumb, 4 bytes, Stack size 0 bytes, stm32f10x_gpio.o(.text.GPIO_ResetBits))
<BR><BR>[Called By]<UL><LI><a href="#[c1]">&gt;&gt;</a>&nbsp;&nbsp;&nbsp;SD_WriteBlock
<LI><a href="#[b6]">&gt;&gt;</a>&nbsp;&nbsp;&nbsp;SD_SPI_Init
<LI><a href="#[b1]">&gt;&gt;</a>&nbsp;&nbsp;&nbsp;SD_ReadBlock
</UL>

<P><STRONG><a name="[b5]"></a>GPIO_SetBits</STRONG> (Thumb, 4 bytes, Stack size 0 bytes, stm32f10x_gpio.o(.text.GPIO_SetBits))
<BR><BR>[Called By]<UL><LI><a href="#[c1]">&gt;&gt;</a>&nbsp;&nbsp;&nbsp;SD_WriteBlock
<LI><a href="#[b6]">&gt;&gt;</a>&nbsp;&nbsp;&nbsp;SD_SPI_Init
<LI><a href="#[b1]">&gt;&gt;</a>&nbsp;&nbsp;&nbsp;SD_ReadBlock
<LI><a href="#[b7]">&gt;&gt;</a>&nbsp;&nbsp;&nbsp;SPI1_Init_SD
</UL>

<P><STRONG><a name="[87]"></a>I2C_Cmd</STRONG> (Thumb, 18 bytes, Stack size 0 bytes, stm32f10x_i2c.o(.text.I2C_Cmd))
<BR><BR>[Called By]<UL><LI><a href="#[85]">&gt;&gt;</a>&nbsp;&nbsp;&nbsp;I2C_OLED_Init
</UL>

<P><STRONG><a name="[a8]"></a>I2C_GenerateSTART</STRONG> (Thumb, 18 bytes, Stack size 0 bytes, stm32f10x_i2c.o(.text.I2C_GenerateSTART))
<BR><BR>[Called By]<UL><LI><a href="#[b0]">&gt;&gt;</a>&nbsp;&nbsp;&nbsp;OLED_SendDataBurst
<LI><a href="#[a7]">&gt;&gt;</a>&nbsp;&nbsp;&nbsp;OLED_SendCommand
</UL>

<P><STRONG><a name="[af]"></a>I2C_GenerateSTOP</STRONG> (Thumb, 18 bytes, Stack size 0 bytes, stm32f10x_i2c.o(.text.I2C_GenerateSTOP))
<BR><BR>[Called By]<UL><LI><a href="#[b0]">&gt;&gt;</a>&nbsp;&nbsp;&nbsp;OLED_SendDataBurst
<LI><a href="#[a7]">&gt;&gt;</a>&nbsp;&nbsp;&nbsp;OLED_SendCommand
</UL>

<P><STRONG><a name="[83]"></a>I2C_Init</STRONG> (Thumb, 204 bytes, Stack size 40 bytes, stm32f10x_i2c.o(.text.I2C_Init))
<BR><BR>[Stack]<UL><LI>Max Depth = 48<LI>Call Chain = I2C_Init &rArr; RCC_GetClocksFreq
</UL>
<BR>[Calls]<UL><LI><a href="#[84]">&gt;&gt;</a>&nbsp;&nbsp;&nbsp;RCC_GetClocksFreq
</UL>
<BR>[Called By]<UL><LI><a href="#[85]">&gt;&gt;</a>&nbsp;&nbsp;&nbsp;I2C_OLED_Init
</UL>

<P><STRONG><a name="[aa]"></a>I2C_Send7bitAddress</STRONG> (Thumb, 16 bytes, Stack size 0 bytes, stm32f10x_i2c.o(.text.I2C_Send7bitAddress))
<BR><BR>[Called By]<UL><LI><a href="#[b0]">&gt;&gt;</a>&nbsp;&nbsp;&nbsp;OLED_SendDataBurst
<LI><a href="#[a7]">&gt;&gt;</a>&nbsp;&nbsp;&nbsp;OLED_SendCommand
</UL>

<P><STRONG><a name="[ad]"></a>I2C_SendData</STRONG> (Thumb, 4 bytes, Stack size 0 bytes, stm32f10x_i2c.o(.text.I2C_SendData))
<BR><BR>[Called By]<UL><LI><a href="#[b0]">&gt;&gt;</a>&nbsp;&nbsp;&nbsp;OLED_SendDataBurst
<LI><a href="#[a7]">&gt;&gt;</a>&nbsp;&nbsp;&nbsp;OLED_SendCommand
</UL>

<P><STRONG><a name="[5a]"></a>IIR_Init</STRONG> (Thumb, 8 bytes, Stack size 0 bytes, mid_audio_filters.o(.text.IIR_Init))
<BR><BR>[Called By]<UL><LI><a href="#[58]">&gt;&gt;</a>&nbsp;&nbsp;&nbsp;APP_ESP32_StreamFiltered
</UL>

<P><STRONG><a name="[5c]"></a>IIR_Process</STRONG> (Thumb, 98 bytes, Stack size 16 bytes, mid_audio_filters.o(.text.IIR_Process))
<BR><BR>[Stack]<UL><LI>Max Depth = 16<LI>Call Chain = IIR_Process
</UL>
<BR>[Called By]<UL><LI><a href="#[58]">&gt;&gt;</a>&nbsp;&nbsp;&nbsp;APP_ESP32_StreamFiltered
</UL>

<P><STRONG><a name="[88]"></a>IP_BTN_Init</STRONG> (Thumb, 38 bytes, Stack size 16 bytes, ip_gpio_btn.o(.text.IP_BTN_Init))
<BR><BR>[Stack]<UL><LI>Max Depth = 40<LI>Call Chain = IP_BTN_Init &rArr; GPIO_Init
</UL>
<BR>[Calls]<UL><LI><a href="#[62]">&gt;&gt;</a>&nbsp;&nbsp;&nbsp;RCC_APB2PeriphClockCmd
<LI><a href="#[74]">&gt;&gt;</a>&nbsp;&nbsp;&nbsp;GPIO_Init
</UL>
<BR>[Called By]<UL><LI><a href="#[40]">&gt;&gt;</a>&nbsp;&nbsp;&nbsp;main
</UL>

<P><STRONG><a name="[89]"></a>IP_BTN_IsPressed</STRONG> (Thumb, 44 bytes, Stack size 8 bytes, ip_gpio_btn.o(.text.IP_BTN_IsPressed))
<BR><BR>[Stack]<UL><LI>Max Depth = 24<LI>Call Chain = IP_BTN_IsPressed &rArr; IP_Delay_ms
</UL>
<BR>[Calls]<UL><LI><a href="#[8a]">&gt;&gt;</a>&nbsp;&nbsp;&nbsp;GPIO_ReadInputDataBit
<LI><a href="#[60]">&gt;&gt;</a>&nbsp;&nbsp;&nbsp;IP_Delay_ms
</UL>
<BR>[Called By]<UL><LI><a href="#[8b]">&gt;&gt;</a>&nbsp;&nbsp;&nbsp;IP_BTN_WaitPressRelease
</UL>

<P><STRONG><a name="[8b]"></a>IP_BTN_WaitPressRelease</STRONG> (Thumb, 60 bytes, Stack size 8 bytes, ip_gpio_btn.o(.text.IP_BTN_WaitPressRelease))
<BR><BR>[Stack]<UL><LI>Max Depth = 32<LI>Call Chain = IP_BTN_WaitPressRelease &rArr; IP_BTN_IsPressed &rArr; IP_Delay_ms
</UL>
<BR>[Calls]<UL><LI><a href="#[89]">&gt;&gt;</a>&nbsp;&nbsp;&nbsp;IP_BTN_IsPressed
<LI><a href="#[8a]">&gt;&gt;</a>&nbsp;&nbsp;&nbsp;GPIO_ReadInputDataBit
<LI><a href="#[8c]">&gt;&gt;</a>&nbsp;&nbsp;&nbsp;__NOP
<LI><a href="#[60]">&gt;&gt;</a>&nbsp;&nbsp;&nbsp;IP_Delay_ms
</UL>
<BR>[Called By]<UL><LI><a href="#[40]">&gt;&gt;</a>&nbsp;&nbsp;&nbsp;main
</UL>

<P><STRONG><a name="[60]"></a>IP_Delay_ms</STRONG> (Thumb, 38 bytes, Stack size 16 bytes, ip_sysclk.o(.text.IP_Delay_ms))
<BR><BR>[Stack]<UL><LI>Max Depth = 16<LI>Call Chain = IP_Delay_ms
</UL>
<BR>[Calls]<UL><LI><a href="#[8d]">&gt;&gt;</a>&nbsp;&nbsp;&nbsp;__NOP
</UL>
<BR>[Called By]<UL><LI><a href="#[89]">&gt;&gt;</a>&nbsp;&nbsp;&nbsp;IP_BTN_IsPressed
<LI><a href="#[40]">&gt;&gt;</a>&nbsp;&nbsp;&nbsp;main
<LI><a href="#[8b]">&gt;&gt;</a>&nbsp;&nbsp;&nbsp;IP_BTN_WaitPressRelease
<LI><a href="#[5f]">&gt;&gt;</a>&nbsp;&nbsp;&nbsp;APP_WaitWithCountdown
</UL>

<P><STRONG><a name="[8e]"></a>IP_SystemClock_Config</STRONG> (Thumb, 106 bytes, Stack size 8 bytes, ip_sysclk.o(.text.IP_SystemClock_Config))
<BR><BR>[Stack]<UL><LI>Max Depth = 24<LI>Call Chain = IP_SystemClock_Config &rArr; RCC_WaitForHSEStartUp
</UL>
<BR>[Calls]<UL><LI><a href="#[9c]">&gt;&gt;</a>&nbsp;&nbsp;&nbsp;SystemCoreClockUpdate
<LI><a href="#[91]">&gt;&gt;</a>&nbsp;&nbsp;&nbsp;RCC_WaitForHSEStartUp
<LI><a href="#[9a]">&gt;&gt;</a>&nbsp;&nbsp;&nbsp;RCC_SYSCLKConfig
<LI><a href="#[97]">&gt;&gt;</a>&nbsp;&nbsp;&nbsp;RCC_PLLConfig
<LI><a href="#[98]">&gt;&gt;</a>&nbsp;&nbsp;&nbsp;RCC_PLLCmd
<LI><a href="#[95]">&gt;&gt;</a>&nbsp;&nbsp;&nbsp;RCC_PCLK2Config
<LI><a href="#[96]">&gt;&gt;</a>&nbsp;&nbsp;&nbsp;RCC_PCLK1Config
<LI><a href="#[90]">&gt;&gt;</a>&nbsp;&nbsp;&nbsp;RCC_HSEConfig
<LI><a href="#[94]">&gt;&gt;</a>&nbsp;&nbsp;&nbsp;RCC_HCLKConfig
<LI><a href="#[9b]">&gt;&gt;</a>&nbsp;&nbsp;&nbsp;RCC_GetSYSCLKSource
<LI><a href="#[99]">&gt;&gt;</a>&nbsp;&nbsp;&nbsp;RCC_GetFlagStatus
<LI><a href="#[8f]">&gt;&gt;</a>&nbsp;&nbsp;&nbsp;RCC_DeInit
<LI><a href="#[92]">&gt;&gt;</a>&nbsp;&nbsp;&nbsp;FLASH_SetLatency
<LI><a href="#[93]">&gt;&gt;</a>&nbsp;&nbsp;&nbsp;FLASH_PrefetchBufferCmd
</UL>
<BR>[Called By]<UL><LI><a href="#[40]">&gt;&gt;</a>&nbsp;&nbsp;&nbsp;main
</UL>

<P><STRONG><a name="[9d]"></a>IP_USART1_Init</STRONG> (Thumb, 106 bytes, Stack size 40 bytes, ip_usart1.o(.text.IP_USART1_Init))
<BR><BR>[Stack]<UL><LI>Max Depth = 88<LI>Call Chain = IP_USART1_Init &rArr; USART_Init &rArr; RCC_GetClocksFreq
</UL>
<BR>[Calls]<UL><LI><a href="#[9e]">&gt;&gt;</a>&nbsp;&nbsp;&nbsp;USART_Init
<LI><a href="#[9f]">&gt;&gt;</a>&nbsp;&nbsp;&nbsp;USART_Cmd
<LI><a href="#[62]">&gt;&gt;</a>&nbsp;&nbsp;&nbsp;RCC_APB2PeriphClockCmd
<LI><a href="#[74]">&gt;&gt;</a>&nbsp;&nbsp;&nbsp;GPIO_Init
</UL>
<BR>[Called By]<UL><LI><a href="#[40]">&gt;&gt;</a>&nbsp;&nbsp;&nbsp;main
</UL>

<P><STRONG><a name="[55]"></a>IP_USART1_SendBuf</STRONG> (Thumb, 26 bytes, Stack size 16 bytes, ip_usart1.o(.text.IP_USART1_SendBuf))
<BR><BR>[Stack]<UL><LI>Max Depth = 16<LI>Call Chain = IP_USART1_SendBuf
</UL>
<BR>[Calls]<UL><LI><a href="#[a0]">&gt;&gt;</a>&nbsp;&nbsp;&nbsp;IP_USART1_SendByte
</UL>
<BR>[Called By]<UL><LI><a href="#[53]">&gt;&gt;</a>&nbsp;&nbsp;&nbsp;APP_UART_SendFrameHeader
<LI><a href="#[58]">&gt;&gt;</a>&nbsp;&nbsp;&nbsp;APP_ESP32_StreamFiltered
<LI><a href="#[4d]">&gt;&gt;</a>&nbsp;&nbsp;&nbsp;APP_ESP32_SendWAV_Raw
</UL>

<P><STRONG><a name="[a0]"></a>IP_USART1_SendByte</STRONG> (Thumb, 18 bytes, Stack size 0 bytes, ip_usart1.o(.text.IP_USART1_SendByte))
<BR><BR>[Called By]<UL><LI><a href="#[55]">&gt;&gt;</a>&nbsp;&nbsp;&nbsp;IP_USART1_SendBuf
</UL>

<P><STRONG><a name="[56]"></a>IP_USART1_WaitTC</STRONG> (Thumb, 16 bytes, Stack size 0 bytes, ip_usart1.o(.text.IP_USART1_WaitTC))
<BR><BR>[Called By]<UL><LI><a href="#[58]">&gt;&gt;</a>&nbsp;&nbsp;&nbsp;APP_ESP32_StreamFiltered
<LI><a href="#[4d]">&gt;&gt;</a>&nbsp;&nbsp;&nbsp;APP_ESP32_SendWAV_Raw
</UL>

<P><STRONG><a name="[72]"></a>NVIC_Init</STRONG> (Thumb, 94 bytes, Stack size 8 bytes, misc.o(.text.NVIC_Init))
<BR><BR>[Stack]<UL><LI>Max Depth = 8<LI>Call Chain = NVIC_Init
</UL>
<BR>[Called By]<UL><LI><a href="#[6d]">&gt;&gt;</a>&nbsp;&nbsp;&nbsp;Audio_DMA_Init
</UL>

<P><STRONG><a name="[d6]"></a>NVIC_PriorityGroupConfig</STRONG> (Thumb, 20 bytes, Stack size 0 bytes, misc.o(.text.NVIC_PriorityGroupConfig))
<BR><BR>[Called By]<UL><LI><a href="#[40]">&gt;&gt;</a>&nbsp;&nbsp;&nbsp;main
</UL>

<P><STRONG><a name="[4e]"></a>OLED_Clear</STRONG> (Thumb, 20 bytes, Stack size 8 bytes, mid_oled_ssd1306.o(.text.OLED_Clear))
<BR><BR>[Stack]<UL><LI>Max Depth = 12<LI>Call Chain = OLED_Clear &rArr; __aeabi_memclr4
</UL>
<BR>[Calls]<UL><LI><a href="#[a1]">&gt;&gt;</a>&nbsp;&nbsp;&nbsp;__aeabi_memclr4
</UL>
<BR>[Called By]<UL><LI><a href="#[40]">&gt;&gt;</a>&nbsp;&nbsp;&nbsp;main
<LI><a href="#[c0]">&gt;&gt;</a>&nbsp;&nbsp;&nbsp;SD_WAV_Init
<LI><a href="#[a5]">&gt;&gt;</a>&nbsp;&nbsp;&nbsp;OLED_Init
<LI><a href="#[5f]">&gt;&gt;</a>&nbsp;&nbsp;&nbsp;APP_WaitWithCountdown
<LI><a href="#[58]">&gt;&gt;</a>&nbsp;&nbsp;&nbsp;APP_ESP32_StreamFiltered
<LI><a href="#[4d]">&gt;&gt;</a>&nbsp;&nbsp;&nbsp;APP_ESP32_SendWAV_Raw
</UL>

<P><STRONG><a name="[a2]"></a>OLED_DrawChar</STRONG> (Thumb, 96 bytes, Stack size 32 bytes, mid_oled_ssd1306.o(.text.OLED_DrawChar))
<BR><BR>[Stack]<UL><LI>Max Depth = 32<LI>Call Chain = OLED_DrawChar
</UL>
<BR>[Calls]<UL><LI><a href="#[a3]">&gt;&gt;</a>&nbsp;&nbsp;&nbsp;OLED_DrawPixel
</UL>
<BR>[Called By]<UL><LI><a href="#[4f]">&gt;&gt;</a>&nbsp;&nbsp;&nbsp;OLED_DrawString
</UL>

<P><STRONG><a name="[a3]"></a>OLED_DrawPixel</STRONG> (Thumb, 58 bytes, Stack size 0 bytes, mid_oled_ssd1306.o(.text.OLED_DrawPixel))
<BR><BR>[Called By]<UL><LI><a href="#[a2]">&gt;&gt;</a>&nbsp;&nbsp;&nbsp;OLED_DrawChar
<LI><a href="#[a4]">&gt;&gt;</a>&nbsp;&nbsp;&nbsp;OLED_DrawWaveform
</UL>

<P><STRONG><a name="[4f]"></a>OLED_DrawString</STRONG> (Thumb, 52 bytes, Stack size 24 bytes, mid_oled_ssd1306.o(.text.OLED_DrawString))
<BR><BR>[Stack]<UL><LI>Max Depth = 56<LI>Call Chain = OLED_DrawString &rArr; OLED_DrawChar
</UL>
<BR>[Calls]<UL><LI><a href="#[a2]">&gt;&gt;</a>&nbsp;&nbsp;&nbsp;OLED_DrawChar
</UL>
<BR>[Called By]<UL><LI><a href="#[40]">&gt;&gt;</a>&nbsp;&nbsp;&nbsp;main
<LI><a href="#[c0]">&gt;&gt;</a>&nbsp;&nbsp;&nbsp;SD_WAV_Init
<LI><a href="#[5f]">&gt;&gt;</a>&nbsp;&nbsp;&nbsp;APP_WaitWithCountdown
<LI><a href="#[58]">&gt;&gt;</a>&nbsp;&nbsp;&nbsp;APP_ESP32_StreamFiltered
<LI><a href="#[4d]">&gt;&gt;</a>&nbsp;&nbsp;&nbsp;APP_ESP32_SendWAV_Raw
</UL>

<P><STRONG><a name="[a4]"></a>OLED_DrawWaveform</STRONG> (Thumb, 230 bytes, Stack size 40 bytes, mid_oled_ssd1306.o(.text.OLED_DrawWaveform))
<BR><BR>[Stack]<UL><LI>Max Depth = 72<LI>Call Chain = OLED_DrawWaveform &rArr; OLED_UpdateScreen &rArr; OLED_SendDataBurst
</UL>
<BR>[Calls]<UL><LI><a href="#[a3]">&gt;&gt;</a>&nbsp;&nbsp;&nbsp;OLED_DrawPixel
<LI><a href="#[50]">&gt;&gt;</a>&nbsp;&nbsp;&nbsp;OLED_UpdateScreen
</UL>
<BR>[Called By]<UL><LI><a href="#[40]">&gt;&gt;</a>&nbsp;&nbsp;&nbsp;main
</UL>

<P><STRONG><a name="[a5]"></a>OLED_Init</STRONG> (Thumb, 184 bytes, Stack size 8 bytes, mid_oled_ssd1306.o(.text.OLED_Init))
<BR><BR>[Stack]<UL><LI>Max Depth = 88<LI>Call Chain = OLED_Init &rArr; I2C_OLED_Init &rArr; I2C_Init &rArr; RCC_GetClocksFreq
</UL>
<BR>[Calls]<UL><LI><a href="#[a6]">&gt;&gt;</a>&nbsp;&nbsp;&nbsp;__NOP
<LI><a href="#[a7]">&gt;&gt;</a>&nbsp;&nbsp;&nbsp;OLED_SendCommand
<LI><a href="#[85]">&gt;&gt;</a>&nbsp;&nbsp;&nbsp;I2C_OLED_Init
<LI><a href="#[50]">&gt;&gt;</a>&nbsp;&nbsp;&nbsp;OLED_UpdateScreen
<LI><a href="#[4e]">&gt;&gt;</a>&nbsp;&nbsp;&nbsp;OLED_Clear
</UL>
<BR>[Called By]<UL><LI><a href="#[40]">&gt;&gt;</a>&nbsp;&nbsp;&nbsp;main
</UL>

<P><STRONG><a name="[50]"></a>OLED_UpdateScreen</STRONG> (Thumb, 64 bytes, Stack size 16 bytes, mid_oled_ssd1306.o(.text.OLED_UpdateScreen))
<BR><BR>[Stack]<UL><LI>Max Depth = 32<LI>Call Chain = OLED_UpdateScreen &rArr; OLED_SendDataBurst
</UL>
<BR>[Calls]<UL><LI><a href="#[b0]">&gt;&gt;</a>&nbsp;&nbsp;&nbsp;OLED_SendDataBurst
<LI><a href="#[a7]">&gt;&gt;</a>&nbsp;&nbsp;&nbsp;OLED_SendCommand
</UL>
<BR>[Called By]<UL><LI><a href="#[40]">&gt;&gt;</a>&nbsp;&nbsp;&nbsp;main
<LI><a href="#[c0]">&gt;&gt;</a>&nbsp;&nbsp;&nbsp;SD_WAV_Init
<LI><a href="#[a5]">&gt;&gt;</a>&nbsp;&nbsp;&nbsp;OLED_Init
<LI><a href="#[a4]">&gt;&gt;</a>&nbsp;&nbsp;&nbsp;OLED_DrawWaveform
<LI><a href="#[5f]">&gt;&gt;</a>&nbsp;&nbsp;&nbsp;APP_WaitWithCountdown
<LI><a href="#[58]">&gt;&gt;</a>&nbsp;&nbsp;&nbsp;APP_ESP32_StreamFiltered
<LI><a href="#[4d]">&gt;&gt;</a>&nbsp;&nbsp;&nbsp;APP_ESP32_SendWAV_Raw
</UL>

<P><STRONG><a name="[63]"></a>RCC_ADCCLKConfig</STRONG> (Thumb, 20 bytes, Stack size 0 bytes, stm32f10x_rcc.o(.text.RCC_ADCCLKConfig))
<BR><BR>[Called By]<UL><LI><a href="#[61]">&gt;&gt;</a>&nbsp;&nbsp;&nbsp;Audio_ADC_Init
</UL>

<P><STRONG><a name="[6e]"></a>RCC_AHBPeriphClockCmd</STRONG> (Thumb, 24 bytes, Stack size 0 bytes, stm32f10x_rcc.o(.text.RCC_AHBPeriphClockCmd))
<BR><BR>[Called By]<UL><LI><a href="#[6d]">&gt;&gt;</a>&nbsp;&nbsp;&nbsp;Audio_DMA_Init
</UL>

<P><STRONG><a name="[7d]"></a>RCC_APB1PeriphClockCmd</STRONG> (Thumb, 24 bytes, Stack size 0 bytes, stm32f10x_rcc.o(.text.RCC_APB1PeriphClockCmd))
<BR><BR>[Called By]<UL><LI><a href="#[85]">&gt;&gt;</a>&nbsp;&nbsp;&nbsp;I2C_OLED_Init
<LI><a href="#[76]">&gt;&gt;</a>&nbsp;&nbsp;&nbsp;Audio_TIM_Init
</UL>

<P><STRONG><a name="[86]"></a>RCC_APB1PeriphResetCmd</STRONG> (Thumb, 24 bytes, Stack size 0 bytes, stm32f10x_rcc.o(.text.RCC_APB1PeriphResetCmd))
<BR><BR>[Called By]<UL><LI><a href="#[85]">&gt;&gt;</a>&nbsp;&nbsp;&nbsp;I2C_OLED_Init
</UL>

<P><STRONG><a name="[62]"></a>RCC_APB2PeriphClockCmd</STRONG> (Thumb, 24 bytes, Stack size 0 bytes, stm32f10x_rcc.o(.text.RCC_APB2PeriphClockCmd))
<BR><BR>[Called By]<UL><LI><a href="#[85]">&gt;&gt;</a>&nbsp;&nbsp;&nbsp;I2C_OLED_Init
<LI><a href="#[b7]">&gt;&gt;</a>&nbsp;&nbsp;&nbsp;SPI1_Init_SD
<LI><a href="#[73]">&gt;&gt;</a>&nbsp;&nbsp;&nbsp;Audio_GPIO_Init
<LI><a href="#[61]">&gt;&gt;</a>&nbsp;&nbsp;&nbsp;Audio_ADC_Init
<LI><a href="#[9d]">&gt;&gt;</a>&nbsp;&nbsp;&nbsp;IP_USART1_Init
<LI><a href="#[88]">&gt;&gt;</a>&nbsp;&nbsp;&nbsp;IP_BTN_Init
</UL>

<P><STRONG><a name="[8f]"></a>RCC_DeInit</STRONG> (Thumb, 66 bytes, Stack size 0 bytes, stm32f10x_rcc.o(.text.RCC_DeInit))
<BR><BR>[Called By]<UL><LI><a href="#[8e]">&gt;&gt;</a>&nbsp;&nbsp;&nbsp;IP_SystemClock_Config
</UL>

<P><STRONG><a name="[84]"></a>RCC_GetClocksFreq</STRONG> (Thumb, 160 bytes, Stack size 8 bytes, stm32f10x_rcc.o(.text.RCC_GetClocksFreq))
<BR><BR>[Stack]<UL><LI>Max Depth = 8<LI>Call Chain = RCC_GetClocksFreq
</UL>
<BR>[Called By]<UL><LI><a href="#[83]">&gt;&gt;</a>&nbsp;&nbsp;&nbsp;I2C_Init
<LI><a href="#[9e]">&gt;&gt;</a>&nbsp;&nbsp;&nbsp;USART_Init
</UL>

<P><STRONG><a name="[99]"></a>RCC_GetFlagStatus</STRONG> (Thumb, 42 bytes, Stack size 0 bytes, stm32f10x_rcc.o(.text.RCC_GetFlagStatus))
<BR><BR>[Called By]<UL><LI><a href="#[91]">&gt;&gt;</a>&nbsp;&nbsp;&nbsp;RCC_WaitForHSEStartUp
<LI><a href="#[8e]">&gt;&gt;</a>&nbsp;&nbsp;&nbsp;IP_SystemClock_Config
</UL>

<P><STRONG><a name="[9b]"></a>RCC_GetSYSCLKSource</STRONG> (Thumb, 16 bytes, Stack size 0 bytes, stm32f10x_rcc.o(.text.RCC_GetSYSCLKSource))
<BR><BR>[Called By]<UL><LI><a href="#[8e]">&gt;&gt;</a>&nbsp;&nbsp;&nbsp;IP_SystemClock_Config
</UL>

<P><STRONG><a name="[94]"></a>RCC_HCLKConfig</STRONG> (Thumb, 20 bytes, Stack size 0 bytes, stm32f10x_rcc.o(.text.RCC_HCLKConfig))
<BR><BR>[Called By]<UL><LI><a href="#[8e]">&gt;&gt;</a>&nbsp;&nbsp;&nbsp;IP_SystemClock_Config
</UL>

<P><STRONG><a name="[90]"></a>RCC_HSEConfig</STRONG> (Thumb, 50 bytes, Stack size 0 bytes, stm32f10x_rcc.o(.text.RCC_HSEConfig))
<BR><BR>[Called By]<UL><LI><a href="#[8e]">&gt;&gt;</a>&nbsp;&nbsp;&nbsp;IP_SystemClock_Config
</UL>

<P><STRONG><a name="[96]"></a>RCC_PCLK1Config</STRONG> (Thumb, 20 bytes, Stack size 0 bytes, stm32f10x_rcc.o(.text.RCC_PCLK1Config))
<BR><BR>[Called By]<UL><LI><a href="#[8e]">&gt;&gt;</a>&nbsp;&nbsp;&nbsp;IP_SystemClock_Config
</UL>

<P><STRONG><a name="[95]"></a>RCC_PCLK2Config</STRONG> (Thumb, 22 bytes, Stack size 0 bytes, stm32f10x_rcc.o(.text.RCC_PCLK2Config))
<BR><BR>[Called By]<UL><LI><a href="#[8e]">&gt;&gt;</a>&nbsp;&nbsp;&nbsp;IP_SystemClock_Config
</UL>

<P><STRONG><a name="[98]"></a>RCC_PLLCmd</STRONG> (Thumb, 10 bytes, Stack size 0 bytes, stm32f10x_rcc.o(.text.RCC_PLLCmd))
<BR><BR>[Called By]<UL><LI><a href="#[8e]">&gt;&gt;</a>&nbsp;&nbsp;&nbsp;IP_SystemClock_Config
</UL>

<P><STRONG><a name="[97]"></a>RCC_PLLConfig</STRONG> (Thumb, 22 bytes, Stack size 0 bytes, stm32f10x_rcc.o(.text.RCC_PLLConfig))
<BR><BR>[Called By]<UL><LI><a href="#[8e]">&gt;&gt;</a>&nbsp;&nbsp;&nbsp;IP_SystemClock_Config
</UL>

<P><STRONG><a name="[9a]"></a>RCC_SYSCLKConfig</STRONG> (Thumb, 20 bytes, Stack size 0 bytes, stm32f10x_rcc.o(.text.RCC_SYSCLKConfig))
<BR><BR>[Called By]<UL><LI><a href="#[8e]">&gt;&gt;</a>&nbsp;&nbsp;&nbsp;IP_SystemClock_Config
</UL>

<P><STRONG><a name="[91]"></a>RCC_WaitForHSEStartUp</STRONG> (Thumb, 48 bytes, Stack size 16 bytes, stm32f10x_rcc.o(.text.RCC_WaitForHSEStartUp))
<BR><BR>[Stack]<UL><LI>Max Depth = 16<LI>Call Chain = RCC_WaitForHSEStartUp
</UL>
<BR>[Calls]<UL><LI><a href="#[99]">&gt;&gt;</a>&nbsp;&nbsp;&nbsp;RCC_GetFlagStatus
</UL>
<BR>[Called By]<UL><LI><a href="#[8e]">&gt;&gt;</a>&nbsp;&nbsp;&nbsp;IP_SystemClock_Config
</UL>

<P><STRONG><a name="[b1]"></a>SD_ReadBlock</STRONG> (Thumb, 134 bytes, Stack size 16 bytes, ip_sd_spi.o(.text.SD_ReadBlock))
<BR><BR>[Stack]<UL><LI>Max Depth = 48<LI>Call Chain = SD_ReadBlock &rArr; SD_SendCmd &rArr; SD_WaitReady &rArr; SPI_ReadByte
</UL>
<BR>[Calls]<UL><LI><a href="#[b5]">&gt;&gt;</a>&nbsp;&nbsp;&nbsp;GPIO_SetBits
<LI><a href="#[b2]">&gt;&gt;</a>&nbsp;&nbsp;&nbsp;GPIO_ResetBits
<LI><a href="#[b4]">&gt;&gt;</a>&nbsp;&nbsp;&nbsp;SPI_ReadByte
<LI><a href="#[b3]">&gt;&gt;</a>&nbsp;&nbsp;&nbsp;SD_SendCmd
</UL>
<BR>[Called By]<UL><LI><a href="#[cb]">&gt;&gt;</a>&nbsp;&nbsp;&nbsp;disk_read
</UL>

<P><STRONG><a name="[b6]"></a>SD_SPI_Init</STRONG> (Thumb, 388 bytes, Stack size 24 bytes, ip_sd_spi.o(.text.SD_SPI_Init))
<BR><BR>[Stack]<UL><LI>Max Depth = 88<LI>Call Chain = SD_SPI_Init &rArr; SPI1_Init_SD &rArr; SPI_Init
</UL>
<BR>[Calls]<UL><LI><a href="#[b5]">&gt;&gt;</a>&nbsp;&nbsp;&nbsp;GPIO_SetBits
<LI><a href="#[b2]">&gt;&gt;</a>&nbsp;&nbsp;&nbsp;GPIO_ResetBits
<LI><a href="#[b8]">&gt;&gt;</a>&nbsp;&nbsp;&nbsp;SPI_SetSpeed
<LI><a href="#[b4]">&gt;&gt;</a>&nbsp;&nbsp;&nbsp;SPI_ReadByte
<LI><a href="#[b7]">&gt;&gt;</a>&nbsp;&nbsp;&nbsp;SPI1_Init_SD
<LI><a href="#[b3]">&gt;&gt;</a>&nbsp;&nbsp;&nbsp;SD_SendCmd
</UL>
<BR>[Called By]<UL><LI><a href="#[c9]">&gt;&gt;</a>&nbsp;&nbsp;&nbsp;disk_initialize
</UL>

<P><STRONG><a name="[bb]"></a>SD_WAV_Finalize</STRONG> (Thumb, 144 bytes, Stack size 72 bytes, mid_sd_fatfs.o(.text.SD_WAV_Finalize))
<BR><BR>[Stack]<UL><LI>Max Depth = 696<LI>Call Chain = SD_WAV_Finalize &rArr; f_mount &rArr; disk_initialize &rArr; SD_SPI_Init &rArr; SPI1_Init_SD &rArr; SPI_Init
</UL>
<BR>[Calls]<UL><LI><a href="#[51]">&gt;&gt;</a>&nbsp;&nbsp;&nbsp;f_mount
<LI><a href="#[57]">&gt;&gt;</a>&nbsp;&nbsp;&nbsp;f_close
<LI><a href="#[bf]">&gt;&gt;</a>&nbsp;&nbsp;&nbsp;f_write
<LI><a href="#[bc]">&gt;&gt;</a>&nbsp;&nbsp;&nbsp;f_sync
<LI><a href="#[bd]">&gt;&gt;</a>&nbsp;&nbsp;&nbsp;f_lseek
<LI><a href="#[be]">&gt;&gt;</a>&nbsp;&nbsp;&nbsp;build_wav_header
</UL>
<BR>[Called By]<UL><LI><a href="#[40]">&gt;&gt;</a>&nbsp;&nbsp;&nbsp;main
</UL>

<P><STRONG><a name="[c0]"></a>SD_WAV_Init</STRONG> (Thumb, 212 bytes, Stack size 64 bytes, mid_sd_fatfs.o(.text.SD_WAV_Init))
<BR><BR>[Stack]<UL><LI>Max Depth = 688<LI>Call Chain = SD_WAV_Init &rArr; f_mount &rArr; disk_initialize &rArr; SD_SPI_Init &rArr; SPI1_Init_SD &rArr; SPI_Init
</UL>
<BR>[Calls]<UL><LI><a href="#[52]">&gt;&gt;</a>&nbsp;&nbsp;&nbsp;f_open
<LI><a href="#[51]">&gt;&gt;</a>&nbsp;&nbsp;&nbsp;f_mount
<LI><a href="#[57]">&gt;&gt;</a>&nbsp;&nbsp;&nbsp;f_close
<LI><a href="#[50]">&gt;&gt;</a>&nbsp;&nbsp;&nbsp;OLED_UpdateScreen
<LI><a href="#[4f]">&gt;&gt;</a>&nbsp;&nbsp;&nbsp;OLED_DrawString
<LI><a href="#[4e]">&gt;&gt;</a>&nbsp;&nbsp;&nbsp;OLED_Clear
<LI><a href="#[bf]">&gt;&gt;</a>&nbsp;&nbsp;&nbsp;f_write
<LI><a href="#[be]">&gt;&gt;</a>&nbsp;&nbsp;&nbsp;build_wav_header
</UL>
<BR>[Called By]<UL><LI><a href="#[40]">&gt;&gt;</a>&nbsp;&nbsp;&nbsp;main
</UL>

<P><STRONG><a name="[5e]"></a>SD_WAV_WriteBlock</STRONG> (Thumb, 74 bytes, Stack size 16 bytes, mid_sd_fatfs.o(.text.SD_WAV_WriteBlock))
<BR><BR>[Stack]<UL><LI>Max Depth = 184<LI>Call Chain = SD_WAV_WriteBlock &rArr; f_write &rArr; create_chain &rArr; put_fat &rArr; move_window &rArr; disk_wr &rArr; disk_write &rArr; SD_WriteBlock &rArr; SD_SendCmd &rArr; SD_WaitReady &rArr; SPI_ReadByte
</UL>
<BR>[Calls]<UL><LI><a href="#[bf]">&gt;&gt;</a>&nbsp;&nbsp;&nbsp;f_write
</UL>
<BR>[Called By]<UL><LI><a href="#[5d]">&gt;&gt;</a>&nbsp;&nbsp;&nbsp;APP_ProcessAndWriteBlock
</UL>

<P><STRONG><a name="[c1]"></a>SD_WriteBlock</STRONG> (Thumb, 148 bytes, Stack size 16 bytes, ip_sd_spi.o(.text.SD_WriteBlock))
<BR><BR>[Stack]<UL><LI>Max Depth = 48<LI>Call Chain = SD_WriteBlock &rArr; SD_SendCmd &rArr; SD_WaitReady &rArr; SPI_ReadByte
</UL>
<BR>[Calls]<UL><LI><a href="#[b5]">&gt;&gt;</a>&nbsp;&nbsp;&nbsp;GPIO_SetBits
<LI><a href="#[b2]">&gt;&gt;</a>&nbsp;&nbsp;&nbsp;GPIO_ResetBits
<LI><a href="#[ba]">&gt;&gt;</a>&nbsp;&nbsp;&nbsp;SPI_Xchg
<LI><a href="#[b4]">&gt;&gt;</a>&nbsp;&nbsp;&nbsp;SPI_ReadByte
<LI><a href="#[b9]">&gt;&gt;</a>&nbsp;&nbsp;&nbsp;SD_WaitReady
<LI><a href="#[b3]">&gt;&gt;</a>&nbsp;&nbsp;&nbsp;SD_SendCmd
</UL>
<BR>[Called By]<UL><LI><a href="#[cd]">&gt;&gt;</a>&nbsp;&nbsp;&nbsp;disk_write
</UL>

<P><STRONG><a name="[c3]"></a>SPI_Cmd</STRONG> (Thumb, 18 bytes, Stack size 0 bytes, stm32f10x_spi.o(.text.SPI_Cmd))
<BR><BR>[Called By]<UL><LI><a href="#[b7]">&gt;&gt;</a>&nbsp;&nbsp;&nbsp;SPI1_Init_SD
</UL>

<P><STRONG><a name="[c2]"></a>SPI_Init</STRONG> (Thumb, 70 bytes, Stack size 24 bytes, stm32f10x_spi.o(.text.SPI_Init))
<BR><BR>[Stack]<UL><LI>Max Depth = 24<LI>Call Chain = SPI_Init
</UL>
<BR>[Called By]<UL><LI><a href="#[b7]">&gt;&gt;</a>&nbsp;&nbsp;&nbsp;SPI1_Init_SD
</UL>

<P><STRONG><a name="[9c]"></a>SystemCoreClockUpdate</STRONG> (Thumb, 110 bytes, Stack size 0 bytes, system_stm32f10x.o(.text.SystemCoreClockUpdate))
<BR><BR>[Called By]<UL><LI><a href="#[8e]">&gt;&gt;</a>&nbsp;&nbsp;&nbsp;IP_SystemClock_Config
</UL>

<P><STRONG><a name="[35]"></a>SystemInit</STRONG> (Thumb, 86 bytes, Stack size 8 bytes, system_stm32f10x.o(.text.SystemInit))
<BR><BR>[Stack]<UL><LI>Max Depth = 24<LI>Call Chain = SystemInit &rArr; SetSysClock &rArr; SetSysClockTo72
</UL>
<BR>[Calls]<UL><LI><a href="#[c4]">&gt;&gt;</a>&nbsp;&nbsp;&nbsp;SetSysClock
</UL>
<BR>[Address Reference Count : 1]<UL><LI> startup_stm32f10x_md.o(.text)
</UL>
<P><STRONG><a name="[7b]"></a>TIM_Cmd</STRONG> (Thumb, 18 bytes, Stack size 0 bytes, stm32f10x_tim.o(.text.TIM_Cmd))
<BR><BR>[Called By]<UL><LI><a href="#[7c]">&gt;&gt;</a>&nbsp;&nbsp;&nbsp;Audio_StopRecord
<LI><a href="#[77]">&gt;&gt;</a>&nbsp;&nbsp;&nbsp;Audio_StartRecord
</UL>

<P><STRONG><a name="[7f]"></a>TIM_SelectOutputTrigger</STRONG> (Thumb, 16 bytes, Stack size 0 bytes, stm32f10x_tim.o(.text.TIM_SelectOutputTrigger))
<BR><BR>[Called By]<UL><LI><a href="#[76]">&gt;&gt;</a>&nbsp;&nbsp;&nbsp;Audio_TIM_Init
</UL>

<P><STRONG><a name="[7e]"></a>TIM_TimeBaseInit</STRONG> (Thumb, 170 bytes, Stack size 0 bytes, stm32f10x_tim.o(.text.TIM_TimeBaseInit))
<BR><BR>[Called By]<UL><LI><a href="#[76]">&gt;&gt;</a>&nbsp;&nbsp;&nbsp;Audio_TIM_Init
</UL>

<P><STRONG><a name="[9f]"></a>USART_Cmd</STRONG> (Thumb, 18 bytes, Stack size 0 bytes, stm32f10x_usart.o(.text.USART_Cmd))
<BR><BR>[Called By]<UL><LI><a href="#[9d]">&gt;&gt;</a>&nbsp;&nbsp;&nbsp;IP_USART1_Init
</UL>

<P><STRONG><a name="[9e]"></a>USART_Init</STRONG> (Thumb, 178 bytes, Stack size 40 bytes, stm32f10x_usart.o(.text.USART_Init))
<BR><BR>[Stack]<UL><LI>Max Depth = 48<LI>Call Chain = USART_Init &rArr; RCC_GetClocksFreq
</UL>
<BR>[Calls]<UL><LI><a href="#[84]">&gt;&gt;</a>&nbsp;&nbsp;&nbsp;RCC_GetClocksFreq
</UL>
<BR>[Called By]<UL><LI><a href="#[9d]">&gt;&gt;</a>&nbsp;&nbsp;&nbsp;IP_USART1_Init
</UL>

<P><STRONG><a name="[c9]"></a>disk_initialize</STRONG> (Thumb, 32 bytes, Stack size 8 bytes, diskio.o(.text.disk_initialize))
<BR><BR>[Stack]<UL><LI>Max Depth = 96<LI>Call Chain = disk_initialize &rArr; SD_SPI_Init &rArr; SPI1_Init_SD &rArr; SPI_Init
</UL>
<BR>[Calls]<UL><LI><a href="#[b6]">&gt;&gt;</a>&nbsp;&nbsp;&nbsp;SD_SPI_Init
</UL>
<BR>[Called By]<UL><LI><a href="#[51]">&gt;&gt;</a>&nbsp;&nbsp;&nbsp;f_mount
</UL>

<P><STRONG><a name="[cb]"></a>disk_read</STRONG> (Thumb, 66 bytes, Stack size 16 bytes, diskio.o(.text.disk_read))
<BR><BR>[Stack]<UL><LI>Max Depth = 64<LI>Call Chain = disk_read &rArr; SD_ReadBlock &rArr; SD_SendCmd &rArr; SD_WaitReady &rArr; SPI_ReadByte
</UL>
<BR>[Calls]<UL><LI><a href="#[b1]">&gt;&gt;</a>&nbsp;&nbsp;&nbsp;SD_ReadBlock
</UL>
<BR>[Called By]<UL><LI><a href="#[ca]">&gt;&gt;</a>&nbsp;&nbsp;&nbsp;disk_rd
</UL>

<P><STRONG><a name="[cd]"></a>disk_write</STRONG> (Thumb, 66 bytes, Stack size 16 bytes, diskio.o(.text.disk_write))
<BR><BR>[Stack]<UL><LI>Max Depth = 64<LI>Call Chain = disk_write &rArr; SD_WriteBlock &rArr; SD_SendCmd &rArr; SD_WaitReady &rArr; SPI_ReadByte
</UL>
<BR>[Calls]<UL><LI><a href="#[c1]">&gt;&gt;</a>&nbsp;&nbsp;&nbsp;SD_WriteBlock
</UL>
<BR>[Called By]<UL><LI><a href="#[cc]">&gt;&gt;</a>&nbsp;&nbsp;&nbsp;disk_wr
</UL>

<P><STRONG><a name="[57]"></a>f_close</STRONG> (Thumb, 26 bytes, Stack size 8 bytes, ff.o(.text.f_close))
<BR><BR>[Stack]<UL><LI>Max Depth = 112<LI>Call Chain = f_close &rArr; sync_fs &rArr; move_window &rArr; disk_wr &rArr; disk_write &rArr; SD_WriteBlock &rArr; SD_SendCmd &rArr; SD_WaitReady &rArr; SPI_ReadByte
</UL>
<BR>[Calls]<UL><LI><a href="#[ce]">&gt;&gt;</a>&nbsp;&nbsp;&nbsp;sync_fs
</UL>
<BR>[Called By]<UL><LI><a href="#[c0]">&gt;&gt;</a>&nbsp;&nbsp;&nbsp;SD_WAV_Init
<LI><a href="#[bb]">&gt;&gt;</a>&nbsp;&nbsp;&nbsp;SD_WAV_Finalize
<LI><a href="#[58]">&gt;&gt;</a>&nbsp;&nbsp;&nbsp;APP_ESP32_StreamFiltered
<LI><a href="#[4d]">&gt;&gt;</a>&nbsp;&nbsp;&nbsp;APP_ESP32_SendWAV_Raw
</UL>

<P><STRONG><a name="[bd]"></a>f_lseek</STRONG> (Thumb, 192 bytes, Stack size 32 bytes, ff.o(.text.f_lseek))
<BR><BR>[Stack]<UL><LI>Max Depth = 136<LI>Call Chain = f_lseek &rArr; get_fat &rArr; move_window &rArr; disk_wr &rArr; disk_write &rArr; SD_WriteBlock &rArr; SD_SendCmd &rArr; SD_WaitReady &rArr; SPI_ReadByte
</UL>
<BR>[Calls]<UL><LI><a href="#[c7]">&gt;&gt;</a>&nbsp;&nbsp;&nbsp;get_fat
<LI><a href="#[cc]">&gt;&gt;</a>&nbsp;&nbsp;&nbsp;disk_wr
<LI><a href="#[cf]">&gt;&gt;</a>&nbsp;&nbsp;&nbsp;clst2sect
</UL>
<BR>[Called By]<UL><LI><a href="#[bb]">&gt;&gt;</a>&nbsp;&nbsp;&nbsp;SD_WAV_Finalize
</UL>

<P><STRONG><a name="[51]"></a>f_mount</STRONG> (Thumb, 244 bytes, Stack size 528 bytes, ff.o(.text.f_mount))
<BR><BR>[Stack]<UL><LI>Max Depth = 624<LI>Call Chain = f_mount &rArr; disk_initialize &rArr; SD_SPI_Init &rArr; SPI1_Init_SD &rArr; SPI_Init
</UL>
<BR>[Calls]<UL><LI><a href="#[c9]">&gt;&gt;</a>&nbsp;&nbsp;&nbsp;disk_initialize
<LI><a href="#[ca]">&gt;&gt;</a>&nbsp;&nbsp;&nbsp;disk_rd
<LI><a href="#[a1]">&gt;&gt;</a>&nbsp;&nbsp;&nbsp;__aeabi_memclr4
</UL>
<BR>[Called By]<UL><LI><a href="#[c0]">&gt;&gt;</a>&nbsp;&nbsp;&nbsp;SD_WAV_Init
<LI><a href="#[bb]">&gt;&gt;</a>&nbsp;&nbsp;&nbsp;SD_WAV_Finalize
<LI><a href="#[58]">&gt;&gt;</a>&nbsp;&nbsp;&nbsp;APP_ESP32_StreamFiltered
<LI><a href="#[4d]">&gt;&gt;</a>&nbsp;&nbsp;&nbsp;APP_ESP32_SendWAV_Raw
</UL>

<P><STRONG><a name="[52]"></a>f_open</STRONG> (Thumb, 534 bytes, Stack size 64 bytes, ff.o(.text.f_open))
<BR><BR>[Stack]<UL><LI>Max Depth = 224<LI>Call Chain = f_open &rArr; locate_or_create_direntry &rArr; get_fat &rArr; move_window &rArr; disk_wr &rArr; disk_write &rArr; SD_WriteBlock &rArr; SD_SendCmd &rArr; SD_WaitReady &rArr; SPI_ReadByte
</UL>
<BR>[Calls]<UL><LI><a href="#[d4]">&gt;&gt;</a>&nbsp;&nbsp;&nbsp;sync_window
<LI><a href="#[c8]">&gt;&gt;</a>&nbsp;&nbsp;&nbsp;put_fat
<LI><a href="#[d1]">&gt;&gt;</a>&nbsp;&nbsp;&nbsp;move_window
<LI><a href="#[d0]">&gt;&gt;</a>&nbsp;&nbsp;&nbsp;make_sfn
<LI><a href="#[d3]">&gt;&gt;</a>&nbsp;&nbsp;&nbsp;locate_or_create_direntry
<LI><a href="#[c7]">&gt;&gt;</a>&nbsp;&nbsp;&nbsp;get_fat
<LI><a href="#[cf]">&gt;&gt;</a>&nbsp;&nbsp;&nbsp;clst2sect
<LI><a href="#[a1]">&gt;&gt;</a>&nbsp;&nbsp;&nbsp;__aeabi_memclr4
<LI><a href="#[d2]">&gt;&gt;</a>&nbsp;&nbsp;&nbsp;memcmp
</UL>
<BR>[Called By]<UL><LI><a href="#[c0]">&gt;&gt;</a>&nbsp;&nbsp;&nbsp;SD_WAV_Init
<LI><a href="#[58]">&gt;&gt;</a>&nbsp;&nbsp;&nbsp;APP_ESP32_StreamFiltered
<LI><a href="#[4d]">&gt;&gt;</a>&nbsp;&nbsp;&nbsp;APP_ESP32_SendWAV_Raw
</UL>

<P><STRONG><a name="[54]"></a>f_read</STRONG> (Thumb, 164 bytes, Stack size 40 bytes, ff.o(.text.f_read))
<BR><BR>[Stack]<UL><LI>Max Depth = 112<LI>Call Chain = f_read &rArr; disk_rd &rArr; disk_read &rArr; SD_ReadBlock &rArr; SD_SendCmd &rArr; SD_WaitReady &rArr; SPI_ReadByte
</UL>
<BR>[Calls]<UL><LI><a href="#[ca]">&gt;&gt;</a>&nbsp;&nbsp;&nbsp;disk_rd
<LI><a href="#[d5]">&gt;&gt;</a>&nbsp;&nbsp;&nbsp;__aeabi_memcpy
</UL>
<BR>[Called By]<UL><LI><a href="#[58]">&gt;&gt;</a>&nbsp;&nbsp;&nbsp;APP_ESP32_StreamFiltered
<LI><a href="#[4d]">&gt;&gt;</a>&nbsp;&nbsp;&nbsp;APP_ESP32_SendWAV_Raw
</UL>

<P><STRONG><a name="[bc]"></a>f_sync</STRONG> (Thumb, 18 bytes, Stack size 8 bytes, ff.o(.text.f_sync))
<BR><BR>[Stack]<UL><LI>Max Depth = 112<LI>Call Chain = f_sync &rArr; sync_fs &rArr; move_window &rArr; disk_wr &rArr; disk_write &rArr; SD_WriteBlock &rArr; SD_SendCmd &rArr; SD_WaitReady &rArr; SPI_ReadByte
</UL>
<BR>[Calls]<UL><LI><a href="#[ce]">&gt;&gt;</a>&nbsp;&nbsp;&nbsp;sync_fs
</UL>
<BR>[Called By]<UL><LI><a href="#[bb]">&gt;&gt;</a>&nbsp;&nbsp;&nbsp;SD_WAV_Finalize
</UL>

<P><STRONG><a name="[bf]"></a>f_write</STRONG> (Thumb, 454 bytes, Stack size 40 bytes, ff.o(.text.f_write))
<BR><BR>[Stack]<UL><LI>Max Depth = 168<LI>Call Chain = f_write &rArr; create_chain &rArr; put_fat &rArr; move_window &rArr; disk_wr &rArr; disk_write &rArr; SD_WriteBlock &rArr; SD_SendCmd &rArr; SD_WaitReady &rArr; SPI_ReadByte
</UL>
<BR>[Calls]<UL><LI><a href="#[cc]">&gt;&gt;</a>&nbsp;&nbsp;&nbsp;disk_wr
<LI><a href="#[ca]">&gt;&gt;</a>&nbsp;&nbsp;&nbsp;disk_rd
<LI><a href="#[c6]">&gt;&gt;</a>&nbsp;&nbsp;&nbsp;create_chain
<LI><a href="#[cf]">&gt;&gt;</a>&nbsp;&nbsp;&nbsp;clst2sect
<LI><a href="#[a1]">&gt;&gt;</a>&nbsp;&nbsp;&nbsp;__aeabi_memclr4
<LI><a href="#[d5]">&gt;&gt;</a>&nbsp;&nbsp;&nbsp;__aeabi_memcpy
</UL>
<BR>[Called By]<UL><LI><a href="#[5e]">&gt;&gt;</a>&nbsp;&nbsp;&nbsp;SD_WAV_WriteBlock
<LI><a href="#[c0]">&gt;&gt;</a>&nbsp;&nbsp;&nbsp;SD_WAV_Init
<LI><a href="#[bb]">&gt;&gt;</a>&nbsp;&nbsp;&nbsp;SD_WAV_Finalize
</UL>

<P><STRONG><a name="[40]"></a>main</STRONG> (Thumb, 732 bytes, Stack size 0 bytes, app_main.o(.text.main))
<BR><BR>[Stack]<UL><LI>Max Depth = 1888<LI>Call Chain = main &rArr; APP_ESP32_StreamFiltered &rArr; f_mount &rArr; disk_initialize &rArr; SD_SPI_Init &rArr; SPI1_Init_SD &rArr; SPI_Init
</UL>
<BR>[Calls]<UL><LI><a href="#[c0]">&gt;&gt;</a>&nbsp;&nbsp;&nbsp;SD_WAV_Init
<LI><a href="#[bb]">&gt;&gt;</a>&nbsp;&nbsp;&nbsp;SD_WAV_Finalize
<LI><a href="#[50]">&gt;&gt;</a>&nbsp;&nbsp;&nbsp;OLED_UpdateScreen
<LI><a href="#[a5]">&gt;&gt;</a>&nbsp;&nbsp;&nbsp;OLED_Init
<LI><a href="#[a4]">&gt;&gt;</a>&nbsp;&nbsp;&nbsp;OLED_DrawWaveform
<LI><a href="#[4f]">&gt;&gt;</a>&nbsp;&nbsp;&nbsp;OLED_DrawString
<LI><a href="#[4e]">&gt;&gt;</a>&nbsp;&nbsp;&nbsp;OLED_Clear
<LI><a href="#[d6]">&gt;&gt;</a>&nbsp;&nbsp;&nbsp;NVIC_PriorityGroupConfig
<LI><a href="#[9d]">&gt;&gt;</a>&nbsp;&nbsp;&nbsp;IP_USART1_Init
<LI><a href="#[8e]">&gt;&gt;</a>&nbsp;&nbsp;&nbsp;IP_SystemClock_Config
<LI><a href="#[60]">&gt;&gt;</a>&nbsp;&nbsp;&nbsp;IP_Delay_ms
<LI><a href="#[8b]">&gt;&gt;</a>&nbsp;&nbsp;&nbsp;IP_BTN_WaitPressRelease
<LI><a href="#[88]">&gt;&gt;</a>&nbsp;&nbsp;&nbsp;IP_BTN_Init
<LI><a href="#[77]">&gt;&gt;</a>&nbsp;&nbsp;&nbsp;Audio_StartRecord
<LI><a href="#[75]">&gt;&gt;</a>&nbsp;&nbsp;&nbsp;Audio_Init
<LI><a href="#[5f]">&gt;&gt;</a>&nbsp;&nbsp;&nbsp;APP_WaitWithCountdown
<LI><a href="#[d7]">&gt;&gt;</a>&nbsp;&nbsp;&nbsp;APP_UpdateDisplayBuffer
<LI><a href="#[5d]">&gt;&gt;</a>&nbsp;&nbsp;&nbsp;APP_ProcessAndWriteBlock
<LI><a href="#[58]">&gt;&gt;</a>&nbsp;&nbsp;&nbsp;APP_ESP32_StreamFiltered
<LI><a href="#[4d]">&gt;&gt;</a>&nbsp;&nbsp;&nbsp;APP_ESP32_SendWAV_Raw
</UL>
<BR>[Called By]<UL><LI><a href="#[3f]">&gt;&gt;</a>&nbsp;&nbsp;&nbsp;__rt_entry_main
</UL>
<P>
<H3>
Local Symbols
</H3>
<P><STRONG><a name="[4d]"></a>APP_ESP32_SendWAV_Raw</STRONG> (Thumb, 212 bytes, Stack size 1136 bytes, app_main.o(.text.APP_ESP32_SendWAV_Raw))
<BR><BR>[Stack]<UL><LI>Max Depth = 1760<LI>Call Chain = APP_ESP32_SendWAV_Raw &rArr; f_mount &rArr; disk_initialize &rArr; SD_SPI_Init &rArr; SPI1_Init_SD &rArr; SPI_Init
</UL>
<BR>[Calls]<UL><LI><a href="#[54]">&gt;&gt;</a>&nbsp;&nbsp;&nbsp;f_read
<LI><a href="#[52]">&gt;&gt;</a>&nbsp;&nbsp;&nbsp;f_open
<LI><a href="#[51]">&gt;&gt;</a>&nbsp;&nbsp;&nbsp;f_mount
<LI><a href="#[57]">&gt;&gt;</a>&nbsp;&nbsp;&nbsp;f_close
<LI><a href="#[50]">&gt;&gt;</a>&nbsp;&nbsp;&nbsp;OLED_UpdateScreen
<LI><a href="#[4f]">&gt;&gt;</a>&nbsp;&nbsp;&nbsp;OLED_DrawString
<LI><a href="#[4e]">&gt;&gt;</a>&nbsp;&nbsp;&nbsp;OLED_Clear
<LI><a href="#[56]">&gt;&gt;</a>&nbsp;&nbsp;&nbsp;IP_USART1_WaitTC
<LI><a href="#[55]">&gt;&gt;</a>&nbsp;&nbsp;&nbsp;IP_USART1_SendBuf
<LI><a href="#[53]">&gt;&gt;</a>&nbsp;&nbsp;&nbsp;APP_UART_SendFrameHeader
</UL>
<BR>[Called By]<UL><LI><a href="#[40]">&gt;&gt;</a>&nbsp;&nbsp;&nbsp;main
</UL>

<P><STRONG><a name="[58]"></a>APP_ESP32_StreamFiltered</STRONG> (Thumb, 416 bytes, Stack size 1264 bytes, app_main.o(.text.APP_ESP32_StreamFiltered))
<BR><BR>[Stack]<UL><LI>Max Depth = 1888<LI>Call Chain = APP_ESP32_StreamFiltered &rArr; f_mount &rArr; disk_initialize &rArr; SD_SPI_Init &rArr; SPI1_Init_SD &rArr; SPI_Init
</UL>
<BR>[Calls]<UL><LI><a href="#[54]">&gt;&gt;</a>&nbsp;&nbsp;&nbsp;f_read
<LI><a href="#[52]">&gt;&gt;</a>&nbsp;&nbsp;&nbsp;f_open
<LI><a href="#[51]">&gt;&gt;</a>&nbsp;&nbsp;&nbsp;f_mount
<LI><a href="#[57]">&gt;&gt;</a>&nbsp;&nbsp;&nbsp;f_close
<LI><a href="#[50]">&gt;&gt;</a>&nbsp;&nbsp;&nbsp;OLED_UpdateScreen
<LI><a href="#[4f]">&gt;&gt;</a>&nbsp;&nbsp;&nbsp;OLED_DrawString
<LI><a href="#[4e]">&gt;&gt;</a>&nbsp;&nbsp;&nbsp;OLED_Clear
<LI><a href="#[56]">&gt;&gt;</a>&nbsp;&nbsp;&nbsp;IP_USART1_WaitTC
<LI><a href="#[55]">&gt;&gt;</a>&nbsp;&nbsp;&nbsp;IP_USART1_SendBuf
<LI><a href="#[5c]">&gt;&gt;</a>&nbsp;&nbsp;&nbsp;IIR_Process
<LI><a href="#[5a]">&gt;&gt;</a>&nbsp;&nbsp;&nbsp;IIR_Init
<LI><a href="#[5b]">&gt;&gt;</a>&nbsp;&nbsp;&nbsp;FIR_Process
<LI><a href="#[59]">&gt;&gt;</a>&nbsp;&nbsp;&nbsp;FIR_Init
<LI><a href="#[53]">&gt;&gt;</a>&nbsp;&nbsp;&nbsp;APP_UART_SendFrameHeader
</UL>
<BR>[Called By]<UL><LI><a href="#[40]">&gt;&gt;</a>&nbsp;&nbsp;&nbsp;main
</UL>

<P><STRONG><a name="[5d]"></a>APP_ProcessAndWriteBlock</STRONG> (Thumb, 92 bytes, Stack size 16 bytes, app_main.o(.text.APP_ProcessAndWriteBlock))
<BR><BR>[Stack]<UL><LI>Max Depth = 200<LI>Call Chain = APP_ProcessAndWriteBlock &rArr; SD_WAV_WriteBlock &rArr; f_write &rArr; create_chain &rArr; put_fat &rArr; move_window &rArr; disk_wr &rArr; disk_write &rArr; SD_WriteBlock &rArr; SD_SendCmd &rArr; SD_WaitReady &rArr; SPI_ReadByte
</UL>
<BR>[Calls]<UL><LI><a href="#[5e]">&gt;&gt;</a>&nbsp;&nbsp;&nbsp;SD_WAV_WriteBlock
</UL>
<BR>[Called By]<UL><LI><a href="#[40]">&gt;&gt;</a>&nbsp;&nbsp;&nbsp;main
</UL>

<P><STRONG><a name="[53]"></a>APP_UART_SendFrameHeader</STRONG> (Thumb, 56 bytes, Stack size 16 bytes, app_main.o(.text.APP_UART_SendFrameHeader))
<BR><BR>[Stack]<UL><LI>Max Depth = 32<LI>Call Chain = APP_UART_SendFrameHeader &rArr; IP_USART1_SendBuf
</UL>
<BR>[Calls]<UL><LI><a href="#[55]">&gt;&gt;</a>&nbsp;&nbsp;&nbsp;IP_USART1_SendBuf
</UL>
<BR>[Called By]<UL><LI><a href="#[58]">&gt;&gt;</a>&nbsp;&nbsp;&nbsp;APP_ESP32_StreamFiltered
<LI><a href="#[4d]">&gt;&gt;</a>&nbsp;&nbsp;&nbsp;APP_ESP32_SendWAV_Raw
</UL>

<P><STRONG><a name="[d7]"></a>APP_UpdateDisplayBuffer</STRONG> (Thumb, 34 bytes, Stack size 0 bytes, app_main.o(.text.APP_UpdateDisplayBuffer))
<BR><BR>[Called By]<UL><LI><a href="#[40]">&gt;&gt;</a>&nbsp;&nbsp;&nbsp;main
</UL>

<P><STRONG><a name="[5f]"></a>APP_WaitWithCountdown</STRONG> (Thumb, 160 bytes, Stack size 48 bytes, app_main.o(.text.APP_WaitWithCountdown))
<BR><BR>[Stack]<UL><LI>Max Depth = 104<LI>Call Chain = APP_WaitWithCountdown &rArr; OLED_DrawString &rArr; OLED_DrawChar
</UL>
<BR>[Calls]<UL><LI><a href="#[50]">&gt;&gt;</a>&nbsp;&nbsp;&nbsp;OLED_UpdateScreen
<LI><a href="#[4f]">&gt;&gt;</a>&nbsp;&nbsp;&nbsp;OLED_DrawString
<LI><a href="#[4e]">&gt;&gt;</a>&nbsp;&nbsp;&nbsp;OLED_Clear
<LI><a href="#[60]">&gt;&gt;</a>&nbsp;&nbsp;&nbsp;IP_Delay_ms
</UL>
<BR>[Called By]<UL><LI><a href="#[40]">&gt;&gt;</a>&nbsp;&nbsp;&nbsp;main
</UL>

<P><STRONG><a name="[61]"></a>Audio_ADC_Init</STRONG> (Thumb, 134 bytes, Stack size 40 bytes, ip_audio_capture.o(.text.Audio_ADC_Init))
<BR><BR>[Stack]<UL><LI>Max Depth = 56<LI>Call Chain = Audio_ADC_Init &rArr; ADC_RegularChannelConfig
</UL>
<BR>[Calls]<UL><LI><a href="#[62]">&gt;&gt;</a>&nbsp;&nbsp;&nbsp;RCC_APB2PeriphClockCmd
<LI><a href="#[63]">&gt;&gt;</a>&nbsp;&nbsp;&nbsp;RCC_ADCCLKConfig
<LI><a href="#[6b]">&gt;&gt;</a>&nbsp;&nbsp;&nbsp;ADC_StartCalibration
<LI><a href="#[69]">&gt;&gt;</a>&nbsp;&nbsp;&nbsp;ADC_ResetCalibration
<LI><a href="#[65]">&gt;&gt;</a>&nbsp;&nbsp;&nbsp;ADC_RegularChannelConfig
<LI><a href="#[64]">&gt;&gt;</a>&nbsp;&nbsp;&nbsp;ADC_Init
<LI><a href="#[6a]">&gt;&gt;</a>&nbsp;&nbsp;&nbsp;ADC_GetResetCalibrationStatus
<LI><a href="#[6c]">&gt;&gt;</a>&nbsp;&nbsp;&nbsp;ADC_GetCalibrationStatus
<LI><a href="#[67]">&gt;&gt;</a>&nbsp;&nbsp;&nbsp;ADC_ExternalTrigConvCmd
<LI><a href="#[66]">&gt;&gt;</a>&nbsp;&nbsp;&nbsp;ADC_DMACmd
<LI><a href="#[68]">&gt;&gt;</a>&nbsp;&nbsp;&nbsp;ADC_Cmd
</UL>
<BR>[Called By]<UL><LI><a href="#[75]">&gt;&gt;</a>&nbsp;&nbsp;&nbsp;Audio_Init
</UL>

<P><STRONG><a name="[6d]"></a>Audio_DMA_Init</STRONG> (Thumb, 116 bytes, Stack size 56 bytes, ip_audio_capture.o(.text.Audio_DMA_Init))
<BR><BR>[Stack]<UL><LI>Max Depth = 88<LI>Call Chain = Audio_DMA_Init &rArr; DMA_Init
</UL>
<BR>[Calls]<UL><LI><a href="#[6e]">&gt;&gt;</a>&nbsp;&nbsp;&nbsp;RCC_AHBPeriphClockCmd
<LI><a href="#[72]">&gt;&gt;</a>&nbsp;&nbsp;&nbsp;NVIC_Init
<LI><a href="#[70]">&gt;&gt;</a>&nbsp;&nbsp;&nbsp;DMA_Init
<LI><a href="#[71]">&gt;&gt;</a>&nbsp;&nbsp;&nbsp;DMA_ITConfig
<LI><a href="#[6f]">&gt;&gt;</a>&nbsp;&nbsp;&nbsp;DMA_DeInit
</UL>
<BR>[Called By]<UL><LI><a href="#[75]">&gt;&gt;</a>&nbsp;&nbsp;&nbsp;Audio_Init
</UL>

<P><STRONG><a name="[73]"></a>Audio_GPIO_Init</STRONG> (Thumb, 36 bytes, Stack size 16 bytes, ip_audio_capture.o(.text.Audio_GPIO_Init))
<BR><BR>[Stack]<UL><LI>Max Depth = 40<LI>Call Chain = Audio_GPIO_Init &rArr; GPIO_Init
</UL>
<BR>[Calls]<UL><LI><a href="#[62]">&gt;&gt;</a>&nbsp;&nbsp;&nbsp;RCC_APB2PeriphClockCmd
<LI><a href="#[74]">&gt;&gt;</a>&nbsp;&nbsp;&nbsp;GPIO_Init
</UL>
<BR>[Called By]<UL><LI><a href="#[75]">&gt;&gt;</a>&nbsp;&nbsp;&nbsp;Audio_Init
</UL>

<P><STRONG><a name="[76]"></a>Audio_TIM_Init</STRONG> (Thumb, 54 bytes, Stack size 24 bytes, ip_audio_capture.o(.text.Audio_TIM_Init))
<BR><BR>[Stack]<UL><LI>Max Depth = 24<LI>Call Chain = Audio_TIM_Init
</UL>
<BR>[Calls]<UL><LI><a href="#[7e]">&gt;&gt;</a>&nbsp;&nbsp;&nbsp;TIM_TimeBaseInit
<LI><a href="#[7f]">&gt;&gt;</a>&nbsp;&nbsp;&nbsp;TIM_SelectOutputTrigger
<LI><a href="#[7d]">&gt;&gt;</a>&nbsp;&nbsp;&nbsp;RCC_APB1PeriphClockCmd
</UL>
<BR>[Called By]<UL><LI><a href="#[75]">&gt;&gt;</a>&nbsp;&nbsp;&nbsp;Audio_Init
</UL>

<P><STRONG><a name="[79]"></a>NVIC_ClearPendingIRQ</STRONG> (Thumb, 16 bytes, Stack size 0 bytes, ip_audio_capture.o(.text.NVIC_ClearPendingIRQ))
<BR><BR>[Called By]<UL><LI><a href="#[77]">&gt;&gt;</a>&nbsp;&nbsp;&nbsp;Audio_StartRecord
</UL>

<P><STRONG><a name="[8c]"></a>__NOP</STRONG> (Thumb, 4 bytes, Stack size 0 bytes, ip_gpio_btn.o(.text.__NOP))
<BR><BR>[Called By]<UL><LI><a href="#[8b]">&gt;&gt;</a>&nbsp;&nbsp;&nbsp;IP_BTN_WaitPressRelease
</UL>

<P><STRONG><a name="[b3]"></a>SD_SendCmd</STRONG> (Thumb, 90 bytes, Stack size 16 bytes, ip_sd_spi.o(.text.SD_SendCmd))
<BR><BR>[Stack]<UL><LI>Max Depth = 32<LI>Call Chain = SD_SendCmd &rArr; SD_WaitReady &rArr; SPI_ReadByte
</UL>
<BR>[Calls]<UL><LI><a href="#[ba]">&gt;&gt;</a>&nbsp;&nbsp;&nbsp;SPI_Xchg
<LI><a href="#[b4]">&gt;&gt;</a>&nbsp;&nbsp;&nbsp;SPI_ReadByte
<LI><a href="#[b9]">&gt;&gt;</a>&nbsp;&nbsp;&nbsp;SD_WaitReady
</UL>
<BR>[Called By]<UL><LI><a href="#[c1]">&gt;&gt;</a>&nbsp;&nbsp;&nbsp;SD_WriteBlock
<LI><a href="#[b6]">&gt;&gt;</a>&nbsp;&nbsp;&nbsp;SD_SPI_Init
<LI><a href="#[b1]">&gt;&gt;</a>&nbsp;&nbsp;&nbsp;SD_ReadBlock
</UL>

<P><STRONG><a name="[b9]"></a>SD_WaitReady</STRONG> (Thumb, 32 bytes, Stack size 8 bytes, ip_sd_spi.o(.text.SD_WaitReady))
<BR><BR>[Stack]<UL><LI>Max Depth = 16<LI>Call Chain = SD_WaitReady &rArr; SPI_ReadByte
</UL>
<BR>[Calls]<UL><LI><a href="#[b4]">&gt;&gt;</a>&nbsp;&nbsp;&nbsp;SPI_ReadByte
</UL>
<BR>[Called By]<UL><LI><a href="#[c1]">&gt;&gt;</a>&nbsp;&nbsp;&nbsp;SD_WriteBlock
<LI><a href="#[b3]">&gt;&gt;</a>&nbsp;&nbsp;&nbsp;SD_SendCmd
</UL>

<P><STRONG><a name="[b7]"></a>SPI1_Init_SD</STRONG> (Thumb, 138 bytes, Stack size 40 bytes, ip_sd_spi.o(.text.SPI1_Init_SD))
<BR><BR>[Stack]<UL><LI>Max Depth = 64<LI>Call Chain = SPI1_Init_SD &rArr; SPI_Init
</UL>
<BR>[Calls]<UL><LI><a href="#[c2]">&gt;&gt;</a>&nbsp;&nbsp;&nbsp;SPI_Init
<LI><a href="#[c3]">&gt;&gt;</a>&nbsp;&nbsp;&nbsp;SPI_Cmd
<LI><a href="#[b5]">&gt;&gt;</a>&nbsp;&nbsp;&nbsp;GPIO_SetBits
<LI><a href="#[62]">&gt;&gt;</a>&nbsp;&nbsp;&nbsp;RCC_APB2PeriphClockCmd
<LI><a href="#[74]">&gt;&gt;</a>&nbsp;&nbsp;&nbsp;GPIO_Init
</UL>
<BR>[Called By]<UL><LI><a href="#[b6]">&gt;&gt;</a>&nbsp;&nbsp;&nbsp;SD_SPI_Init
</UL>

<P><STRONG><a name="[b4]"></a>SPI_ReadByte</STRONG> (Thumb, 10 bytes, Stack size 8 bytes, ip_sd_spi.o(.text.SPI_ReadByte))
<BR><BR>[Stack]<UL><LI>Max Depth = 8<LI>Call Chain = SPI_ReadByte
</UL>
<BR>[Calls]<UL><LI><a href="#[ba]">&gt;&gt;</a>&nbsp;&nbsp;&nbsp;SPI_Xchg
</UL>
<BR>[Called By]<UL><LI><a href="#[c1]">&gt;&gt;</a>&nbsp;&nbsp;&nbsp;SD_WriteBlock
<LI><a href="#[b6]">&gt;&gt;</a>&nbsp;&nbsp;&nbsp;SD_SPI_Init
<LI><a href="#[b1]">&gt;&gt;</a>&nbsp;&nbsp;&nbsp;SD_ReadBlock
<LI><a href="#[b9]">&gt;&gt;</a>&nbsp;&nbsp;&nbsp;SD_WaitReady
<LI><a href="#[b3]">&gt;&gt;</a>&nbsp;&nbsp;&nbsp;SD_SendCmd
</UL>

<P><STRONG><a name="[b8]"></a>SPI_SetSpeed</STRONG> (Thumb, 30 bytes, Stack size 0 bytes, ip_sd_spi.o(.text.SPI_SetSpeed))
<BR><BR>[Called By]<UL><LI><a href="#[b6]">&gt;&gt;</a>&nbsp;&nbsp;&nbsp;SD_SPI_Init
</UL>

<P><STRONG><a name="[ba]"></a>SPI_Xchg</STRONG> (Thumb, 66 bytes, Stack size 0 bytes, ip_sd_spi.o(.text.SPI_Xchg))
<BR><BR>[Called By]<UL><LI><a href="#[c1]">&gt;&gt;</a>&nbsp;&nbsp;&nbsp;SD_WriteBlock
<LI><a href="#[b4]">&gt;&gt;</a>&nbsp;&nbsp;&nbsp;SPI_ReadByte
<LI><a href="#[b3]">&gt;&gt;</a>&nbsp;&nbsp;&nbsp;SD_SendCmd
</UL>

<P><STRONG><a name="[8d]"></a>__NOP</STRONG> (Thumb, 4 bytes, Stack size 0 bytes, ip_sysclk.o(.text.__NOP))
<BR><BR>[Called By]<UL><LI><a href="#[60]">&gt;&gt;</a>&nbsp;&nbsp;&nbsp;IP_Delay_ms
</UL>

<P><STRONG><a name="[85]"></a>I2C_OLED_Init</STRONG> (Thumb, 120 bytes, Stack size 32 bytes, mid_oled_ssd1306.o(.text.I2C_OLED_Init))
<BR><BR>[Stack]<UL><LI>Max Depth = 80<LI>Call Chain = I2C_OLED_Init &rArr; I2C_Init &rArr; RCC_GetClocksFreq
</UL>
<BR>[Calls]<UL><LI><a href="#[83]">&gt;&gt;</a>&nbsp;&nbsp;&nbsp;I2C_Init
<LI><a href="#[87]">&gt;&gt;</a>&nbsp;&nbsp;&nbsp;I2C_Cmd
<LI><a href="#[62]">&gt;&gt;</a>&nbsp;&nbsp;&nbsp;RCC_APB2PeriphClockCmd
<LI><a href="#[7d]">&gt;&gt;</a>&nbsp;&nbsp;&nbsp;RCC_APB1PeriphClockCmd
<LI><a href="#[74]">&gt;&gt;</a>&nbsp;&nbsp;&nbsp;GPIO_Init
<LI><a href="#[86]">&gt;&gt;</a>&nbsp;&nbsp;&nbsp;RCC_APB1PeriphResetCmd
</UL>
<BR>[Called By]<UL><LI><a href="#[a5]">&gt;&gt;</a>&nbsp;&nbsp;&nbsp;OLED_Init
</UL>

<P><STRONG><a name="[ab]"></a>I2C_WaitAddr</STRONG> (Thumb, 36 bytes, Stack size 0 bytes, mid_oled_ssd1306.o(.text.I2C_WaitAddr))
<BR><BR>[Called By]<UL><LI><a href="#[b0]">&gt;&gt;</a>&nbsp;&nbsp;&nbsp;OLED_SendDataBurst
<LI><a href="#[a7]">&gt;&gt;</a>&nbsp;&nbsp;&nbsp;OLED_SendCommand
</UL>

<P><STRONG><a name="[ae]"></a>I2C_WaitBTF</STRONG> (Thumb, 30 bytes, Stack size 0 bytes, mid_oled_ssd1306.o(.text.I2C_WaitBTF))
<BR><BR>[Called By]<UL><LI><a href="#[b0]">&gt;&gt;</a>&nbsp;&nbsp;&nbsp;OLED_SendDataBurst
<LI><a href="#[a7]">&gt;&gt;</a>&nbsp;&nbsp;&nbsp;OLED_SendCommand
</UL>

<P><STRONG><a name="[a9]"></a>I2C_WaitStart</STRONG> (Thumb, 30 bytes, Stack size 0 bytes, mid_oled_ssd1306.o(.text.I2C_WaitStart))
<BR><BR>[Called By]<UL><LI><a href="#[b0]">&gt;&gt;</a>&nbsp;&nbsp;&nbsp;OLED_SendDataBurst
<LI><a href="#[a7]">&gt;&gt;</a>&nbsp;&nbsp;&nbsp;OLED_SendCommand
</UL>

<P><STRONG><a name="[ac]"></a>I2C_WaitTXE</STRONG> (Thumb, 30 bytes, Stack size 0 bytes, mid_oled_ssd1306.o(.text.I2C_WaitTXE))
<BR><BR>[Called By]<UL><LI><a href="#[b0]">&gt;&gt;</a>&nbsp;&nbsp;&nbsp;OLED_SendDataBurst
<LI><a href="#[a7]">&gt;&gt;</a>&nbsp;&nbsp;&nbsp;OLED_SendCommand
</UL>

<P><STRONG><a name="[a7]"></a>OLED_SendCommand</STRONG> (Thumb, 76 bytes, Stack size 16 bytes, mid_oled_ssd1306.o(.text.OLED_SendCommand))
<BR><BR>[Stack]<UL><LI>Max Depth = 16<LI>Call Chain = OLED_SendCommand
</UL>
<BR>[Calls]<UL><LI><a href="#[ad]">&gt;&gt;</a>&nbsp;&nbsp;&nbsp;I2C_SendData
<LI><a href="#[aa]">&gt;&gt;</a>&nbsp;&nbsp;&nbsp;I2C_Send7bitAddress
<LI><a href="#[af]">&gt;&gt;</a>&nbsp;&nbsp;&nbsp;I2C_GenerateSTOP
<LI><a href="#[a8]">&gt;&gt;</a>&nbsp;&nbsp;&nbsp;I2C_GenerateSTART
<LI><a href="#[ac]">&gt;&gt;</a>&nbsp;&nbsp;&nbsp;I2C_WaitTXE
<LI><a href="#[a9]">&gt;&gt;</a>&nbsp;&nbsp;&nbsp;I2C_WaitStart
<LI><a href="#[ae]">&gt;&gt;</a>&nbsp;&nbsp;&nbsp;I2C_WaitBTF
<LI><a href="#[ab]">&gt;&gt;</a>&nbsp;&nbsp;&nbsp;I2C_WaitAddr
</UL>
<BR>[Called By]<UL><LI><a href="#[50]">&gt;&gt;</a>&nbsp;&nbsp;&nbsp;OLED_UpdateScreen
<LI><a href="#[a5]">&gt;&gt;</a>&nbsp;&nbsp;&nbsp;OLED_Init
</UL>

<P><STRONG><a name="[b0]"></a>OLED_SendDataBurst</STRONG> (Thumb, 90 bytes, Stack size 16 bytes, mid_oled_ssd1306.o(.text.OLED_SendDataBurst))
<BR><BR>[Stack]<UL><LI>Max Depth = 16<LI>Call Chain = OLED_SendDataBurst
</UL>
<BR>[Calls]<UL><LI><a href="#[ad]">&gt;&gt;</a>&nbsp;&nbsp;&nbsp;I2C_SendData
<LI><a href="#[aa]">&gt;&gt;</a>&nbsp;&nbsp;&nbsp;I2C_Send7bitAddress
<LI><a href="#[af]">&gt;&gt;</a>&nbsp;&nbsp;&nbsp;I2C_GenerateSTOP
<LI><a href="#[a8]">&gt;&gt;</a>&nbsp;&nbsp;&nbsp;I2C_GenerateSTART
<LI><a href="#[ac]">&gt;&gt;</a>&nbsp;&nbsp;&nbsp;I2C_WaitTXE
<LI><a href="#[a9]">&gt;&gt;</a>&nbsp;&nbsp;&nbsp;I2C_WaitStart
<LI><a href="#[ae]">&gt;&gt;</a>&nbsp;&nbsp;&nbsp;I2C_WaitBTF
<LI><a href="#[ab]">&gt;&gt;</a>&nbsp;&nbsp;&nbsp;I2C_WaitAddr
</UL>
<BR>[Called By]<UL><LI><a href="#[50]">&gt;&gt;</a>&nbsp;&nbsp;&nbsp;OLED_UpdateScreen
</UL>

<P><STRONG><a name="[a6]"></a>__NOP</STRONG> (Thumb, 4 bytes, Stack size 0 bytes, mid_oled_ssd1306.o(.text.__NOP))
<BR><BR>[Called By]<UL><LI><a href="#[a5]">&gt;&gt;</a>&nbsp;&nbsp;&nbsp;OLED_Init
</UL>

<P><STRONG><a name="[be]"></a>build_wav_header</STRONG> (Thumb, 80 bytes, Stack size 0 bytes, mid_sd_fatfs.o(.text.build_wav_header))
<BR><BR>[Called By]<UL><LI><a href="#[c0]">&gt;&gt;</a>&nbsp;&nbsp;&nbsp;SD_WAV_Init
<LI><a href="#[bb]">&gt;&gt;</a>&nbsp;&nbsp;&nbsp;SD_WAV_Finalize
</UL>

<P><STRONG><a name="[cf]"></a>clst2sect</STRONG> (Thumb, 24 bytes, Stack size 0 bytes, ff.o(.text.clst2sect))
<BR><BR>[Called By]<UL><LI><a href="#[52]">&gt;&gt;</a>&nbsp;&nbsp;&nbsp;f_open
<LI><a href="#[d3]">&gt;&gt;</a>&nbsp;&nbsp;&nbsp;locate_or_create_direntry
<LI><a href="#[bf]">&gt;&gt;</a>&nbsp;&nbsp;&nbsp;f_write
<LI><a href="#[bd]">&gt;&gt;</a>&nbsp;&nbsp;&nbsp;f_lseek
</UL>

<P><STRONG><a name="[c6]"></a>create_chain</STRONG> (Thumb, 118 bytes, Stack size 24 bytes, ff.o(.text.create_chain))
<BR><BR>[Stack]<UL><LI>Max Depth = 128<LI>Call Chain = create_chain &rArr; put_fat &rArr; move_window &rArr; disk_wr &rArr; disk_write &rArr; SD_WriteBlock &rArr; SD_SendCmd &rArr; SD_WaitReady &rArr; SPI_ReadByte
</UL>
<BR>[Calls]<UL><LI><a href="#[c8]">&gt;&gt;</a>&nbsp;&nbsp;&nbsp;put_fat
<LI><a href="#[c7]">&gt;&gt;</a>&nbsp;&nbsp;&nbsp;get_fat
</UL>
<BR>[Called By]<UL><LI><a href="#[bf]">&gt;&gt;</a>&nbsp;&nbsp;&nbsp;f_write
</UL>

<P><STRONG><a name="[ca]"></a>disk_rd</STRONG> (Thumb, 12 bytes, Stack size 8 bytes, ff.o(.text.disk_rd))
<BR><BR>[Stack]<UL><LI>Max Depth = 72<LI>Call Chain = disk_rd &rArr; disk_read &rArr; SD_ReadBlock &rArr; SD_SendCmd &rArr; SD_WaitReady &rArr; SPI_ReadByte
</UL>
<BR>[Calls]<UL><LI><a href="#[cb]">&gt;&gt;</a>&nbsp;&nbsp;&nbsp;disk_read
</UL>
<BR>[Called By]<UL><LI><a href="#[54]">&gt;&gt;</a>&nbsp;&nbsp;&nbsp;f_read
<LI><a href="#[51]">&gt;&gt;</a>&nbsp;&nbsp;&nbsp;f_mount
<LI><a href="#[d1]">&gt;&gt;</a>&nbsp;&nbsp;&nbsp;move_window
<LI><a href="#[bf]">&gt;&gt;</a>&nbsp;&nbsp;&nbsp;f_write
</UL>

<P><STRONG><a name="[cc]"></a>disk_wr</STRONG> (Thumb, 12 bytes, Stack size 8 bytes, ff.o(.text.disk_wr))
<BR><BR>[Stack]<UL><LI>Max Depth = 72<LI>Call Chain = disk_wr &rArr; disk_write &rArr; SD_WriteBlock &rArr; SD_SendCmd &rArr; SD_WaitReady &rArr; SPI_ReadByte
</UL>
<BR>[Calls]<UL><LI><a href="#[cd]">&gt;&gt;</a>&nbsp;&nbsp;&nbsp;disk_write
</UL>
<BR>[Called By]<UL><LI><a href="#[d4]">&gt;&gt;</a>&nbsp;&nbsp;&nbsp;sync_window
<LI><a href="#[ce]">&gt;&gt;</a>&nbsp;&nbsp;&nbsp;sync_fs
<LI><a href="#[d1]">&gt;&gt;</a>&nbsp;&nbsp;&nbsp;move_window
<LI><a href="#[bf]">&gt;&gt;</a>&nbsp;&nbsp;&nbsp;f_write
<LI><a href="#[bd]">&gt;&gt;</a>&nbsp;&nbsp;&nbsp;f_lseek
</UL>

<P><STRONG><a name="[c7]"></a>get_fat</STRONG> (Thumb, 66 bytes, Stack size 16 bytes, ff.o(.text.get_fat))
<BR><BR>[Stack]<UL><LI>Max Depth = 104<LI>Call Chain = get_fat &rArr; move_window &rArr; disk_wr &rArr; disk_write &rArr; SD_WriteBlock &rArr; SD_SendCmd &rArr; SD_WaitReady &rArr; SPI_ReadByte
</UL>
<BR>[Calls]<UL><LI><a href="#[d1]">&gt;&gt;</a>&nbsp;&nbsp;&nbsp;move_window
</UL>
<BR>[Called By]<UL><LI><a href="#[52]">&gt;&gt;</a>&nbsp;&nbsp;&nbsp;f_open
<LI><a href="#[d3]">&gt;&gt;</a>&nbsp;&nbsp;&nbsp;locate_or_create_direntry
<LI><a href="#[c6]">&gt;&gt;</a>&nbsp;&nbsp;&nbsp;create_chain
<LI><a href="#[bd]">&gt;&gt;</a>&nbsp;&nbsp;&nbsp;f_lseek
</UL>

<P><STRONG><a name="[d3]"></a>locate_or_create_direntry</STRONG> (Thumb, 362 bytes, Stack size 56 bytes, ff.o(.text.locate_or_create_direntry))
<BR><BR>[Stack]<UL><LI>Max Depth = 160<LI>Call Chain = locate_or_create_direntry &rArr; get_fat &rArr; move_window &rArr; disk_wr &rArr; disk_write &rArr; SD_WriteBlock &rArr; SD_SendCmd &rArr; SD_WaitReady &rArr; SPI_ReadByte
</UL>
<BR>[Calls]<UL><LI><a href="#[d1]">&gt;&gt;</a>&nbsp;&nbsp;&nbsp;move_window
<LI><a href="#[c7]">&gt;&gt;</a>&nbsp;&nbsp;&nbsp;get_fat
<LI><a href="#[cf]">&gt;&gt;</a>&nbsp;&nbsp;&nbsp;clst2sect
<LI><a href="#[d2]">&gt;&gt;</a>&nbsp;&nbsp;&nbsp;memcmp
</UL>
<BR>[Called By]<UL><LI><a href="#[52]">&gt;&gt;</a>&nbsp;&nbsp;&nbsp;f_open
</UL>

<P><STRONG><a name="[d0]"></a>make_sfn</STRONG> (Thumb, 138 bytes, Stack size 8 bytes, ff.o(.text.make_sfn))
<BR><BR>[Stack]<UL><LI>Max Depth = 8<LI>Call Chain = make_sfn
</UL>
<BR>[Called By]<UL><LI><a href="#[52]">&gt;&gt;</a>&nbsp;&nbsp;&nbsp;f_open
</UL>

<P><STRONG><a name="[d1]"></a>move_window</STRONG> (Thumb, 60 bytes, Stack size 16 bytes, ff.o(.text.move_window))
<BR><BR>[Stack]<UL><LI>Max Depth = 88<LI>Call Chain = move_window &rArr; disk_wr &rArr; disk_write &rArr; SD_WriteBlock &rArr; SD_SendCmd &rArr; SD_WaitReady &rArr; SPI_ReadByte
</UL>
<BR>[Calls]<UL><LI><a href="#[cc]">&gt;&gt;</a>&nbsp;&nbsp;&nbsp;disk_wr
<LI><a href="#[ca]">&gt;&gt;</a>&nbsp;&nbsp;&nbsp;disk_rd
</UL>
<BR>[Called By]<UL><LI><a href="#[52]">&gt;&gt;</a>&nbsp;&nbsp;&nbsp;f_open
<LI><a href="#[ce]">&gt;&gt;</a>&nbsp;&nbsp;&nbsp;sync_fs
<LI><a href="#[c8]">&gt;&gt;</a>&nbsp;&nbsp;&nbsp;put_fat
<LI><a href="#[d3]">&gt;&gt;</a>&nbsp;&nbsp;&nbsp;locate_or_create_direntry
<LI><a href="#[c7]">&gt;&gt;</a>&nbsp;&nbsp;&nbsp;get_fat
</UL>

<P><STRONG><a name="[c8]"></a>put_fat</STRONG> (Thumb, 96 bytes, Stack size 16 bytes, ff.o(.text.put_fat))
<BR><BR>[Stack]<UL><LI>Max Depth = 104<LI>Call Chain = put_fat &rArr; move_window &rArr; disk_wr &rArr; disk_write &rArr; SD_WriteBlock &rArr; SD_SendCmd &rArr; SD_WaitReady &rArr; SPI_ReadByte
</UL>
<BR>[Calls]<UL><LI><a href="#[d1]">&gt;&gt;</a>&nbsp;&nbsp;&nbsp;move_window
</UL>
<BR>[Called By]<UL><LI><a href="#[52]">&gt;&gt;</a>&nbsp;&nbsp;&nbsp;f_open
<LI><a href="#[c6]">&gt;&gt;</a>&nbsp;&nbsp;&nbsp;create_chain
</UL>

<P><STRONG><a name="[ce]"></a>sync_fs</STRONG> (Thumb, 150 bytes, Stack size 16 bytes, ff.o(.text.sync_fs))
<BR><BR>[Stack]<UL><LI>Max Depth = 104<LI>Call Chain = sync_fs &rArr; move_window &rArr; disk_wr &rArr; disk_write &rArr; SD_WriteBlock &rArr; SD_SendCmd &rArr; SD_WaitReady &rArr; SPI_ReadByte
</UL>
<BR>[Calls]<UL><LI><a href="#[d4]">&gt;&gt;</a>&nbsp;&nbsp;&nbsp;sync_window
<LI><a href="#[d1]">&gt;&gt;</a>&nbsp;&nbsp;&nbsp;move_window
<LI><a href="#[cc]">&gt;&gt;</a>&nbsp;&nbsp;&nbsp;disk_wr
</UL>
<BR>[Called By]<UL><LI><a href="#[57]">&gt;&gt;</a>&nbsp;&nbsp;&nbsp;f_close
<LI><a href="#[bc]">&gt;&gt;</a>&nbsp;&nbsp;&nbsp;f_sync
</UL>

<P><STRONG><a name="[d4]"></a>sync_window</STRONG> (Thumb, 36 bytes, Stack size 8 bytes, ff.o(.text.sync_window))
<BR><BR>[Stack]<UL><LI>Max Depth = 80<LI>Call Chain = sync_window &rArr; disk_wr &rArr; disk_write &rArr; SD_WriteBlock &rArr; SD_SendCmd &rArr; SD_WaitReady &rArr; SPI_ReadByte
</UL>
<BR>[Calls]<UL><LI><a href="#[cc]">&gt;&gt;</a>&nbsp;&nbsp;&nbsp;disk_wr
</UL>
<BR>[Called By]<UL><LI><a href="#[52]">&gt;&gt;</a>&nbsp;&nbsp;&nbsp;f_open
<LI><a href="#[ce]">&gt;&gt;</a>&nbsp;&nbsp;&nbsp;sync_fs
</UL>

<P><STRONG><a name="[c4]"></a>SetSysClock</STRONG> (Thumb, 8 bytes, Stack size 8 bytes, system_stm32f10x.o(.text.SetSysClock))
<BR><BR>[Stack]<UL><LI>Max Depth = 16<LI>Call Chain = SetSysClock &rArr; SetSysClockTo72
</UL>
<BR>[Calls]<UL><LI><a href="#[c5]">&gt;&gt;</a>&nbsp;&nbsp;&nbsp;SetSysClockTo72
</UL>
<BR>[Called By]<UL><LI><a href="#[35]">&gt;&gt;</a>&nbsp;&nbsp;&nbsp;SystemInit
</UL>

<P><STRONG><a name="[c5]"></a>SetSysClockTo72</STRONG> (Thumb, 190 bytes, Stack size 8 bytes, system_stm32f10x.o(.text.SetSysClockTo72))
<BR><BR>[Stack]<UL><LI>Max Depth = 8<LI>Call Chain = SetSysClockTo72
</UL>
<BR>[Called By]<UL><LI><a href="#[c4]">&gt;&gt;</a>&nbsp;&nbsp;&nbsp;SetSysClock
</UL>
<P>
<H3>
Undefined Global Symbols
</H3><HR></body></html>
