Component: ARM Compiler 6.14 Tool: armlink [5db06800]

==============================================================================

Section Cross References

    app_main.o(.text.main) refers to ip_sysclk.o(.text.IP_SystemClock_Config) for IP_SystemClock_Config
    app_main.o(.text.main) refers to misc.o(.text.NVIC_PriorityGroupConfig) for NVIC_PriorityGroupConfig
    app_main.o(.text.main) refers to ip_usart1.o(.text.IP_USART1_Init) for IP_USART1_Init
    app_main.o(.text.main) refers to ip_gpio_btn.o(.text.IP_BTN_Init) for IP_BTN_Init
    app_main.o(.text.main) refers to mid_oled_ssd1306.o(.text.OLED_Init) for OLED_Init
    app_main.o(.text.main) refers to ip_audio_capture.o(.text.Audio_Init) for Audio_Init
    app_main.o(.text.main) refers to mid_oled_ssd1306.o(.text.OLED_Clear) for OLED_Clear
    app_main.o(.text.main) refers to mid_oled_ssd1306.o(.text.OLED_DrawString) for OLED_DrawString
    app_main.o(.text.main) refers to mid_oled_ssd1306.o(.text.OLED_UpdateScreen) for OLED_UpdateScreen
    app_main.o(.text.main) refers to ip_sysclk.o(.text.IP_Delay_ms) for IP_Delay_ms
    app_main.o(.text.main) refers to ip_audio_capture.o(.bss.audio_buffer) for audio_buffer
    app_main.o(.text.main) refers to ip_audio_capture.o(.bss.audio_half_cplt) for audio_half_cplt
    app_main.o(.text.main) refers to ip_audio_capture.o(.bss.audio_full_cplt) for audio_full_cplt
    app_main.o(.text.main) refers to app_main.o(.rodata.str1.1) for .L.str.13
    app_main.o(.text.main) refers to app_main.o(.bss.display_buf) for display_buf
    app_main.o(.text.main) refers to ip_gpio_btn.o(.text.IP_BTN_WaitPressRelease) for IP_BTN_WaitPressRelease
    app_main.o(.text.main) refers to app_main.o(.bss.total_samples) for total_samples
    app_main.o(.text.main) refers to mid_sd_fatfs.o(.text.SD_WAV_Init) for SD_WAV_Init
    app_main.o(.text.main) refers to ip_audio_capture.o(.text.Audio_StartRecord) for Audio_StartRecord
    app_main.o(.text.main) refers to ip_audio_capture.o(.bss.audio_state) for audio_state
    app_main.o(.text.main) refers to app_main.o(.text.APP_UpdateDisplayBuffer) for APP_UpdateDisplayBuffer
    app_main.o(.text.main) refers to app_main.o(.text.APP_ProcessAndWriteBlock) for APP_ProcessAndWriteBlock
    app_main.o(.text.main) refers to mid_oled_ssd1306.o(.text.OLED_DrawWaveform) for OLED_DrawWaveform
    app_main.o(.text.main) refers to mid_sd_fatfs.o(.text.SD_WAV_Finalize) for SD_WAV_Finalize
    app_main.o(.text.main) refers to app_main.o(.text.APP_ESP32_SendWAV_Raw) for APP_ESP32_SendWAV_Raw
    app_main.o(.text.main) refers to app_main.o(.text.APP_WaitWithCountdown) for APP_WaitWithCountdown
    app_main.o(.text.main) refers to app_main.o(.text.APP_ESP32_StreamFiltered) for APP_ESP32_StreamFiltered
    app_main.o(.ARM.exidx.text.main) refers to app_main.o(.text.main) for [Anonymous Symbol]
    app_main.o(.text.APP_UpdateDisplayBuffer) refers to app_main.o(.bss.display_buf) for display_buf
    app_main.o(.ARM.exidx.text.APP_UpdateDisplayBuffer) refers to app_main.o(.text.APP_UpdateDisplayBuffer) for [Anonymous Symbol]
    app_main.o(.text.APP_ProcessAndWriteBlock) refers to app_main.o(.bss.total_samples) for total_samples
    app_main.o(.text.APP_ProcessAndWriteBlock) refers to app_main.o(.bss.pcm_block) for pcm_block
    app_main.o(.text.APP_ProcessAndWriteBlock) refers to mid_sd_fatfs.o(.text.SD_WAV_WriteBlock) for SD_WAV_WriteBlock
    app_main.o(.ARM.exidx.text.APP_ProcessAndWriteBlock) refers to app_main.o(.text.APP_ProcessAndWriteBlock) for [Anonymous Symbol]
    app_main.o(.text.APP_ESP32_SendWAV_Raw) refers to mid_oled_ssd1306.o(.text.OLED_Clear) for OLED_Clear
    app_main.o(.text.APP_ESP32_SendWAV_Raw) refers to mid_oled_ssd1306.o(.text.OLED_DrawString) for OLED_DrawString
    app_main.o(.text.APP_ESP32_SendWAV_Raw) refers to mid_oled_ssd1306.o(.text.OLED_UpdateScreen) for OLED_UpdateScreen
    app_main.o(.text.APP_ESP32_SendWAV_Raw) refers to app_main.o(.rodata.str1.1) for .L.str.24
    app_main.o(.text.APP_ESP32_SendWAV_Raw) refers to ff.o(.text.f_mount) for f_mount
    app_main.o(.text.APP_ESP32_SendWAV_Raw) refers to ff.o(.text.f_open) for f_open
    app_main.o(.text.APP_ESP32_SendWAV_Raw) refers to app_main.o(.text.APP_UART_SendFrameHeader) for APP_UART_SendFrameHeader
    app_main.o(.text.APP_ESP32_SendWAV_Raw) refers to app_main.o(.bss.uart_chunk) for uart_chunk
    app_main.o(.text.APP_ESP32_SendWAV_Raw) refers to ff.o(.text.f_read) for f_read
    app_main.o(.text.APP_ESP32_SendWAV_Raw) refers to ip_usart1.o(.text.IP_USART1_SendBuf) for IP_USART1_SendBuf
    app_main.o(.text.APP_ESP32_SendWAV_Raw) refers to ip_usart1.o(.text.IP_USART1_WaitTC) for IP_USART1_WaitTC
    app_main.o(.text.APP_ESP32_SendWAV_Raw) refers to ff.o(.text.f_close) for f_close
    app_main.o(.ARM.exidx.text.APP_ESP32_SendWAV_Raw) refers to app_main.o(.text.APP_ESP32_SendWAV_Raw) for [Anonymous Symbol]
    app_main.o(.text.APP_WaitWithCountdown) refers to mid_oled_ssd1306.o(.text.OLED_Clear) for OLED_Clear
[...]
    .ARM.Collect$$libinit$$00000011          0x08000162   Section        0  libinit2.o(.ARM.Collect$$libinit$$00000011)
    .ARM.Collect$$libinit$$00000013          0x08000162   Section        0  libinit2.o(.ARM.Collect$$libinit$$00000013)
    .ARM.Collect$$libinit$$00000015          0x08000162   Section        0  libinit2.o(.ARM.Collect$$libinit$$00000015)
    .ARM.Collect$$libinit$$00000017          0x08000162   Section        0  libinit2.o(.ARM.Collect$$libinit$$00000017)
    .ARM.Collect$$libinit$$00000019          0x08000162   Section        0  libinit2.o(.ARM.Collect$$libinit$$00000019)
    .ARM.Collect$$libinit$$0000001B          0x08000162   Section        0  libinit2.o(.ARM.Collect$$libinit$$0000001B)
    .ARM.Collect$$libinit$$0000001D          0x08000162   Section        0  libinit2.o(.ARM.Collect$$libinit$$0000001D)
    .ARM.Collect$$libinit$$0000001F          0x08000162   Section        0  libinit2.o(.ARM.Collect$$libinit$$0000001F)
    .ARM.Collect$$libinit$$00000021          0x08000162   Section        0  libinit2.o(.ARM.Collect$$libinit$$00000021)
    .ARM.Collect$$libinit$$00000023          0x08000162   Section        0  libinit2.o(.ARM.Collect$$libinit$$00000023)
    .ARM.Collect$$libinit$$00000025          0x08000162   Section        0  libinit2.o(.ARM.Collect$$libinit$$00000025)
    .ARM.Collect$$libinit$$0000002C          0x08000162   Section        0  libinit2.o(.ARM.Collect$$libinit$$0000002C)
    .ARM.Collect$$libinit$$0000002E          0x08000162   Section        0  libinit2.o(.ARM.Collect$$libinit$$0000002E)
    .ARM.Collect$$libinit$$00000030          0x08000162   Section        0  libinit2.o(.ARM.Collect$$libinit$$00000030)
    .ARM.Collect$$libinit$$00000032          0x08000162   Section        0  libinit2.o(.ARM.Collect$$libinit$$00000032)
    .ARM.Collect$$libinit$$00000033          0x08000162   Section        2  libinit2.o(.ARM.Collect$$libinit$$00000033)
    .ARM.Collect$$libshutdown$$00000000      0x08000164   Section        2  libshutdown.o(.ARM.Collect$$libshutdown$$00000000)
    .ARM.Collect$$libshutdown$$00000002      0x08000166   Section        0  libshutdown2.o(.ARM.Collect$$libshutdown$$00000002)
    .ARM.Collect$$libshutdown$$00000004      0x08000166   Section        0  libshutdown2.o(.ARM.Collect$$libshutdown$$00000004)
    .ARM.Collect$$libshutdown$$00000007      0x08000166   Section        0  libshutdown2.o(.ARM.Collect$$libshutdown$$00000007)
    .ARM.Collect$$libshutdown$$0000000A      0x08000166   Section        0  libshutdown2.o(.ARM.Collect$$libshutdown$$0000000A)
    .ARM.Collect$$libshutdown$$0000000C      0x08000166   Section        0  libshutdown2.o(.ARM.Collect$$libshutdown$$0000000C)
    .ARM.Collect$$libshutdown$$0000000F      0x08000166   Section        0  libshutdown2.o(.ARM.Collect$$libshutdown$$0000000F)
    .ARM.Collect$$libshutdown$$00000010      0x08000166   Section        2  libshutdown2.o(.ARM.Collect$$libshutdown$$00000010)
    .ARM.Collect$$rtentry$$00000000          0x08000168   Section        0  __rtentry.o(.ARM.Collect$$rtentry$$00000000)
    .ARM.Collect$$rtentry$$00000002          0x08000168   Section        0  __rtentry2.o(.ARM.Collect$$rtentry$$00000002)
    .ARM.Collect$$rtentry$$00000004          0x08000168   Section        6  __rtentry4.o(.ARM.Collect$$rtentry$$00000004)
    .ARM.Collect$$rtentry$$00000009          0x0800016e   Section        0  __rtentry2.o(.ARM.Collect$$rtentry$$00000009)
    .ARM.Collect$$rtentry$$0000000A          0x0800016e   Section        4  __rtentry2.o(.ARM.Collect$$rtentry$$0000000A)
    .ARM.Collect$$rtentry$$0000000C          0x08000172   Section        0  __rtentry2.o(.ARM.Collect$$rtentry$$0000000C)
    .ARM.Collect$$rtentry$$0000000D          0x08000172   Section        8  __rtentry2.o(.ARM.Collect$$rtentry$$0000000D)
    .ARM.Collect$$rtexit$$00000000           0x0800017a   Section        2  rtexit.o(.ARM.Collect$$rtexit$$00000000)
    .ARM.Collect$$rtexit$$00000002           0x0800017c   Section        0  rtexit2.o(.ARM.Collect$$rtexit$$00000002)
    .ARM.Collect$$rtexit$$00000003           0x0800017c   Section        4  rtexit2.o(.ARM.Collect$$rtexit$$00000003)
    .ARM.Collect$$rtexit$$00000004           0x08000180   Section        6  rtexit2.o(.ARM.Collect$$rtexit$$00000004)
    .text                                    0x08000188   Section       64  startup_stm32f10x_md.o(.text)
    .text                                    0x080001c8   Section        0  memcmp.o(.text)
    .text                                    0x08000220   Section      138  rt_memcpy_v6.o(.text)
    .text                                    0x080002aa   Section       68  rt_memclr.o(.text)
    .text                                    0x080002ee   Section       78  rt_memclr_w.o(.text)
    .text                                    0x0800033c   Section        0  heapauxi.o(.text)
    .text                                    0x08000342   Section      100  rt_memcpy_w.o(.text)
    .text                                    0x080003a6   Section       74  sys_stackheap_outer.o(.text)
    .text                                    0x080003f0   Section        0  exit.o(.text)
    .text                                    0x08000404   Section        8  libspace.o(.text)
    .text                                    0x0800040c   Section        0  sys_exit.o(.text)
    .text                                    0x08000418   Section        2  use_no_semi.o(.text)
    .text                                    0x0800041a   Section        0  indicate_semi.o(.text)
    [Anonymous Symbol]                       0x0800041c   Section        0  stm32f10x_adc.o(.text.ADC_Cmd)
    [Anonymous Symbol]                       0x08000430   Section        0  stm32f10x_adc.o(.text.ADC_DMACmd)
    [Anonymous Symbol]                       0x08000444   Section        0  stm32f10x_adc.o(.text.ADC_ExternalTrigConvCmd)
    [Anonymous Symbol]                       0x08000458   Section        0  stm32f10x_adc.o(.text.ADC_GetCalibrationStatus)
    [Anonymous Symbol]                       0x08000460   Section        0  stm32f10x_adc.o(.text.ADC_GetResetCalibrationStatus)
    [Anonymous Symbol]                       0x08000468   Section        0  stm32f10x_adc.o(.text.ADC_Init)
    [Anonymous Symbol]                       0x080004bc   Section        0  stm32f10x_adc.o(.text.ADC_RegularChannelConfig)
    [Anonymous Symbol]                       0x08000520   Section        0  stm32f10x_adc.o(.text.ADC_ResetCalibration)
    [Anonymous Symbol]                       0x0800052c   Section        0  stm32f10x_adc.o(.text.ADC_StartCalibration)
    APP_ESP32_SendWAV_Raw                    0x08000539   Thumb Code   212  app_main.o(.text.APP_ESP32_SendWAV_Raw)
    [Anonymous Symbol]                       0x08000538   Section        0  app_main.o(.text.APP_ESP32_SendWAV_Raw)
    APP_ESP32_StreamFiltered                 0x0800060d   Thumb Code   416  app_main.o(.text.APP_ESP32_StreamFiltered)
    [Anonymous Symbol]                       0x0800060c   Section        0  app_main.o(.text.APP_ESP32_StreamFiltered)
    APP_ProcessAndWriteBlock                 0x080007ad   Thumb Code    92  app_main.o(.text.APP_ProcessAndWriteBlock)
    [Anonymous Symbol]                       0x080007ac   Section        0  app_main.o(.text.APP_ProcessAndWriteBlock)
    APP_UART_SendFrameHeader                 0x08000809   Thumb Code    56  app_main.o(.text.APP_UART_SendFrameHeader)
    [Anonymous Symbol]                       0x08000808   Section        0  app_main.o(.text.APP_UART_SendFrameHeader)
    APP_UpdateDisplayBuffer                  0x08000841   Thumb Code    34  app_main.o(.text.APP_UpdateDisplayBuffer)
    [Anonymous Symbol]                       0x08000840   Section        0  app_main.o(.text.APP_UpdateDisplayBuffer)
    APP_WaitWithCountdown                    0x08000865   Thumb Code   160  app_main.o(.text.APP_WaitWithCountdown)
    [Anonymous Symbol]                       0x08000864   Section        0  app_main.o(.text.APP_WaitWithCountdown)
    Audio_ADC_Init                           0x08000905   Thumb Code   134  ip_audio_capture.o(.text.Audio_ADC_Init)
    [Anonymous Symbol]                       0x08000904   Section        0  ip_audio_capture.o(.text.Audio_ADC_Init)
    Audio_DMA_Init                           0x0800098d   Thumb Code   116  ip_audio_capture.o(.text.Audio_DMA_Init)
    [Anonymous Symbol]                       0x0800098c   Section        0  ip_audio_capture.o(.text.Audio_DMA_Init)
    Audio_GPIO_Init                          0x08000a01   Thumb Code    36  ip_audio_capture.o(.text.Audio_GPIO_Init)
    [Anonymous Symbol]                       0x08000a00   Section        0  ip_audio_capture.o(.text.Audio_GPIO_Init)
    [Anonymous Symbol]                       0x08000a24   Section        0  ip_audio_capture.o(.text.Audio_Init)
    [Anonymous Symbol]                       0x08000a64   Section        0  ip_audio_capture.o(.text.Audio_StartRecord)
    [Anonymous Symbol]                       0x08000ae0   Section        0  ip_audio_capture.o(.text.Audio_StopRecord)
    Audio_TIM_Init                           0x08000b0d   Thumb Code    54  ip_audio_capture.o(.text.Audio_TIM_Init)
    [Anonymous Symbol]                       0x08000b0c   Section        0  ip_audio_capture.o(.text.Audio_TIM_Init)
    [Anonymous Symbol]                       0x08000b44   Section        0  ip_audio_capture.o(.text.DMA1_Channel1_IRQHandler)
    [Anonymous Symbol]                       0x08000bc4   Section        0  stm32f10x_dma.o(.text.DMA_ClearFlag)
    [Anonymous Symbol]                       0x08000bd4   Section        0  stm32f10x_dma.o(.text.DMA_ClearITPendingBit)
    [Anonymous Symbol]                       0x08000be4   Section        0  stm32f10x_dma.o(.text.DMA_Cmd)
    [Anonymous Symbol]                       0x08000bfc   Section        0  stm32f10x_dma.o(.text.DMA_DeInit)
    [Anonymous Symbol]                       0x08000d08   Section        0  stm32f10x_dma.o(.text.DMA_GetITStatus)
    [Anonymous Symbol]                       0x08000d20   Section        0  stm32f10x_dma.o(.text.DMA_ITConfig)
    [Anonymous Symbol]                       0x08000d30   Section        0  stm32f10x_dma.o(.text.DMA_Init)
    [Anonymous Symbol]                       0x08000d78   Section        0  mid_audio_filters.o(.text.FIR_Init)
    [Anonymous Symbol]                       0x08000d8c   Section        0  mid_audio_filters.o(.text.FIR_Process)
    [Anonymous Symbol]                       0x08000dfc   Section        0  stm32f10x_flash.o(.text.FLASH_PrefetchBufferCmd)
    [Anonymous Symbol]                       0x08000e14   Section        0  stm32f10x_flash.o(.text.FLASH_SetLatency)
    [Anonymous Symbol]                       0x08000e28   Section        0  stm32f10x_gpio.o(.text.GPIO_Init)
    [Anonymous Symbol]                       0x08000ed8   Section        0  stm32f10x_gpio.o(.text.GPIO_ReadInputDataBit)
    [Anonymous Symbol]                       0x08000ee4   Section        0  stm32f10x_gpio.o(.text.GPIO_ResetBits)
    [Anonymous Symbol]                       0x08000ee8   Section        0  stm32f10x_gpio.o(.text.GPIO_SetBits)
    [Anonymous Symbol]                       0x08000eec   Section        0  stm32f10x_i2c.o(.text.I2C_Cmd)
    [Anonymous Symbol]                       0x08000f00   Section        0  stm32f10x_i2c.o(.text.I2C_GenerateSTART)
    [Anonymous Symbol]                       0x08000f14   Section        0  stm32f10x_i2c.o(.text.I2C_GenerateSTOP)
    [Anonymous Symbol]                       0x08000f28   Section        0  stm32f10x_i2c.o(.text.I2C_Init)
    I2C_OLED_Init                            0x08000ff5   Thumb Code   120  mid_oled_ssd1306.o(.text.I2C_OLED_Init)
    [Anonymous Symbol]                       0x08000ff4   Section        0  mid_oled_ssd1306.o(.text.I2C_OLED_Init)
    [Anonymous Symbol]                       0x0800106c   Section        0  stm32f10x_i2c.o(.text.I2C_Send7bitAddress)
    [Anonymous Symbol]                       0x0800107c   Section        0  stm32f10x_i2c.o(.text.I2C_SendData)
    I2C_WaitAddr                             0x08001081   Thumb Code    36  mid_oled_ssd1306.o(.text.I2C_WaitAddr)
    [Anonymous Symbol]                       0x08001080   Section        0  mid_oled_ssd1306.o(.text.I2C_WaitAddr)
    I2C_WaitBTF                              0x080010a5   Thumb Code    30  mid_oled_ssd1306.o(.text.I2C_WaitBTF)
    [Anonymous Symbol]                       0x080010a4   Section        0  mid_oled_ssd1306.o(.text.I2C_WaitBTF)
    I2C_WaitStart                            0x080010c5   Thumb Code    30  mid_oled_ssd1306.o(.text.I2C_WaitStart)
    [Anonymous Symbol]                       0x080010c4   Section        0  mid_oled_ssd1306.o(.text.I2C_WaitStart)
    I2C_WaitTXE                              0x080010e5   Thumb Code    30  mid_oled_ssd1306.o(.text.I2C_WaitTXE)
    [Anonymous Symbol]                       0x080010e4   Section        0  mid_oled_ssd1306.o(.text.I2C_WaitTXE)
    [Anonymous Symbol]                       0x08001104   Section        0  mid_audio_filters.o(.text.IIR_Init)
    [Anonymous Symbol]                       0x0800110c   Section        0  mid_audio_filters.o(.text.IIR_Process)
    [Anonymous Symbol]                       0x08001170   Section        0  ip_gpio_btn.o(.text.IP_BTN_Init)
    [Anonymous Symbol]                       0x08001198   Section        0  ip_gpio_btn.o(.text.IP_BTN_IsPressed)
    [Anonymous Symbol]                       0x080011c4   Section        0  ip_gpio_btn.o(.text.IP_BTN_WaitPressRelease)
    [Anonymous Symbol]                       0x08001200   Section        0  ip_sysclk.o(.text.IP_Delay_ms)
    [Anonymous Symbol]                       0x08001228   Section        0  ip_sysclk.o(.text.IP_SystemClock_Config)
    [Anonymous Symbol]                       0x08001294   Section        0  ip_usart1.o(.text.IP_USART1_Init)
    [Anonymous Symbol]                       0x08001300   Section        0  ip_usart1.o(.text.IP_USART1_SendBuf)
    [Anonymous Symbol]                       0x0800131c   Section        0  ip_usart1.o(.text.IP_USART1_SendByte)
    [Anonymous Symbol]                       0x08001330   Section        0  ip_usart1.o(.text.IP_USART1_WaitTC)
    NVIC_ClearPendingIRQ                     0x08001341   Thumb Code    16  ip_audio_capture.o(.text.NVIC_ClearPendingIRQ)
    [Anonymous Symbol]                       0x08001340   Section        0  ip_audio_capture.o(.text.NVIC_ClearPendingIRQ)
    [Anonymous Symbol]                       0x08001350   Section        0  misc.o(.text.NVIC_Init)
    [Anonymous Symbol]                       0x080013b0   Section        0  misc.o(.text.NVIC_PriorityGroupConfig)
    [Anonymous Symbol]                       0x080013c4   Section        0  mid_oled_ssd1306.o(.text.OLED_Clear)
    [Anonymous Symbol]                       0x080013d8   Section        0  mid_oled_ssd1306.o(.text.OLED_DrawChar)
    [Anonymous Symbol]                       0x08001438   Section        0  mid_oled_ssd1306.o(.text.OLED_DrawPixel)
    [Anonymous Symbol]                       0x08001474   Section        0  mid_oled_ssd1306.o(.text.OLED_DrawString)
    [Anonymous Symbol]                       0x080014a8   Section        0  mid_oled_ssd1306.o(.text.OLED_DrawWaveform)
    [Anonymous Symbol]                       0x08001590   Section        0  mid_oled_ssd1306.o(.text.OLED_Init)
    OLED_SendCommand                         0x08001649   Thumb Code    76  mid_oled_ssd1306.o(.text.OLED_SendCommand)
    [Anonymous Symbol]                       0x08001648   Section        0  mid_oled_ssd1306.o(.text.OLED_SendCommand)
    OLED_SendDataBurst                       0x08001695   Thumb Code    90  mid_oled_ssd1306.o(.text.OLED_SendDataBurst)
    [Anonymous Symbol]                       0x08001694   Section        0  mid_oled_ssd1306.o(.text.OLED_SendDataBurst)
    [Anonymous Symbol]                       0x080016f0   Section        0  mid_oled_ssd1306.o(.text.OLED_UpdateScreen)
    [Anonymous Symbol]                       0x08001730   Section        0  stm32f10x_rcc.o(.text.RCC_ADCCLKConfig)
    [Anonymous Symbol]                       0x08001744   Section        0  stm32f10x_rcc.o(.text.RCC_AHBPeriphClockCmd)
    [Anonymous Symbol]                       0x0800175c   Section        0  stm32f10x_rcc.o(.text.RCC_APB1PeriphClockCmd)
    [Anonymous Symbol]                       0x08001774   Section        0  stm32f10x_rcc.o(.text.RCC_APB1PeriphResetCmd)
    [Anonymous Symbol]                       0x0800178c   Section        0  stm32f10x_rcc.o(.text.RCC_APB2PeriphClockCmd)
    [Anonymous Symbol]                       0x080017a4   Section        0  stm32f10x_rcc.o(.text.RCC_DeInit)
    [Anonymous Symbol]                       0x080017e8   Section        0  stm32f10x_rcc.o(.text.RCC_GetClocksFreq)
    [Anonymous Symbol]                       0x08001888   Section        0  stm32f10x_rcc.o(.text.RCC_GetFlagStatus)
    [Anonymous Symbol]                       0x080018b4   Section        0  stm32f10x_rcc.o(.text.RCC_GetSYSCLKSource)
    [Anonymous Symbol]                       0x080018c4   Section        0  stm32f10x_rcc.o(.text.RCC_HCLKConfig)
    [Anonymous Symbol]                       0x080018d8   Section        0  stm32f10x_rcc.o(.text.RCC_HSEConfig)
    [Anonymous Symbol]                       0x0800190c   Section        0  stm32f10x_rcc.o(.text.RCC_PCLK1Config)
    [Anonymous Symbol]                       0x08001920   Section        0  stm32f10x_rcc.o(.text.RCC_PCLK2Config)
    [Anonymous Symbol]                       0x08001938   Section        0  stm32f10x_rcc.o(.text.RCC_PLLCmd)
    [Anonymous Symbol]                       0x08001944   Section        0  stm32f10x_rcc.o(.text.RCC_PLLConfig)
    [Anonymous Symbol]                       0x0800195c   Section        0  stm32f10x_rcc.o(.text.RCC_SYSCLKConfig)
    [Anonymous Symbol]                       0x08001970   Section        0  stm32f10x_rcc.o(.text.RCC_WaitForHSEStartUp)
    [Anonymous Symbol]                       0x080019a0   Section        0  ip_sd_spi.o(.text.SD_ReadBlock)
    [Anonymous Symbol]                       0x08001a28   Section        0  ip_sd_spi.o(.text.SD_SPI_Init)
    SD_SendCmd                               0x08001bad   Thumb Code    90  ip_sd_spi.o(.text.SD_SendCmd)
    [Anonymous Symbol]                       0x08001bac   Section        0  ip_sd_spi.o(.text.SD_SendCmd)
    [Anonymous Symbol]                       0x08001c08   Section        0  mid_sd_fatfs.o(.text.SD_WAV_Finalize)
    [Anonymous Symbol]                       0x08001c98   Section        0  mid_sd_fatfs.o(.text.SD_WAV_Init)
    [Anonymous Symbol]                       0x08001d6c   Section        0  mid_sd_fatfs.o(.text.SD_WAV_WriteBlock)
    SD_WaitReady                             0x08001db9   Thumb Code    32  ip_sd_spi.o(.text.SD_WaitReady)
    [Anonymous Symbol]                       0x08001db8   Section        0  ip_sd_spi.o(.text.SD_WaitReady)
    [Anonymous Symbol]                       0x08001dd8   Section        0  ip_sd_spi.o(.text.SD_WriteBlock)
    SPI1_Init_SD                             0x08001e6d   Thumb Code   138  ip_sd_spi.o(.text.SPI1_Init_SD)
    [Anonymous Symbol]                       0x08001e6c   Section        0  ip_sd_spi.o(.text.SPI1_Init_SD)
    [Anonymous Symbol]                       0x08001ef8   Section        0  stm32f10x_spi.o(.text.SPI_Cmd)
    [Anonymous Symbol]                       0x08001f0c   Section        0  stm32f10x_spi.o(.text.SPI_Init)
    SPI_ReadByte                             0x08001f55   Thumb Code    10  ip_sd_spi.o(.text.SPI_ReadByte)
    [Anonymous Symbol]                       0x08001f54   Section        0  ip_sd_spi.o(.text.SPI_ReadByte)
    SPI_SetSpeed                             0x08001f61   Thumb Code    30  ip_sd_spi.o(.text.SPI_SetSpeed)
    [Anonymous Symbol]                       0x08001f60   Section        0  ip_sd_spi.o(.text.SPI_SetSpeed)
    SPI_Xchg                                 0x08001f81   Thumb Code    66  ip_sd_spi.o(.text.SPI_Xchg)
    [Anonymous Symbol]                       0x08001f80   Section        0  ip_sd_spi.o(.text.SPI_Xchg)
    SetSysClock                              0x08001fc5   Thumb Code     8  system_stm32f10x.o(.text.SetSysClock)
    [Anonymous Symbol]                       0x08001fc4   Section        0  system_stm32f10x.o(.text.SetSysClock)
    SetSysClockTo72                          0x08001fcd   Thumb Code   190  system_stm32f10x.o(.text.SetSysClockTo72)
    [Anonymous Symbol]                       0x08001fcc   Section        0  system_stm32f10x.o(.text.SetSysClockTo72)
    [Anonymous Symbol]                       0x0800208c   Section        0  system_stm32f10x.o(.text.SystemCoreClockUpdate)
    [Anonymous Symbol]                       0x080020fc   Section        0  system_stm32f10x.o(.text.SystemInit)
    [Anonymous Symbol]                       0x08002154   Section        0  stm32f10x_tim.o(.text.TIM_Cmd)
    [Anonymous Symbol]                       0x08002168   Section        0  stm32f10x_tim.o(.text.TIM_SelectOutputTrigger)
    [Anonymous Symbol]                       0x08002178   Section        0  stm32f10x_tim.o(.text.TIM_TimeBaseInit)
    [Anonymous Symbol]                       0x08002224   Section        0  stm32f10x_usart.o(.text.USART_Cmd)
    [Anonymous Symbol]                       0x08002238   Section        0  stm32f10x_usart.o(.text.USART_Init)
    __NOP                                    0x080022ed   Thumb Code     4  ip_gpio_btn.o(.text.__NOP)
    [Anonymous Symbol]                       0x080022ec   Section        0  ip_gpio_btn.o(.text.__NOP)
    __NOP                                    0x080022f1   Thumb Code     4  ip_sysclk.o(.text.__NOP)
    [Anonymous Symbol]                       0x080022f0   Section        0  ip_sysclk.o(.text.__NOP)
    __NOP                                    0x080022f5   Thumb Code     4  mid_oled_ssd1306.o(.text.__NOP)
    [Anonymous Symbol]                       0x080022f4   Section        0  mid_oled_ssd1306.o(.text.__NOP)
    build_wav_header                         0x080022f9   Thumb Code    80  mid_sd_fatfs.o(.text.build_wav_header)
    [Anonymous Symbol]                       0x080022f8   Section        0  mid_sd_fatfs.o(.text.build_wav_header)
    clst2sect                                0x08002349   Thumb Code    24  ff.o(.text.clst2sect)
    [Anonymous Symbol]                       0x08002348   Section        0  ff.o(.text.clst2sect)
    create_chain                             0x08002361   Thumb Code   118  ff.o(.text.create_chain)
    [Anonymous Symbol]                       0x08002360   Section        0  ff.o(.text.create_chain)
    [Anonymous Symbol]                       0x080023d8   Section        0  diskio.o(.text.disk_initialize)
    disk_rd                                  0x080023f9   Thumb Code    12  ff.o(.text.disk_rd)
    [Anonymous Symbol]                       0x080023f8   Section        0  ff.o(.text.disk_rd)
    [Anonymous Symbol]                       0x08002404   Section        0  diskio.o(.text.disk_read)
    disk_wr                                  0x08002449   Thumb Code    12  ff.o(.text.disk_wr)
    [Anonymous Symbol]                       0x08002448   Section        0  ff.o(.text.disk_wr)
    [Anonymous Symbol]                       0x08002454   Section        0  diskio.o(.text.disk_write)
    [Anonymous Symbol]                       0x08002498   Section        0  ff.o(.text.f_close)
    [Anonymous Symbol]                       0x080024b4   Section        0  ff.o(.text.f_lseek)
    [Anonymous Symbol]                       0x08002574   Section        0  ff.o(.text.f_mount)
    [Anonymous Symbol]                       0x08002668   Section        0  ff.o(.text.f_open)
    [Anonymous Symbol]                       0x08002880   Section        0  ff.o(.text.f_read)
    [Anonymous Symbol]                       0x08002924   Section        0  ff.o(.text.f_sync)
    [Anonymous Symbol]                       0x08002938   Section        0  ff.o(.text.f_write)
    get_fat                                  0x08002b01   Thumb Code    66  ff.o(.text.get_fat)
    [Anonymous Symbol]                       0x08002b00   Section        0  ff.o(.text.get_fat)
    locate_or_create_direntry                0x08002b45   Thumb Code   362  ff.o(.text.locate_or_create_direntry)
    [Anonymous Symbol]                       0x08002b44   Section        0  ff.o(.text.locate_or_create_direntry)
    [Anonymous Symbol]                       0x08002cb0   Section        0  app_main.o(.text.main)
    make_sfn                                 0x08002f8d   Thumb Code   138  ff.o(.text.make_sfn)
    [Anonymous Symbol]                       0x08002f8c   Section        0  ff.o(.text.make_sfn)
    move_window                              0x08003019   Thumb Code    60  ff.o(.text.move_window)
    [Anonymous Symbol]                       0x08003018   Section        0  ff.o(.text.move_window)
    put_fat                                  0x08003055   Thumb Code    96  ff.o(.text.put_fat)
    [Anonymous Symbol]                       0x08003054   Section        0  ff.o(.text.put_fat)
    sync_fs                                  0x080030b5   Thumb Code   150  ff.o(.text.sync_fs)
    [Anonymous Symbol]                       0x080030b4   Section        0  ff.o(.text.sync_fs)
    sync_window                              0x0800314d   Thumb Code    36  ff.o(.text.sync_window)
    [Anonymous Symbol]                       0x0800314c   Section        0  ff.o(.text.sync_window)
    ADCPrescTable                            0x08003170   Data           4  stm32f10x_rcc.o(.rodata.ADCPrescTable)
    [Anonymous Symbol]                       0x08003170   Section        0  stm32f10x_rcc.o(.rodata.ADCPrescTable)
    APBAHBPrescTable                         0x08003184   Data          16  stm32f10x_rcc.o(.rodata.APBAHBPrescTable)
    [Anonymous Symbol]                       0x08003184   Section        0  stm32f10x_rcc.o(.rodata.APBAHBPrescTable)
    .L.str.18                                0x080033ae   Data          10  app_main.o(.rodata.str1.1)
    [Anonymous Symbol]                       0x080033ae   Section        0  app_main.o(.rodata.str1.1)
    .L.str.15                                0x080033b8   Data          16  app_main.o(.rodata.str1.1)
    .L.str.14                                0x080033c8   Data          10  app_main.o(.rodata.str1.1)
    .L.str.29                                0x080033d2   Data          10  app_main.o(.rodata.str1.1)
    .L.str.30                                0x080033dc   Data          10  app_main.o(.rodata.str1.1)
    .L.str                                   0x080033e6   Data           3  app_main.o(.rodata.str1.1)
    .L.str.24                                0x080033e6   Data           3  app_main.o(.rodata.str1.1)
    .L.str.13                                0x080033e9   Data          12  app_main.o(.rodata.str1.1)
    .L.str.27                                0x080033f5   Data          12  app_main.o(.rodata.str1.1)
    .L.str.28                                0x08003401   Data          12  app_main.o(.rodata.str1.1)
    .L.str.19                                0x0800340d   Data          12  app_main.o(.rodata.str1.1)
    .L.str.9                                 0x08003419   Data          10  app_main.o(.rodata.str1.1)
    .L.str.21                                0x08003423   Data          14  app_main.o(.rodata.str1.1)
    .L.str.20                                0x08003431   Data          15  app_main.o(.rodata.str1.1)
    .L.str.17                                0x08003440   Data          15  app_main.o(.rodata.str1.1)
    .L.str.16                                0x0800344f   Data          15  app_main.o(.rodata.str1.1)
    drive_status                             0x20000004   Data           1  diskio.o(.data.drive_status)
    [Anonymous Symbol]                       0x20000004   Section        0  diskio.o(.data.drive_status)
    .bss                                     0x20000008   Section       96  libspace.o(.bss)
    display_buf                              0x20000c70   Data         256  app_main.o(.bss.display_buf)
    [Anonymous Symbol]                       0x20000c70   Section        0  app_main.o(.bss.display_buf)
    g_data_bytes                             0x20000d70   Data           4  mid_sd_fatfs.o(.bss.g_data_bytes)
    [Anonymous Symbol]                       0x20000d70   Section        0  mid_sd_fatfs.o(.bss.g_data_bytes)
    g_fatfs                                  0x20000d74   Data         552  mid_sd_fatfs.o(.bss.g_fatfs)
    [Anonymous Symbol]                       0x20000d74   Section        0  mid_sd_fatfs.o(.bss.g_fatfs)
    g_file                                   0x20000f9c   Data         552  mid_sd_fatfs.o(.bss.g_file)
    [Anonymous Symbol]                       0x20000f9c   Section        0  mid_sd_fatfs.o(.bss.g_file)
    g_fs                                     0x200011c4   Data           4  ff.o(.bss.g_fs)
    [Anonymous Symbol]                       0x200011c4   Section        0  ff.o(.bss.g_fs)
    g_is_open                                0x200011c8   Data           1  mid_sd_fatfs.o(.bss.g_is_open)
    [Anonymous Symbol]                       0x200011c8   Section        0  mid_sd_fatfs.o(.bss.g_is_open)
    pcm_block                                0x200011ca   Data        1024  app_main.o(.bss.pcm_block)
    [Anonymous Symbol]                       0x200011ca   Section        0  app_main.o(.bss.pcm_block)
    sd_card_type                             0x200015ca   Data           1  ip_sd_spi.o(.bss.sd_card_type)
    [Anonymous Symbol]                       0x200015ca   Section        0  ip_sd_spi.o(.bss.sd_card_type)
    total_samples                            0x200015cc   Data           4  app_main.o(.bss.total_samples)
    [Anonymous Symbol]                       0x200015cc   Section        0  app_main.o(.bss.total_samples)
    uart_chunk                               0x200015d0   Data         512  app_main.o(.bss.uart_chunk)
    [Anonymous Symbol]                       0x200015d0   Section        0  app_main.o(.bss.uart_chunk)
    Heap_Mem                                 0x200017d0   Data         512  startup_stm32f10x_md.o(HEAP)
    HEAP                                     0x200017d0   Section      512  startup_stm32f10x_md.o(HEAP)
    Stack_Mem                                0x200019d0   Data        1024  startup_stm32f10x_md.o(STACK)
    STACK                                    0x200019d0   Section     1024  startup_stm32f10x_md.o(STACK)
    __initial_sp                             0x20001dd0   Data           0  startup_stm32f10x_md.o(STACK)

    Global Symbols

    Symbol Name                              Value     Ov Type        Size  Object(Section)

    BuildAttributes$$THM_ISAv4$P$D$K$B$S$PE$A:L22UL41UL21$X:L11$S22US41US21$IEEE1$IW$~IW$USESV6$~STKCKD$USESV7$~SHL$OTIME$ROPI$EBA8$UX$STANDARDLIB$REQ8$PRES8$EABIv2 0x00000000   Number         0  anon$$obj.o ABSOLUTE
    __fp_init_empty                          0x00000000   Number         0  fpinit_empty.o ABSOLUTE
    __ARM_exceptions_init                     - Undefined Weak Reference
    __alloca_initialize                       - Undefined Weak Reference
    __arm_preinit_                            - Undefined Weak Reference
    __cpp_initialize__aeabi_                  - Undefined Weak Reference
    __cxa_finalize                            - Undefined Weak Reference
    __rt_locale                               - Undefined Weak Reference
    __sigvec_lookup                           - Undefined Weak Reference
    _atexit_init                              - Undefined Weak Reference
    _call_atexit_fns                          - Undefined Weak Reference
    _clock_init                               - Undefined Weak Reference
    _fp_trap_init                             - Undefined Weak Reference
    _fp_trap_shutdown                         - Undefined Weak Reference
    _get_lc_collate                           - Undefined Weak Reference
    _get_lc_ctype                             - Undefined Weak Reference
    _get_lc_monetary                          - Undefined Weak Reference
    _get_lc_numeric                           - Undefined Weak Reference
    _get_lc_time                              - Undefined Weak Reference
    _getenv_init                              - Undefined Weak Reference
    _handle_redirection                       - Undefined Weak Reference
    _init_alloc                               - Undefined Weak Reference
    _init_user_alloc                          - Undefined Weak Reference
    _initio                                   - Undefined Weak Reference
    _rand_init                                - Undefined Weak Reference
    _signal_finish                            - Undefined Weak Reference
    _signal_init                              - Undefined Weak Reference
    _terminate_alloc                          - Undefined Weak Reference
    _terminate_user_alloc                     - Undefined Weak Reference
    _terminateio                              - Undefined Weak Reference
    __Vectors_Size                           0x000000ec   Number         0  startup_stm32f10x_md.o ABSOLUTE
    __Vectors                                0x08000000   Data           4  startup_stm32f10x_md.o(RESET)
    __Vectors_End                            0x080000ec   Data           0  startup_stm32f10x_md.o(RESET)
    __main                                   0x080000ed   Thumb Code     8  __main.o(!!!main)
    __scatterload                            0x080000f5   Thumb Code     0  __scatter.o(!!!scatter)
    __scatterload_rt2                        0x080000f5   Thumb Code    44  __scatter.o(!!!scatter)
    __scatterload_rt2_thumb_only             0x080000f5   Thumb Code     0  __scatter.o(!!!scatter)
    __scatterload_null                       0x08000103   Thumb Code     0  __scatter.o(!!!scatter)
    __scatterload_copy                       0x08000129   Thumb Code    26  __scatter_copy.o(!!handler_copy)
    __scatterload_zeroinit                   0x08000145   Thumb Code    28  __scatter_zi.o(!!handler_zi)
    __rt_lib_init                            0x08000161   Thumb Code     0  libinit.o(.ARM.Collect$$libinit$$00000000)
    __rt_lib_init_alloca_1                   0x08000163   Thumb Code     0  libinit2.o(.ARM.Collect$$libinit$$0000002E)
    __rt_lib_init_argv_1                     0x08000163   Thumb Code     0  libinit2.o(.ARM.Collect$$libinit$$0000002C)
    __rt_lib_init_atexit_1                   0x08000163   Thumb Code     0  libinit2.o(.ARM.Collect$$libinit$$0000001B)
    __rt_lib_init_clock_1                    0x08000163   Thumb Code     0  libinit2.o(.ARM.Collect$$libinit$$00000021)
    __rt_lib_init_cpp_1                      0x08000163   Thumb Code     0  libinit2.o(.ARM.Collect$$libinit$$00000032)
    __rt_lib_init_exceptions_1               0x08000163   Thumb Code     0  libinit2.o(.ARM.Collect$$libinit$$00000030)
    __rt_lib_init_fp_1                       0x08000163   Thumb Code     0  libinit2.o(.ARM.Collect$$libinit$$00000002)
    __rt_lib_init_fp_trap_1                  0x08000163   Thumb Code     0  libinit2.o(.ARM.Collect$$libinit$$0000001F)
    __rt_lib_init_getenv_1                   0x08000163   Thumb Code     0  libinit2.o(.ARM.Collect$$libinit$$00000023)
    __rt_lib_init_heap_1                     0x08000163   Thumb Code     0  libinit2.o(.ARM.Collect$$libinit$$0000000A)
    __rt_lib_init_lc_collate_1               0x08000163   Thumb Code     0  libinit2.o(.ARM.Collect$$libinit$$00000011)
    __rt_lib_init_lc_ctype_1                 0x08000163   Thumb Code     0  libinit2.o(.ARM.Collect$$libinit$$00000013)
    __rt_lib_init_lc_monetary_1              0x08000163   Thumb Code     0  libinit2.o(.ARM.Collect$$libinit$$00000015)
    __rt_lib_init_lc_numeric_1               0x08000163   Thumb Code     0  libinit2.o(.ARM.Collect$$libinit$$00000017)
    __rt_lib_init_lc_time_1                  0x08000163   Thumb Code     0  libinit2.o(.ARM.Collect$$libinit$$00000019)
    __rt_lib_init_preinit_1                  0x08000163   Thumb Code     0  libinit2.o(.ARM.Collect$$libinit$$00000004)
    __rt_lib_init_rand_1                     0x08000163   Thumb Code     0  libinit2.o(.ARM.Collect$$libinit$$0000000E)
    __rt_lib_init_return                     0x08000163   Thumb Code     0  libinit2.o(.ARM.Collect$$libinit$$00000033)
    __rt_lib_init_signal_1                   0x08000163   Thumb Code     0  libinit2.o(.ARM.Collect$$libinit$$0000001D)
    __rt_lib_init_stdio_1                    0x08000163   Thumb Code     0  libinit2.o(.ARM.Collect$$libinit$$00000025)
    __rt_lib_init_user_alloc_1               0x08000163   Thumb Code     0  libinit2.o(.ARM.Collect$$libinit$$0000000C)
    __rt_lib_shutdown                        0x08000165   Thumb Code     0  libshutdown.o(.ARM.Collect$$libshutdown$$00000000)
    __rt_lib_shutdown_cpp_1                  0x08000167   Thumb Code     0  libshutdown2.o(.ARM.Collect$$libshutdown$$00000002)
    __rt_lib_shutdown_fp_trap_1              0x08000167   Thumb Code     0  libshutdown2.o(.ARM.Collect$$libshutdown$$00000007)
    __rt_lib_shutdown_heap_1                 0x08000167   Thumb Code     0  libshutdown2.o(.ARM.Collect$$libshutdown$$0000000F)
    __rt_lib_shutdown_return                 0x08000167   Thumb Code     0  libshutdown2.o(.ARM.Collect$$libshutdown$$00000010)
    __rt_lib_shutdown_signal_1               0x08000167   Thumb Code     0  libshutdown2.o(.ARM.Collect$$libshutdown$$0000000A)
    __rt_lib_shutdown_stdio_1                0x08000167   Thumb Code     0  libshutdown2.o(.ARM.Collect$$libshutdown$$00000004)
    __rt_lib_shutdown_user_alloc_1           0x08000167   Thumb Code     0  libshutdown2.o(.ARM.Collect$$libshutdown$$0000000C)
    __rt_entry                               0x08000169   Thumb Code     0  __rtentry.o(.ARM.Collect$$rtentry$$00000000)
    __rt_entry_presh_1                       0x08000169   Thumb Code     0  __rtentry2.o(.ARM.Collect$$rtentry$$00000002)
    __rt_entry_sh                            0x08000169   Thumb Code     0  __rtentry4.o(.ARM.Collect$$rtentry$$00000004)
    __rt_entry_li                            0x0800016f   Thumb Code     0  __rtentry2.o(.ARM.Collect$$rtentry$$0000000A)
    __rt_entry_postsh_1                      0x0800016f   Thumb Code     0  __rtentry2.o(.ARM.Collect$$rtentry$$00000009)
    __rt_entry_main                          0x08000173   Thumb Code     0  __rtentry2.o(.ARM.Collect$$rtentry$$0000000D)
    __rt_entry_postli_1                      0x08000173   Thumb Code     0  __rtentry2.o(.ARM.Collect$$rtentry$$0000000C)
    __rt_exit                                0x0800017b   Thumb Code     0  rtexit.o(.ARM.Collect$$rtexit$$00000000)
    __rt_exit_ls                             0x0800017d   Thumb Code     0  rtexit2.o(.ARM.Collect$$rtexit$$00000003)
    __rt_exit_prels_1                        0x0800017d   Thumb Code     0  rtexit2.o(.ARM.Collect$$rtexit$$00000002)
    __rt_exit_exit                           0x08000181   Thumb Code     0  rtexit2.o(.ARM.Collect$$rtexit$$00000004)
    Reset_Handler                            0x08000189   Thumb Code     8  startup_stm32f10x_md.o(.text)
    NMI_Handler                              0x08000191   Thumb Code     2  startup_stm32f10x_md.o(.text)
    HardFault_Handler                        0x08000193   Thumb Code     2  startup_stm32f10x_md.o(.text)
    MemManage_Handler                        0x08000195   Thumb Code     2  startup_stm32f10x_md.o(.text)
    BusFault_Handler                         0x08000197   Thumb Code     2  startup_stm32f10x_md.o(.text)
    UsageFault_Handler                       0x08000199   Thumb Code     2  startup_stm32f10x_md.o(.text)
    SVC_Handler                              0x0800019b   Thumb Code     2  startup_stm32f10x_md.o(.text)
    DebugMon_Handler                         0x0800019d   Thumb Code     2  startup_stm32f10x_md.o(.text)
    PendSV_Handler                           0x0800019f   Thumb Code     2  startup_stm32f10x_md.o(.text)
    SysTick_Handler                          0x080001a1   Thumb Code     2  startup_stm32f10x_md.o(.text)
    ADC1_2_IRQHandler                        0x080001a3   Thumb Code     0  startup_stm32f10x_md.o(.text)
    CAN1_RX1_IRQHandler                      0x080001a3   Thumb Code     0  startup_stm32f10x_md.o(.text)
    CAN1_SCE_IRQHandler                      0x080001a3   Thumb Code     0  startup_stm32f10x_md.o(.text)
    DMA1_Channel2_IRQHandler                 0x080001a3   Thumb Code     0  startup_stm32f10x_md.o(.text)
    DMA1_Channel3_IRQHandler                 0x080001a3   Thumb Code     0  startup_stm32f10x_md.o(.text)
    DMA1_Channel4_IRQHandler                 0x080001a3   Thumb Code     0  startup_stm32f10x_md.o(.text)
    DMA1_Channel5_IRQHandler                 0x080001a3   Thumb Code     0  startup_stm32f10x_md.o(.text)
    DMA1_Channel6_IRQHandler                 0x080001a3   Thumb Code     0  startup_stm32f10x_md.o(.text)
    DMA1_Channel7_IRQHandler                 0x080001a3   Thumb Code     0  startup_stm32f10x_md.o(.text)
    EXTI0_IRQHandler                         0x080001a3   Thumb Code     0  startup_stm32f10x_md.o(.text)
    EXTI15_10_IRQHandler                     0x080001a3   Thumb Code     0  startup_stm32f10x_md.o(.text)
    EXTI1_IRQHandler                         0x080001a3   Thumb Code     0  startup_stm32f10x_md.o(.text)
    EXTI2_IRQHandler                         0x080001a3   Thumb Code     0  startup_stm32f10x_md.o(.text)
    EXTI3_IRQHandler                         0x080001a3   Thumb Code     0  startup_stm32f10x_md.o(.text)
    EXTI4_IRQHandler                         0x080001a3   Thumb Code     0  startup_stm32f10x_md.o(.text)
    EXTI9_5_IRQHandler                       0x080001a3   Thumb Code     0  startup_stm32f10x_md.o(.text)
    FLASH_IRQHandler                         0x080001a3   Thumb Code     0  startup_stm32f10x_md.o(.text)
    I2C1_ER_IRQHandler                       0x080001a3   Thumb Code     0  startup_stm32f10x_md.o(.text)
    I2C1_EV_IRQHandler                       0x080001a3   Thumb Code     0  startup_stm32f10x_md.o(.text)
    I2C2_ER_IRQHandler                       0x080001a3   Thumb Code     0  startup_stm32f10x_md.o(.text)
    I2C2_EV_IRQHandler                       0x080001a3   Thumb Code     0  startup_stm32f10x_md.o(.text)
    PVD_IRQHandler                           0x080001a3   Thumb Code     0  startup_stm32f10x_md.o(.text)
    RCC_IRQHandler                           0x080001a3   Thumb Code     0  startup_stm32f10x_md.o(.text)
    RTCAlarm_IRQHandler                      0x080001a3   Thumb Code     0  startup_stm32f10x_md.o(.text)
    RTC_IRQHandler                           0x080001a3   Thumb Code     0  startup_stm32f10x_md.o(.text)
    SPI1_IRQHandler                          0x080001a3   Thumb Code     0  startup_stm32f10x_md.o(.text)
    SPI2_IRQHandler                          0x080001a3   Thumb Code     0  startup_stm32f10x_md.o(.text)
    TAMPER_IRQHandler                        0x080001a3   Thumb Code     0  startup_stm32f10x_md.o(.text)
    TIM1_BRK_IRQHandler                      0x080001a3   Thumb Code     0  startup_stm32f10x_md.o(.text)
    TIM1_CC_IRQHandler                       0x080001a3   Thumb Code     0  startup_stm32f10x_md.o(.text)
    TIM1_TRG_COM_IRQHandler                  0x080001a3   Thumb Code     0  startup_stm32f10x_md.o(.text)
    TIM1_UP_IRQHandler                       0x080001a3   Thumb Code     0  startup_stm32f10x_md.o(.text)
    TIM2_IRQHandler                          0x080001a3   Thumb Code     0  startup_stm32f10x_md.o(.text)
    TIM3_IRQHandler                          0x080001a3   Thumb Code     0  startup_stm32f10x_md.o(.text)
    TIM4_IRQHandler                          0x080001a3   Thumb Code     0  startup_stm32f10x_md.o(.text)
    USART1_IRQHandler                        0x080001a3   Thumb Code     0  startup_stm32f10x_md.o(.text)
    USART2_IRQHandler                        0x080001a3   Thumb Code     0  startup_stm32f10x_md.o(.text)
    USART3_IRQHandler                        0x080001a3   Thumb Code     0  startup_stm32f10x_md.o(.text)
    USBWakeUp_IRQHandler                     0x080001a3   Thumb Code     0  startup_stm32f10x_md.o(.text)
    USB_HP_CAN1_TX_IRQHandler                0x080001a3   Thumb Code     0  startup_stm32f10x_md.o(.text)
    USB_LP_CAN1_RX0_IRQHandler               0x080001a3   Thumb Code     0  startup_stm32f10x_md.o(.text)
    WWDG_IRQHandler                          0x080001a3   Thumb Code     0  startup_stm32f10x_md.o(.text)
    __user_initial_stackheap                 0x080001a5   Thumb Code     0  startup_stm32f10x_md.o(.text)
    memcmp                                   0x080001c9   Thumb Code    88  memcmp.o(.text)
    __aeabi_memcpy                           0x08000221   Thumb Code     0  rt_memcpy_v6.o(.text)
    __rt_memcpy                              0x08000221   Thumb Code   138  rt_memcpy_v6.o(.text)
    _memcpy_lastbytes                        0x08000287   Thumb Code     0  rt_memcpy_v6.o(.text)
    __aeabi_memclr                           0x080002ab   Thumb Code     0  rt_memclr.o(.text)
    __rt_memclr                              0x080002ab   Thumb Code    68  rt_memclr.o(.text)
    _memset                                  0x080002af   Thumb Code     0  rt_memclr.o(.text)
    __aeabi_memclr4                          0x080002ef   Thumb Code     0  rt_memclr_w.o(.text)
    __aeabi_memclr8                          0x080002ef   Thumb Code     0  rt_memclr_w.o(.text)
    __rt_memclr_w                            0x080002ef   Thumb Code    78  rt_memclr_w.o(.text)
    _memset_w                                0x080002f3   Thumb Code     0  rt_memclr_w.o(.text)
    __use_two_region_memory                  0x0800033d   Thumb Code     2  heapauxi.o(.text)
    __rt_heap_escrow$2region                 0x0800033f   Thumb Code     2  heapauxi.o(.text)
    __rt_heap_expand$2region                 0x08000341   Thumb Code     2  heapauxi.o(.text)
    __aeabi_memcpy4                          0x08000343   Thumb Code     0  rt_memcpy_w.o(.text)
    __aeabi_memcpy8                          0x08000343   Thumb Code     0  rt_memcpy_w.o(.text)
    __rt_memcpy_w                            0x08000343   Thumb Code   100  rt_memcpy_w.o(.text)
    _memcpy_lastbytes_aligned                0x0800038b   Thumb Code     0  rt_memcpy_w.o(.text)
    __user_setup_stackheap                   0x080003a7   Thumb Code    74  sys_stackheap_outer.o(.text)
    exit                                     0x080003f1   Thumb Code    18  exit.o(.text)
    __user_libspace                          0x08000405   Thumb Code     8  libspace.o(.text)
    __user_perproc_libspace                  0x08000405   Thumb Code     0  libspace.o(.text)
    __user_perthread_libspace                0x08000405   Thumb Code     0  libspace.o(.text)
    _sys_exit                                0x0800040d   Thumb Code     8  sys_exit.o(.text)
    __I$use$semihosting                      0x08000419   Thumb Code     0  use_no_semi.o(.text)
    __use_no_semihosting_swi                 0x08000419   Thumb Code     2  use_no_semi.o(.text)
    __semihosting_library_function           0x0800041b   Thumb Code     0  indicate_semi.o(.text)
    ADC_Cmd                                  0x0800041d   Thumb Code    18  stm32f10x_adc.o(.text.ADC_Cmd)
    ADC_DMACmd                               0x08000431   Thumb Code    18  stm32f10x_adc.o(.text.ADC_DMACmd)
    ADC_ExternalTrigConvCmd                  0x08000445   Thumb Code    18  stm32f10x_adc.o(.text.ADC_ExternalTrigConvCmd)
    ADC_GetCalibrationStatus                 0x08000459   Thumb Code     8  stm32f10x_adc.o(.text.ADC_GetCalibrationStatus)
    ADC_GetResetCalibrationStatus            0x08000461   Thumb Code     8  stm32f10x_adc.o(.text.ADC_GetResetCalibrationStatus)
    ADC_Init                                 0x08000469   Thumb Code    84  stm32f10x_adc.o(.text.ADC_Init)
    ADC_RegularChannelConfig                 0x080004bd   Thumb Code    98  stm32f10x_adc.o(.text.ADC_RegularChannelConfig)
    ADC_ResetCalibration                     0x08000521   Thumb Code    10  stm32f10x_adc.o(.text.ADC_ResetCalibration)
    ADC_StartCalibration                     0x0800052d   Thumb Code    10  stm32f10x_adc.o(.text.ADC_StartCalibration)
    Audio_Init                               0x08000a25   Thumb Code    62  ip_audio_capture.o(.text.Audio_Init)
    Audio_StartRecord                        0x08000a65   Thumb Code   122  ip_audio_capture.o(.text.Audio_StartRecord)
    Audio_StopRecord                         0x08000ae1   Thumb Code    42  ip_audio_capture.o(.text.Audio_StopRecord)
    DMA1_Channel1_IRQHandler                 0x08000b45   Thumb Code   128  ip_audio_capture.o(.text.DMA1_Channel1_IRQHandler)
    DMA_ClearFlag                            0x08000bc5   Thumb Code    16  stm32f10x_dma.o(.text.DMA_ClearFlag)
    DMA_ClearITPendingBit                    0x08000bd5   Thumb Code    16  stm32f10x_dma.o(.text.DMA_ClearITPendingBit)
    DMA_Cmd                                  0x08000be5   Thumb Code    22  stm32f10x_dma.o(.text.DMA_Cmd)
    DMA_DeInit                               0x08000bfd   Thumb Code   268  stm32f10x_dma.o(.text.DMA_DeInit)
    DMA_GetITStatus                          0x08000d09   Thumb Code    22  stm32f10x_dma.o(.text.DMA_GetITStatus)
    DMA_ITConfig                             0x08000d21   Thumb Code    16  stm32f10x_dma.o(.text.DMA_ITConfig)
    DMA_Init                                 0x08000d31   Thumb Code    72  stm32f10x_dma.o(.text.DMA_Init)
    FIR_Init                                 0x08000d79   Thumb Code    18  mid_audio_filters.o(.text.FIR_Init)
    FIR_Process                              0x08000d8d   Thumb Code   110  mid_audio_filters.o(.text.FIR_Process)
    FLASH_PrefetchBufferCmd                  0x08000dfd   Thumb Code    24  stm32f10x_flash.o(.text.FLASH_PrefetchBufferCmd)
    FLASH_SetLatency                         0x08000e15   Thumb Code    20  stm32f10x_flash.o(.text.FLASH_SetLatency)
    GPIO_Init                                0x08000e29   Thumb Code   176  stm32f10x_gpio.o(.text.GPIO_Init)
    GPIO_ReadInputDataBit                    0x08000ed9   Thumb Code    10  stm32f10x_gpio.o(.text.GPIO_ReadInputDataBit)
    GPIO_ResetBits                           0x08000ee5   Thumb Code     4  stm32f10x_gpio.o(.text.GPIO_ResetBits)
    GPIO_SetBits                             0x08000ee9   Thumb Code     4  stm32f10x_gpio.o(.text.GPIO_SetBits)
    I2C_Cmd                                  0x08000eed   Thumb Code    18  stm32f10x_i2c.o(.text.I2C_Cmd)
    I2C_GenerateSTART                        0x08000f01   Thumb Code    18  stm32f10x_i2c.o(.text.I2C_GenerateSTART)
    I2C_GenerateSTOP                         0x08000f15   Thumb Code    18  stm32f10x_i2c.o(.text.I2C_GenerateSTOP)
    I2C_Init                                 0x08000f29   Thumb Code   204  stm32f10x_i2c.o(.text.I2C_Init)
    I2C_Send7bitAddress                      0x0800106d   Thumb Code    16  stm32f10x_i2c.o(.text.I2C_Send7bitAddress)
    I2C_SendData                             0x0800107d   Thumb Code     4  stm32f10x_i2c.o(.text.I2C_SendData)
    IIR_Init                                 0x08001105   Thumb Code     8  mid_audio_filters.o(.text.IIR_Init)
    IIR_Process                              0x0800110d   Thumb Code    98  mid_audio_filters.o(.text.IIR_Process)
    IP_BTN_Init                              0x08001171   Thumb Code    38  ip_gpio_btn.o(.text.IP_BTN_Init)
    IP_BTN_IsPressed                         0x08001199   Thumb Code    44  ip_gpio_btn.o(.text.IP_BTN_IsPressed)
    IP_BTN_WaitPressRelease                  0x080011c5   Thumb Code    60  ip_gpio_btn.o(.text.IP_BTN_WaitPressRelease)
    IP_Delay_ms                              0x08001201   Thumb Code    38  ip_sysclk.o(.text.IP_Delay_ms)
    IP_SystemClock_Config                    0x08001229   Thumb Code   106  ip_sysclk.o(.text.IP_SystemClock_Config)
    IP_USART1_Init                           0x08001295   Thumb Code   106  ip_usart1.o(.text.IP_USART1_Init)
    IP_USART1_SendBuf                        0x08001301   Thumb Code    26  ip_usart1.o(.text.IP_USART1_SendBuf)
    IP_USART1_SendByte                       0x0800131d   Thumb Code    18  ip_usart1.o(.text.IP_USART1_SendByte)
    IP_USART1_WaitTC                         0x08001331   Thumb Code    16  ip_usart1.o(.text.IP_USART1_WaitTC)
    NVIC_Init                                0x08001351   Thumb Code    94  misc.o(.text.NVIC_Init)
    NVIC_PriorityGroupConfig                 0x080013b1   Thumb Code    20  misc.o(.text.NVIC_PriorityGroupConfig)
    OLED_Clear                               0x080013c5   Thumb Code    20  mid_oled_ssd1306.o(.text.OLED_Clear)
    OLED_DrawChar                            0x080013d9   Thumb Code    96  mid_oled_ssd1306.o(.text.OLED_DrawChar)
    OLED_DrawPixel                           0x08001439   Thumb Code    58  mid_oled_ssd1306.o(.text.OLED_DrawPixel)
    OLED_DrawString                          0x08001475   Thumb Code    52  mid_oled_ssd1306.o(.text.OLED_DrawString)
    OLED_DrawWaveform                        0x080014a9   Thumb Code   230  mid_oled_ssd1306.o(.text.OLED_DrawWaveform)
    OLED_Init                                0x08001591   Thumb Code   184  mid_oled_ssd1306.o(.text.OLED_Init)
    OLED_UpdateScreen                        0x080016f1   Thumb Code    64  mid_oled_ssd1306.o(.text.OLED_UpdateScreen)
    RCC_ADCCLKConfig                         0x08001731   Thumb Code    20  stm32f10x_rcc.o(.text.RCC_ADCCLKConfig)
    RCC_AHBPeriphClockCmd                    0x08001745   Thumb Code    24  stm32f10x_rcc.o(.text.RCC_AHBPeriphClockCmd)
    RCC_APB1PeriphClockCmd                   0x0800175d   Thumb Code    24  stm32f10x_rcc.o(.text.RCC_APB1PeriphClockCmd)
    RCC_APB1PeriphResetCmd                   0x08001775   Thumb Code    24  stm32f10x_rcc.o(.text.RCC_APB1PeriphResetCmd)
    RCC_APB2PeriphClockCmd                   0x0800178d   Thumb Code    24  stm32f10x_rcc.o(.text.RCC_APB2PeriphClockCmd)
    RCC_DeInit                               0x080017a5   Thumb Code    66  stm32f10x_rcc.o(.text.RCC_DeInit)
    RCC_GetClocksFreq                        0x080017e9   Thumb Code   160  stm32f10x_rcc.o(.text.RCC_GetClocksFreq)
    RCC_GetFlagStatus                        0x08001889   Thumb Code    42  stm32f10x_rcc.o(.text.RCC_GetFlagStatus)
    RCC_GetSYSCLKSource                      0x080018b5   Thumb Code    16  stm32f10x_rcc.o(.text.RCC_GetSYSCLKSource)
    RCC_HCLKConfig                           0x080018c5   Thumb Code    20  stm32f10x_rcc.o(.text.RCC_HCLKConfig)
    RCC_HSEConfig                            0x080018d9   Thumb Code    50  stm32f10x_rcc.o(.text.RCC_HSEConfig)
    RCC_PCLK1Config                          0x0800190d   Thumb Code    20  stm32f10x_rcc.o(.text.RCC_PCLK1Config)
    RCC_PCLK2Config                          0x08001921   Thumb Code    22  stm32f10x_rcc.o(.text.RCC_PCLK2Config)
    RCC_PLLCmd                               0x08001939   Thumb Code    10  stm32f10x_rcc.o(.text.RCC_PLLCmd)
    RCC_PLLConfig                            0x08001945   Thumb Code    22  stm32f10x_rcc.o(.text.RCC_PLLConfig)
    RCC_SYSCLKConfig                         0x0800195d   Thumb Code    20  stm32f10x_rcc.o(.text.RCC_SYSCLKConfig)
    RCC_WaitForHSEStartUp                    0x08001971   Thumb Code    48  stm32f10x_rcc.o(.text.RCC_WaitForHSEStartUp)
    SD_ReadBlock                             0x080019a1   Thumb Code   134  ip_sd_spi.o(.text.SD_ReadBlock)
    SD_SPI_Init                              0x08001a29   Thumb Code   388  ip_sd_spi.o(.text.SD_SPI_Init)
    SD_WAV_Finalize                          0x08001c09   Thumb Code   144  mid_sd_fatfs.o(.text.SD_WAV_Finalize)
    SD_WAV_Init                              0x08001c99   Thumb Code   212  mid_sd_fatfs.o(.text.SD_WAV_Init)
    SD_WAV_WriteBlock                        0x08001d6d   Thumb Code    74  mid_sd_fatfs.o(.text.SD_WAV_WriteBlock)
    SD_WriteBlock                            0x08001dd9   Thumb Code   148  ip_sd_spi.o(.text.SD_WriteBlock)
    SPI_Cmd                                  0x08001ef9   Thumb Code    18  stm32f10x_spi.o(.text.SPI_Cmd)
    SPI_Init                                 0x08001f0d   Thumb Code    70  stm32f10x_spi.o(.text.SPI_Init)
    SystemCoreClockUpdate                    0x0800208d   Thumb Code   110  system_stm32f10x.o(.text.SystemCoreClockUpdate)
    SystemInit                               0x080020fd   Thumb Code    86  system_stm32f10x.o(.text.SystemInit)
    TIM_Cmd                                  0x08002155   Thumb Code    18  stm32f10x_tim.o(.text.TIM_Cmd)
    TIM_SelectOutputTrigger                  0x08002169   Thumb Code    16  stm32f10x_tim.o(.text.TIM_SelectOutputTrigger)
    TIM_TimeBaseInit                         0x08002179   Thumb Code   170  stm32f10x_tim.o(.text.TIM_TimeBaseInit)
    USART_Cmd                                0x08002225   Thumb Code    18  stm32f10x_usart.o(.text.USART_Cmd)
    USART_Init                               0x08002239   Thumb Code   178  stm32f10x_usart.o(.text.USART_Init)
    disk_initialize                          0x080023d9   Thumb Code    32  diskio.o(.text.disk_initialize)
    disk_read                                0x08002405   Thumb Code    66  diskio.o(.text.disk_read)
    disk_write                               0x08002455   Thumb Code    66  diskio.o(.text.disk_write)
    f_close                                  0x08002499   Thumb Code    26  ff.o(.text.f_close)
    f_lseek                                  0x080024b5   Thumb Code   192  ff.o(.text.f_lseek)
    f_mount                                  0x08002575   Thumb Code   244  ff.o(.text.f_mount)
    f_open                                   0x08002669   Thumb Code   534  ff.o(.text.f_open)
    f_read                                   0x08002881   Thumb Code   164  ff.o(.text.f_read)
    f_sync                                   0x08002925   Thumb Code    18  ff.o(.text.f_sync)
    f_write                                  0x08002939   Thumb Code   454  ff.o(.text.f_write)
    main                                     0x08002cb1   Thumb Code   732  app_main.o(.text.main)
    AHBPrescTable                            0x08003174   Data          16  system_stm32f10x.o(.rodata.AHBPrescTable)
    Font5x7                                  0x08003194   Data         475  ip_oled_font.o(.rodata.Font5x7)
    fir_coeffs_lp1k                          0x08003370   Data          62  mid_audio_filters.o(.rodata.fir_coeffs_lp1k)
    Region$$Table$$Base                      0x08003460   Number         0  anon$$obj.o(Region$$Table)
    Region$$Table$$Limit                     0x08003480   Number         0  anon$$obj.o(Region$$Table)
    SystemCoreClock                          0x20000000   Data           4  system_stm32f10x.o(.data.SystemCoreClock)
    __libspace_start                         0x20000008   Data          96  libspace.o(.bss)
    OLED_Buffer                              0x20000068   Data        1024  mid_oled_ssd1306.o(.bss.OLED_Buffer)
    __temporary_stack_top$libspace           0x20000068   Data           0  libspace.o(.bss)
    audio_block_count                        0x20000468   Data           4  ip_audio_capture.o(.bss.audio_block_count)
    audio_buffer                             0x2000046c   Data        2048  ip_audio_capture.o(.bss.audio_buffer)
    audio_full_cplt                          0x20000c6c   Data           1  ip_audio_capture.o(.bss.audio_full_cplt)
    audio_half_cplt                          0x20000c6d   Data           1  ip_audio_capture.o(.bss.audio_half_cplt)
    audio_state                              0x20000c6e   Data           1  ip_audio_capture.o(.bss.audio_state)



==============================================================================

Memory Map of the image

  Image Entry point : 0x080000ed

  Load Region LR_IROM1 (Base: 0x08000000, Size: 0x00003488, Max: 0x00010000, ABSOLUTE)

    Execution Region ER_IROM1 (Exec base: 0x08000000, Load base: 0x08000000, Size: 0x00003480, Max: 0x00010000, ABSOLUTE)

    Exec Addr    Load Addr    Size         Type   Attr      Idx    E Section Name        Object

    0x08000000   0x08000000   0x000000ec   Data   RO         1431    RESET               startup_stm32f10x_md.o
    0x080000ec   0x080000ec   0x00000008   Code   RO         1470  * !!!main             c_w.l(__main.o)
    0x080000f4   0x080000f4   0x00000034   Code   RO         1635    !!!scatter          c_w.l(__scatter.o)
    0x08000128   0x08000128   0x0000001a   Code   RO         1637    !!handler_copy      c_w.l(__scatter_copy.o)
    0x08000142   0x08000142   0x00000002   PAD
    0x08000144   0x08000144   0x0000001c   Code   RO         1639    !!handler_zi        c_w.l(__scatter_zi.o)
    0x08000160   0x08000160   0x00000002   Code   RO         1499    .ARM.Collect$$libinit$$00000000  c_w.l(libinit.o)
    0x08000162   0x08000162   0x00000000   Code   RO         1506    .ARM.Collect$$libinit$$00000002  c_w.l(libinit2.o)
    0x08000162   0x08000162   0x00000000   Code   RO         1508    .ARM.Collect$$libinit$$00000004  c_w.l(libinit2.o)
    0x08000162   0x08000162   0x00000000   Code   RO         1511    .ARM.Collect$$libinit$$0000000A  c_w.l(libinit2.o)
    0x08000162   0x08000162   0x00000000   Code   RO         1513    .ARM.Collect$$libinit$$0000000C  c_w.l(libinit2.o)
    0x08000162   0x08000162   0x00000000   Code   RO         1515    .ARM.Collect$$libinit$$0000000E  c_w.l(libinit2.o)
    0x08000162   0x08000162   0x00000000   Code   RO         1518    .ARM.Collect$$libinit$$00000011  c_w.l(libinit2.o)
    0x08000162   0x08000162   0x00000000   Code   RO         1520    .ARM.Collect$$libinit$$00000013  c_w.l(libinit2.o)
    0x08000162   0x08000162   0x00000000   Code   RO         1522    .ARM.Collect$$libinit$$00000015  c_w.l(libinit2.o)
    0x08000162   0x08000162   0x00000000   Code   RO         1524    .ARM.Collect$$libinit$$00000017  c_w.l(libinit2.o)
    0x08000162   0x08000162   0x00000000   Code   RO         1526    .ARM.Collect$$libinit$$00000019  c_w.l(libinit2.o)
    0x08000162   0x08000162   0x00000000   Code   RO         1528    .ARM.Collect$$libinit$$0000001B  c_w.l(libinit2.o)
    0x08000162   0x08000162   0x00000000   Code   RO         1530    .ARM.Collect$$libinit$$0000001D  c_w.l(libinit2.o)
    0x08000162   0x08000162   0x00000000   Code   RO         1532    .ARM.Collect$$libinit$$0000001F  c_w.l(libinit2.o)
    0x08000162   0x08000162   0x00000000   Code   RO         1534    .ARM.Collect$$libinit$$00000021  c_w.l(libinit2.o)
    0x08000162   0x08000162   0x00000000   Code   RO         1536    .ARM.Collect$$libinit$$00000023  c_w.l(libinit2.o)
    0x08000162   0x08000162   0x00000000   Code   RO         1538    .ARM.Collect$$libinit$$00000025  c_w.l(libinit2.o)
    0x08000162   0x08000162   0x00000000   Code   RO         1542    .ARM.Collect$$libinit$$0000002C  c_w.l(libinit2.o)
    0x08000162   0x08000162   0x00000000   Code   RO         1544    .ARM.Collect$$libinit$$0000002E  c_w.l(libinit2.o)
    0x08000162   0x08000162   0x00000000   Code   RO         1546    .ARM.Collect$$libinit$$00000030  c_w.l(libinit2.o)
    0x08000162   0x08000162   0x00000000   Code   RO         1548    .ARM.Collect$$libinit$$00000032  c_w.l(libinit2.o)
    0x08000162   0x08000162   0x00000002   Code   RO         1549    .ARM.Collect$$libinit$$00000033  c_w.l(libinit2.o)
    0x08000164   0x08000164   0x00000002   Code   RO         1571    .ARM.Collect$$libshutdown$$00000000  c_w.l(libshutdown.o)
    0x08000166   0x08000166   0x00000000   Code   RO         1586    .ARM.Collect$$libshutdown$$00000002  c_w.l(libshutdown2.o)
    0x08000166   0x08000166   0x00000000   Code   RO         1588    .ARM.Collect$$libshutdown$$00000004  c_w.l(libshutdown2.o)
    0x08000166   0x08000166   0x00000000   Code   RO         1591    .ARM.Collect$$libshutdown$$00000007  c_w.l(libshutdown2.o)
    0x08000166   0x08000166   0x00000000   Code   RO         1594    .ARM.Collect$$libshutdown$$0000000A  c_w.l(libshutdown2.o)
    0x08000166   0x08000166   0x00000000   Code   RO         1596    .ARM.Collect$$libshutdown$$0000000C  c_w.l(libshutdown2.o)
    0x08000166   0x08000166   0x00000000   Code   RO         1599    .ARM.Collect$$libshutdown$$0000000F  c_w.l(libshutdown2.o)
    0x08000166   0x08000166   0x00000002   Code   RO         1600    .ARM.Collect$$libshutdown$$00000010  c_w.l(libshutdown2.o)
    0x08000168   0x08000168   0x00000000   Code   RO         1472    .ARM.Collect$$rtentry$$00000000  c_w.l(__rtentry.o)
    0x08000168   0x08000168   0x00000000   Code   RO         1476    .ARM.Collect$$rtentry$$00000002  c_w.l(__rtentry2.o)
    0x08000168   0x08000168   0x00000006   Code   RO         1488    .ARM.Collect$$rtentry$$00000004  c_w.l(__rtentry4.o)
    0x0800016e   0x0800016e   0x00000000   Code   RO         1478    .ARM.Collect$$rtentry$$00000009  c_w.l(__rtentry2.o)
    0x0800016e   0x0800016e   0x00000004   Code   RO         1479    .ARM.Collect$$rtentry$$0000000A  c_w.l(__rtentry2.o)
    0x08000172   0x08000172   0x00000000   Code   RO         1481    .ARM.Collect$$rtentry$$0000000C  c_w.l(__rtentry2.o)
    0x08000172   0x08000172   0x00000008   Code   RO         1482    .ARM.Collect$$rtentry$$0000000D  c_w.l(__rtentry2.o)
    0x0800017a   0x0800017a   0x00000002   Code   RO         1503    .ARM.Collect$$rtexit$$00000000  c_w.l(rtexit.o)
    0x0800017c   0x0800017c   0x00000000   Code   RO         1551    .ARM.Collect$$rtexit$$00000002  c_w.l(rtexit2.o)
    0x0800017c   0x0800017c   0x00000004   Code   RO         1552    .ARM.Collect$$rtexit$$00000003  c_w.l(rtexit2.o)
    0x08000180   0x08000180   0x00000006   Code   RO         1553    .ARM.Collect$$rtexit$$00000004  c_w.l(rtexit2.o)
    0x08000186   0x08000186   0x00000002   PAD
    0x08000188   0x08000188   0x00000040   Code   RO         1432    .text               startup_stm32f10x_md.o
    0x080001c8   0x080001c8   0x00000058   Code   RO         1458    .text               c_w.l(memcmp.o)
    0x08000220   0x08000220   0x0000008a   Code   RO         1460    .text               c_w.l(rt_memcpy_v6.o)
    0x080002aa   0x080002aa   0x00000044   Code   RO         1464    .text               c_w.l(rt_memclr.o)
    0x080002ee   0x080002ee   0x0000004e   Code   RO         1466    .text               c_w.l(rt_memclr_w.o)
    0x0800033c   0x0800033c   0x00000006   Code   RO         1468    .text               c_w.l(heapauxi.o)
    0x08000342   0x08000342   0x00000064   Code   RO         1473    .text               c_w.l(rt_memcpy_w.o)
    0x080003a6   0x080003a6   0x0000004a   Code   RO         1490    .text               c_w.l(sys_stackheap_outer.o)
    0x080003f0   0x080003f0   0x00000012   Code   RO         1492    .text               c_w.l(exit.o)
    0x08000402   0x08000402   0x00000002   PAD
    0x08000404   0x08000404   0x00000008   Code   RO         1500    .text               c_w.l(libspace.o)
    0x0800040c   0x0800040c   0x0000000c   Code   RO         1561    .text               c_w.l(sys_exit.o)
    0x08000418   0x08000418   0x00000002   Code   RO         1576    .text               c_w.l(use_no_semi.o)
    0x0800041a   0x0800041a   0x00000000   Code   RO         1578    .text               c_w.l(indicate_semi.o)
    0x0800041a   0x0800041a   0x00000002   PAD
    0x0800041c   0x0800041c   0x00000012   Code   RO          320    .text.ADC_Cmd       stm32f10x_adc.o
    0x0800042e   0x0800042e   0x00000002   PAD
    0x08000430   0x08000430   0x00000012   Code   RO          322    .text.ADC_DMACmd    stm32f10x_adc.o
    0x08000442   0x08000442   0x00000002   PAD
    0x08000444   0x08000444   0x00000012   Code   RO          344    .text.ADC_ExternalTrigConvCmd  stm32f10x_adc.o
    0x08000456   0x08000456   0x00000002   PAD
    0x08000458   0x08000458   0x00000008   Code   RO          332    .text.ADC_GetCalibrationStatus  stm32f10x_adc.o
    0x08000460   0x08000460   0x00000008   Code   RO          328    .text.ADC_GetResetCalibrationStatus  stm32f10x_adc.o
    0x08000468   0x08000468   0x00000054   Code   RO          316    .text.ADC_Init      stm32f10x_adc.o
    0x080004bc   0x080004bc   0x00000062   Code   RO          342    .text.ADC_RegularChannelConfig  stm32f10x_adc.o
    0x0800051e   0x0800051e   0x00000002   PAD
    0x08000520   0x08000520   0x0000000a   Code   RO          326    .text.ADC_ResetCalibration  stm32f10x_adc.o
    0x0800052a   0x0800052a   0x00000002   PAD
    0x0800052c   0x0800052c   0x0000000a   Code   RO          330    .text.ADC_StartCalibration  stm32f10x_adc.o
    0x08000536   0x08000536   0x00000002   PAD
    0x08000538   0x08000538   0x000000d4   Code   RO            8    .text.APP_ESP32_SendWAV_Raw  app_main.o
    0x0800060c   0x0800060c   0x000001a0   Code   RO           12    .text.APP_ESP32_StreamFiltered  app_main.o
    0x080007ac   0x080007ac   0x0000005c   Code   RO            6    .text.APP_ProcessAndWriteBlock  app_main.o
    0x08000808   0x08000808   0x00000038   Code   RO           14    .text.APP_UART_SendFrameHeader  app_main.o
    0x08000840   0x08000840   0x00000022   Code   RO            4    .text.APP_UpdateDisplayBuffer  app_main.o
    0x08000862   0x08000862   0x00000002   PAD
    0x08000864   0x08000864   0x000000a0   Code   RO           10    .text.APP_WaitWithCountdown  app_main.o
    0x08000904   0x08000904   0x00000086   Code   RO           36    .text.Audio_ADC_Init  ip_audio_capture.o
    0x0800098a   0x0800098a   0x00000002   PAD
    0x0800098c   0x0800098c   0x00000074   Code   RO           38    .text.Audio_DMA_Init  ip_audio_capture.o
    0x08000a00   0x08000a00   0x00000024   Code   RO           32    .text.Audio_GPIO_Init  ip_audio_capture.o
    0x08000a24   0x08000a24   0x0000003e   Code   RO           30    .text.Audio_Init    ip_audio_capture.o
    0x08000a62   0x08000a62   0x00000002   PAD
    0x08000a64   0x08000a64   0x0000007a   Code   RO           40    .text.Audio_StartRecord  ip_audio_capture.o
    0x08000ade   0x08000ade   0x00000002   PAD
    0x08000ae0   0x08000ae0   0x0000002a   Code   RO           44    .text.Audio_StopRecord  ip_audio_capture.o
    0x08000b0a   0x08000b0a   0x00000002   PAD
    0x08000b0c   0x08000b0c   0x00000036   Code   RO           34    .text.Audio_TIM_Init  ip_audio_capture.o
    0x08000b42   0x08000b42   0x00000002   PAD
    0x08000b44   0x08000b44   0x00000080   Code   RO           48    .text.DMA1_Channel1_IRQHandler  ip_audio_capture.o
    0x08000bc4   0x08000bc4   0x00000010   Code   RO          602    .text.DMA_ClearFlag  stm32f10x_dma.o
    0x08000bd4   0x08000bd4   0x00000010   Code   RO          606    .text.DMA_ClearITPendingBit  stm32f10x_dma.o
    0x08000be4   0x08000be4   0x00000016   Code   RO          592    .text.DMA_Cmd       stm32f10x_dma.o
    0x08000bfa   0x08000bfa   0x00000002   PAD
    0x08000bfc   0x08000bfc   0x0000010c   Code   RO          586    .text.DMA_DeInit    stm32f10x_dma.o
    0x08000d08   0x08000d08   0x00000016   Code   RO          604    .text.DMA_GetITStatus  stm32f10x_dma.o
    0x08000d1e   0x08000d1e   0x00000002   PAD
    0x08000d20   0x08000d20   0x00000010   Code   RO          594    .text.DMA_ITConfig  stm32f10x_dma.o
    0x08000d30   0x08000d30   0x00000048   Code   RO          588    .text.DMA_Init      stm32f10x_dma.o
    0x08000d78   0x08000d78   0x00000012   Code   RO          143    .text.FIR_Init      mid_audio_filters.o
    0x08000d8a   0x08000d8a   0x00000002   PAD
    0x08000d8c   0x08000d8c   0x0000006e   Code   RO          145    .text.FIR_Process   mid_audio_filters.o
    0x08000dfa   0x08000dfa   0x00000002   PAD
    0x08000dfc   0x08000dfc   0x00000018   Code   RO          644    .text.FLASH_PrefetchBufferCmd  stm32f10x_flash.o
    0x08000e14   0x08000e14   0x00000014   Code   RO          640    .text.FLASH_SetLatency  stm32f10x_flash.o
    0x08000e28   0x08000e28   0x000000b0   Code   RO          754    .text.GPIO_Init     stm32f10x_gpio.o
    0x08000ed8   0x08000ed8   0x0000000a   Code   RO          758    .text.GPIO_ReadInputDataBit  stm32f10x_gpio.o
    0x08000ee2   0x08000ee2   0x00000002   PAD
    0x08000ee4   0x08000ee4   0x00000004   Code   RO          768    .text.GPIO_ResetBits  stm32f10x_gpio.o
    0x08000ee8   0x08000ee8   0x00000004   Code   RO          766    .text.GPIO_SetBits  stm32f10x_gpio.o
    0x08000eec   0x08000eec   0x00000012   Code   RO          800    .text.I2C_Cmd       stm32f10x_i2c.o
    0x08000efe   0x08000efe   0x00000002   PAD
    0x08000f00   0x08000f00   0x00000012   Code   RO          806    .text.I2C_GenerateSTART  stm32f10x_i2c.o
    0x08000f12   0x08000f12   0x00000002   PAD
    0x08000f14   0x08000f14   0x00000012   Code   RO          808    .text.I2C_GenerateSTOP  stm32f10x_i2c.o
    0x08000f26   0x08000f26   0x00000002   PAD
    0x08000f28   0x08000f28   0x000000cc   Code   RO          796    .text.I2C_Init      stm32f10x_i2c.o
    0x08000ff4   0x08000ff4   0x00000078   Code   RO          166    .text.I2C_OLED_Init  mid_oled_ssd1306.o
    0x0800106c   0x0800106c   0x00000010   Code   RO          824    .text.I2C_Send7bitAddress  stm32f10x_i2c.o
    0x0800107c   0x0800107c   0x00000004   Code   RO          820    .text.I2C_SendData  stm32f10x_i2c.o
    0x08001080   0x08001080   0x00000024   Code   RO          192    .text.I2C_WaitAddr  mid_oled_ssd1306.o
    0x080010a4   0x080010a4   0x0000001e   Code   RO          196    .text.I2C_WaitBTF   mid_oled_ssd1306.o
    0x080010c2   0x080010c2   0x00000002   PAD
    0x080010c4   0x080010c4   0x0000001e   Code   RO          190    .text.I2C_WaitStart  mid_oled_ssd1306.o
    0x080010e2   0x080010e2   0x00000002   PAD
    0x080010e4   0x080010e4   0x0000001e   Code   RO          194    .text.I2C_WaitTXE   mid_oled_ssd1306.o
    0x08001102   0x08001102   0x00000002   PAD
    0x08001104   0x08001104   0x00000008   Code   RO          149    .text.IIR_Init      mid_audio_filters.o
    0x0800110c   0x0800110c   0x00000062   Code   RO          151    .text.IIR_Process   mid_audio_filters.o
    0x0800116e   0x0800116e   0x00000002   PAD
    0x08001170   0x08001170   0x00000026   Code   RO           63    .text.IP_BTN_Init   ip_gpio_btn.o
    0x08001196   0x08001196   0x00000002   PAD
    0x08001198   0x08001198   0x0000002c   Code   RO           65    .text.IP_BTN_IsPressed  ip_gpio_btn.o
    0x080011c4   0x080011c4   0x0000003c   Code   RO           67    .text.IP_BTN_WaitPressRelease  ip_gpio_btn.o
    0x08001200   0x08001200   0x00000026   Code   RO          115    .text.IP_Delay_ms   ip_sysclk.o
    0x08001226   0x08001226   0x00000002   PAD
    0x08001228   0x08001228   0x0000006a   Code   RO          113    .text.IP_SystemClock_Config  ip_sysclk.o
    0x08001292   0x08001292   0x00000002   PAD
    0x08001294   0x08001294   0x0000006a   Code   RO          127    .text.IP_USART1_Init  ip_usart1.o
    0x080012fe   0x080012fe   0x00000002   PAD
    0x08001300   0x08001300   0x0000001a   Code   RO          131    .text.IP_USART1_SendBuf  ip_usart1.o
    0x0800131a   0x0800131a   0x00000002   PAD
    0x0800131c   0x0800131c   0x00000012   Code   RO          129    .text.IP_USART1_SendByte  ip_usart1.o
    0x0800132e   0x0800132e   0x00000002   PAD
    0x08001330   0x08001330   0x00000010   Code   RO          133    .text.IP_USART1_WaitTC  ip_usart1.o
    0x08001340   0x08001340   0x00000010   Code   RO           42    .text.NVIC_ClearPendingIRQ  ip_audio_capture.o
    0x08001350   0x08001350   0x0000005e   Code   RO          298    .text.NVIC_Init     misc.o
    0x080013ae   0x080013ae   0x00000002   PAD
    0x080013b0   0x080013b0   0x00000014   Code   RO          296    .text.NVIC_PriorityGroupConfig  misc.o
    0x080013c4   0x080013c4   0x00000014   Code   RO          170    .text.OLED_Clear    mid_oled_ssd1306.o
    0x080013d8   0x080013d8   0x00000060   Code   RO          184    .text.OLED_DrawChar  mid_oled_ssd1306.o
    0x08001438   0x08001438   0x0000003a   Code   RO          178    .text.OLED_DrawPixel  mid_oled_ssd1306.o
    0x08001472   0x08001472   0x00000002   PAD
    0x08001474   0x08001474   0x00000034   Code   RO          186    .text.OLED_DrawString  mid_oled_ssd1306.o
    0x080014a8   0x080014a8   0x000000e6   Code   RO          182    .text.OLED_DrawWaveform  mid_oled_ssd1306.o
    0x0800158e   0x0800158e   0x00000002   PAD
    0x08001590   0x08001590   0x000000b8   Code   RO          164    .text.OLED_Init     mid_oled_ssd1306.o
    0x08001648   0x08001648   0x0000004c   Code   RO          168    .text.OLED_SendCommand  mid_oled_ssd1306.o
    0x08001694   0x08001694   0x0000005a   Code   RO          180    .text.OLED_SendDataBurst  mid_oled_ssd1306.o
    0x080016ee   0x080016ee   0x00000002   PAD
    0x080016f0   0x080016f0   0x00000040   Code   RO          172    .text.OLED_UpdateScreen  mid_oled_ssd1306.o
    0x08001730   0x08001730   0x00000014   Code   RO          948    .text.RCC_ADCCLKConfig  stm32f10x_rcc.o
    0x08001744   0x08001744   0x00000018   Code   RO          960    .text.RCC_AHBPeriphClockCmd  stm32f10x_rcc.o
    0x0800175c   0x0800175c   0x00000018   Code   RO          964    .text.RCC_APB1PeriphClockCmd  stm32f10x_rcc.o
    0x08001774   0x08001774   0x00000018   Code   RO          968    .text.RCC_APB1PeriphResetCmd  stm32f10x_rcc.o
    0x0800178c   0x0800178c   0x00000018   Code   RO          962    .text.RCC_APB2PeriphClockCmd  stm32f10x_rcc.o
    0x080017a4   0x080017a4   0x00000042   Code   RO          918    .text.RCC_DeInit    stm32f10x_rcc.o
    0x080017e6   0x080017e6   0x00000002   PAD
    0x080017e8   0x080017e8   0x000000a0   Code   RO          958    .text.RCC_GetClocksFreq  stm32f10x_rcc.o
    0x08001888   0x08001888   0x0000002a   Code   RO          924    .text.RCC_GetFlagStatus  stm32f10x_rcc.o
    0x080018b2   0x080018b2   0x00000002   PAD
    0x080018b4   0x080018b4   0x00000010   Code   RO          936    .text.RCC_GetSYSCLKSource  stm32f10x_rcc.o
    0x080018c4   0x080018c4   0x00000014   Code   RO          938    .text.RCC_HCLKConfig  stm32f10x_rcc.o
    0x080018d8   0x080018d8   0x00000032   Code   RO          920    .text.RCC_HSEConfig  stm32f10x_rcc.o
    0x0800190a   0x0800190a   0x00000002   PAD
    0x0800190c   0x0800190c   0x00000014   Code   RO          940    .text.RCC_PCLK1Config  stm32f10x_rcc.o
    0x08001920   0x08001920   0x00000016   Code   RO          942    .text.RCC_PCLK2Config  stm32f10x_rcc.o
    0x08001936   0x08001936   0x00000002   PAD
    0x08001938   0x08001938   0x0000000a   Code   RO          932    .text.RCC_PLLCmd    stm32f10x_rcc.o
    0x08001942   0x08001942   0x00000002   PAD
    0x08001944   0x08001944   0x00000016   Code   RO          930    .text.RCC_PLLConfig  stm32f10x_rcc.o
    0x0800195a   0x0800195a   0x00000002   PAD
    0x0800195c   0x0800195c   0x00000014   Code   RO          934    .text.RCC_SYSCLKConfig  stm32f10x_rcc.o
    0x08001970   0x08001970   0x00000030   Code   RO          922    .text.RCC_WaitForHSEStartUp  stm32f10x_rcc.o
    0x080019a0   0x080019a0   0x00000086   Code   RO           96    .text.SD_ReadBlock  ip_sd_spi.o
    0x08001a26   0x08001a26   0x00000002   PAD
    0x08001a28   0x08001a28   0x00000184   Code   RO           84    .text.SD_SPI_Init   ip_sd_spi.o
    0x08001bac   0x08001bac   0x0000005a   Code   RO           90    .text.SD_SendCmd    ip_sd_spi.o
    0x08001c06   0x08001c06   0x00000002   PAD
    0x08001c08   0x08001c08   0x00000090   Code   RO          213    .text.SD_WAV_Finalize  mid_sd_fatfs.o
    0x08001c98   0x08001c98   0x000000d4   Code   RO          207    .text.SD_WAV_Init   mid_sd_fatfs.o
    0x08001d6c   0x08001d6c   0x0000004a   Code   RO          211    .text.SD_WAV_WriteBlock  mid_sd_fatfs.o
    0x08001db6   0x08001db6   0x00000002   PAD
    0x08001db8   0x08001db8   0x00000020   Code   RO          102    .text.SD_WaitReady  ip_sd_spi.o
    0x08001dd8   0x08001dd8   0x00000094   Code   RO           98    .text.SD_WriteBlock  ip_sd_spi.o
    0x08001e6c   0x08001e6c   0x0000008a   Code   RO           86    .text.SPI1_Init_SD  ip_sd_spi.o
    0x08001ef6   0x08001ef6   0x00000002   PAD
    0x08001ef8   0x08001ef8   0x00000012   Code   RO         1106    .text.SPI_Cmd       stm32f10x_spi.o
    0x08001f0a   0x08001f0a   0x00000002   PAD
    0x08001f0c   0x08001f0c   0x00000046   Code   RO         1098    .text.SPI_Init      stm32f10x_spi.o
    0x08001f52   0x08001f52   0x00000002   PAD
    0x08001f54   0x08001f54   0x0000000a   Code   RO           88    .text.SPI_ReadByte  ip_sd_spi.o
    0x08001f5e   0x08001f5e   0x00000002   PAD
    0x08001f60   0x08001f60   0x0000001e   Code   RO           92    .text.SPI_SetSpeed  ip_sd_spi.o
    0x08001f7e   0x08001f7e   0x00000002   PAD
    0x08001f80   0x08001f80   0x00000042   Code   RO          100    .text.SPI_Xchg      ip_sd_spi.o
    0x08001fc2   0x08001fc2   0x00000002   PAD
    0x08001fc4   0x08001fc4   0x00000008   Code   RO         1441    .text.SetSysClock   system_stm32f10x.o
    0x08001fcc   0x08001fcc   0x000000be   Code   RO         1445    .text.SetSysClockTo72  system_stm32f10x.o
    0x0800208a   0x0800208a   0x00000002   PAD
    0x0800208c   0x0800208c   0x0000006e   Code   RO         1443    .text.SystemCoreClockUpdate  system_stm32f10x.o
    0x080020fa   0x080020fa   0x00000002   PAD
    0x080020fc   0x080020fc   0x00000056   Code   RO         1439    .text.SystemInit    system_stm32f10x.o
    0x08002152   0x08002152   0x00000002   PAD
    0x08002154   0x08002154   0x00000012   Code   RO         1192    .text.TIM_Cmd       stm32f10x_tim.o
    0x08002166   0x08002166   0x00000002   PAD
    0x08002168   0x08002168   0x00000010   Code   RO         1292    .text.TIM_SelectOutputTrigger  stm32f10x_tim.o
    0x08002178   0x08002178   0x000000aa   Code   RO         1152    .text.TIM_TimeBaseInit  stm32f10x_tim.o
    0x08002222   0x08002222   0x00000002   PAD
    0x08002224   0x08002224   0x00000012   Code   RO         1350    .text.USART_Cmd     stm32f10x_usart.o
    0x08002236   0x08002236   0x00000002   PAD
    0x08002238   0x08002238   0x000000b2   Code   RO         1342    .text.USART_Init    stm32f10x_usart.o
    0x080022ea   0x080022ea   0x00000002   PAD
    0x080022ec   0x080022ec   0x00000004   Code   RO           69    .text.__NOP         ip_gpio_btn.o
    0x080022f0   0x080022f0   0x00000004   Code   RO          117    .text.__NOP         ip_sysclk.o
    0x080022f4   0x080022f4   0x00000004   Code   RO          188    .text.__NOP         mid_oled_ssd1306.o
    0x080022f8   0x080022f8   0x00000050   Code   RO          209    .text.build_wav_header  mid_sd_fatfs.o
    0x08002348   0x08002348   0x00000018   Code   RO          238    .text.clst2sect     ff.o
    0x08002360   0x08002360   0x00000076   Code   RO          252    .text.create_chain  ff.o
    0x080023d6   0x080023d6   0x00000002   PAD
    0x080023d8   0x080023d8   0x00000020   Code   RO          277    .text.disk_initialize  diskio.o
    0x080023f8   0x080023f8   0x0000000c   Code   RO          232    .text.disk_rd       ff.o
    0x08002404   0x08002404   0x00000042   Code   RO          279    .text.disk_read     diskio.o
    0x08002446   0x08002446   0x00000002   PAD
    0x08002448   0x08002448   0x0000000c   Code   RO          254    .text.disk_wr       ff.o
    0x08002454   0x08002454   0x00000042   Code   RO          281    .text.disk_write    diskio.o
    0x08002496   0x08002496   0x00000002   PAD
    0x08002498   0x08002498   0x0000001a   Code   RO          262    .text.f_close       ff.o
    0x080024b2   0x080024b2   0x00000002   PAD
    0x080024b4   0x080024b4   0x000000c0   Code   RO          256    .text.f_lseek       ff.o
    0x08002574   0x08002574   0x000000f4   Code   RO          230    .text.f_mount       ff.o
    0x08002668   0x08002668   0x00000216   Code   RO          234    .text.f_open        ff.o
    0x0800287e   0x0800287e   0x00000002   PAD
    0x08002880   0x08002880   0x000000a4   Code   RO          264    .text.f_read        ff.o
    0x08002924   0x08002924   0x00000012   Code   RO          258    .text.f_sync        ff.o
    0x08002936   0x08002936   0x00000002   PAD
    0x08002938   0x08002938   0x000001c6   Code   RO          250    .text.f_write       ff.o
    0x08002afe   0x08002afe   0x00000002   PAD
    0x08002b00   0x08002b00   0x00000042   Code   RO          242    .text.get_fat       ff.o
    0x08002b42   0x08002b42   0x00000002   PAD
    0x08002b44   0x08002b44   0x0000016a   Code   RO          244    .text.locate_or_create_direntry  ff.o
    0x08002cae   0x08002cae   0x00000002   PAD
    0x08002cb0   0x08002cb0   0x000002dc   Code   RO            2    .text.main          app_main.o
    0x08002f8c   0x08002f8c   0x0000008a   Code   RO          236    .text.make_sfn      ff.o
    0x08003016   0x08003016   0x00000002   PAD
    0x08003018   0x08003018   0x0000003c   Code   RO          240    .text.move_window   ff.o
    0x08003054   0x08003054   0x00000060   Code   RO          246    .text.put_fat       ff.o
    0x080030b4   0x080030b4   0x00000096   Code   RO          260    .text.sync_fs       ff.o
    0x0800314a   0x0800314a   0x00000002   PAD
    0x0800314c   0x0800314c   0x00000024   Code   RO          248    .text.sync_window   ff.o
    0x08003170   0x08003170   0x00000004   Data   RO          983    .rodata.ADCPrescTable  stm32f10x_rcc.o
    0x08003174   0x08003174   0x00000010   Data   RO         1448    .rodata.AHBPrescTable  system_stm32f10x.o
    0x08003184   0x08003184   0x00000010   Data   RO          982    .rodata.APBAHBPrescTable  stm32f10x_rcc.o
    0x08003194   0x08003194   0x000001db   Data   RO           78    .rodata.Font5x7     ip_oled_font.o
    0x0800336f   0x0800336f   0x00000001   PAD
    0x08003370   0x08003370   0x0000003e   Data   RO          155    .rodata.fir_coeffs_lp1k  mid_audio_filters.o
    0x080033ae   0x080033ae   0x000000b0   Data   RO           17    .rodata.str1.1      app_main.o
    0x0800345e   0x0800345e   0x00000002   PAD
    0x08003460   0x08003460   0x00000020   Data   RO         1634    Region$$Table       anon$$obj.o


    Execution Region RW_IRAM1 (Exec base: 0x20000000, Load base: 0x08003480, Size: 0x00001dd0, Max: 0x00005000, ABSOLUTE)

    Exec Addr    Load Addr    Size         Type   Attr      Idx    E Section Name        Object

    0x20000000   0x08003480   0x00000004   Data   RW         1447    .data.SystemCoreClock  system_stm32f10x.o
    0x20000004   0x08003484   0x00000001   Data   RW          287    .data.drive_status  diskio.o
    0x20000005   0x08003485   0x00000003   PAD
    0x20000008        -       0x00000060   Zero   RW         1501    .bss                c_w.l(libspace.o)
    0x20000068        -       0x00000400   Zero   RW          198    .bss.OLED_Buffer    mid_oled_ssd1306.o
    0x20000468        -       0x00000004   Zero   RW           53    .bss.audio_block_count  ip_audio_capture.o
    0x2000046c        -       0x00000800   Zero   RW           54    .bss.audio_buffer   ip_audio_capture.o
    0x20000c6c        -       0x00000001   Zero   RW           52    .bss.audio_full_cplt  ip_audio_capture.o
    0x20000c6d        -       0x00000001   Zero   RW           51    .bss.audio_half_cplt  ip_audio_capture.o
    0x20000c6e        -       0x00000001   Zero   RW           50    .bss.audio_state    ip_audio_capture.o
    0x20000c6f   0x08003485   0x00000001   PAD
    0x20000c70        -       0x00000100   Zero   RW           18    .bss.display_buf    app_main.o
    0x20000d70        -       0x00000004   Zero   RW          217    .bss.g_data_bytes   mid_sd_fatfs.o
    0x20000d74        -       0x00000228   Zero   RW          219    .bss.g_fatfs        mid_sd_fatfs.o
    0x20000f9c        -       0x00000228   Zero   RW          221    .bss.g_file         mid_sd_fatfs.o
    0x200011c4        -       0x00000004   Zero   RW          266    .bss.g_fs           ff.o
    0x200011c8        -       0x00000001   Zero   RW          218    .bss.g_is_open      mid_sd_fatfs.o
    0x200011c9   0x08003485   0x00000001   PAD
    0x200011ca        -       0x00000400   Zero   RW           19    .bss.pcm_block      app_main.o
    0x200015ca        -       0x00000001   Zero   RW          104    .bss.sd_card_type   ip_sd_spi.o
    0x200015cb   0x08003485   0x00000001   PAD
    0x200015cc        -       0x00000004   Zero   RW           16    .bss.total_samples  app_main.o
    0x200015d0        -       0x00000200   Zero   RW           20    .bss.uart_chunk     app_main.o
    0x200017d0        -       0x00000200   Zero   RW         1430    HEAP                startup_stm32f10x_md.o
    0x200019d0        -       0x00000400   Zero   RW         1429    STACK               startup_stm32f10x_md.o


==============================================================================

Image component sizes


      Code (inc. data)   RO Data    RW Data    ZI Data      Debug   Object Name

      1702        248        176          0       1796       5502   app_main.o
       164          0          0          1          0       2376   diskio.o
      2706          0          0          0          4      11262   ff.o
       710          0          0          0       2055       7594   ip_audio_capture.o
       146          0          0          0          0       1914   ip_gpio_btn.o
         0          0        475          0          0        457   ip_oled_font.o
      1036          0          0          0          1       5062   ip_sd_spi.o
       148          0          0          0          0       1121   ip_sysclk.o
       166          0          0          0          0       2670   ip_usart1.o
       234          0         62          0          0       2762   mid_audio_filters.o
      1120          0          0          0       1024       6461   mid_oled_ssd1306.o
       510         28          0          0       1109       3727   mid_sd_fatfs.o
       114          0          0          0          0       3177   misc.o
        64         26        236          0       1536        808   startup_stm32f10x_md.o
       272          0          0          0          0       9016   stm32f10x_adc.o
       432          0          0          0          0       3671   stm32f10x_dma.o
        44          0          0          0          0       7858   stm32f10x_flash.o
       194          0          0          0          0       5679   stm32f10x_gpio.o
       278          0          0          0          0       8227   stm32f10x_i2c.o
       612          0         20          0          0       7495   stm32f10x_rcc.o
        88          0          0          0          0       6835   stm32f10x_spi.o
       204          0          0          0          0      23915   stm32f10x_tim.o
       196          0          0          0          0       7763   stm32f10x_usart.o
       394          0         16          4          0       2669   system_stm32f10x.o

    ----------------------------------------------------------------------
     11668        302       1020          8       7528     138021   Object Totals
         0          0         32          0          0          0   (incl. Generated)
       134          0          3          3          3          0   (incl. Padding)

    ----------------------------------------------------------------------

      Code (inc. data)   RO Data    RW Data    ZI Data      Debug   Library Member Name

         8          0          0          0          0         68   __main.o
         0          0          0          0          0          0   __rtentry.o
        12          0          0          0          0          0   __rtentry2.o
         6          0          0          0          0          0   __rtentry4.o
        52          8          0          0          0          0   __scatter.o
        26          0          0          0          0          0   __scatter_copy.o
        28          0          0          0          0          0   __scatter_zi.o
        18          0          0          0          0         80   exit.o
         6          0          0          0          0        152   heapauxi.o
         0          0          0          0          0          0   indicate_semi.o
         2          0          0          0          0          0   libinit.o
         2          0          0          0          0          0   libinit2.o
         2          0          0          0          0          0   libshutdown.o
         2          0          0          0          0          0   libshutdown2.o
         8          4          0          0         96         68   libspace.o
        88          0          0          0          0         76   memcmp.o
        68          0          0          0          0         68   rt_memclr.o
        78          0          0          0          0         80   rt_memclr_w.o
       138          0          0          0          0         68   rt_memcpy_v6.o
       100          0          0          0          0         80   rt_memcpy_w.o
         2          0          0          0          0          0   rtexit.o
        10          0          0          0          0          0   rtexit2.o
        12          4          0          0          0         68   sys_exit.o
        74          0          0          0          0         80   sys_stackheap_outer.o
         2          0          0          0          0         68   use_no_semi.o

    ----------------------------------------------------------------------
       752         16          0          0         96        956   Library Totals
         8          0          0          0          0          0   (incl. Padding)

    ----------------------------------------------------------------------

      Code (inc. data)   RO Data    RW Data    ZI Data      Debug   Library Name

       744         16          0          0         96        956   c_w.l

    ----------------------------------------------------------------------
       752         16          0          0         96        956   Library Totals

    ----------------------------------------------------------------------

==============================================================================


      Code (inc. data)   RO Data    RW Data    ZI Data      Debug   

     12420        318       1020          8       7624     138273   Grand Totals
     12420        318       1020          8       7624     138273   ELF Image Totals
     12420        318       1020          8          0          0   ROM Totals

==============================================================================

    Total RO  Size (Code + RO Data)                13440 (  13.13kB)
    Total RW  Size (RW Data + ZI Data)              7632 (   7.45kB)
    Total ROM Size (Code + RO Data + RW Data)      13448 (  13.13kB)

==============================================================================

